node.exe : [33mThe CJS build of Vite's Node API is deprecated. See 
https://vite.dev/guide/troubleshooting.html#vite-cjs-node-api-deprecated 
for more details.[39m
At line:1 char:1
+ & "C:\Program Files\nodejs/node.exe" "C:\Users\Ezequiel\AppData\Roami ...
+ ~~~~~~~~~~~~~~~~~~~~~~~~~~~~~~~~~~~~~~~~~~~~~~~~~~~~~~~~~~~~~~~~~~~~~
    + CategoryInfo          : NotSpecified: ([33mThe CJS bu...e details. 
   [39m:String) [], RemoteException
    + FullyQualifiedErrorId : NativeCommandError
 

[1m[7m[36m RUN [39m[27m[22m [36mv2.1.9 [39m[90mC:/Users/Ezequiel/Desktop/Code/sunsteel/sunnsteel-frontend[39m

 [31mÔØ»[39m __tests__/components/workout/session-confirmation-dialog.test.tsx [2m([22m[2m22 tests[22m[2m | [22m[31m16 failed[39m[2m)[22m[33m 1694[2mms[22m[39m
[31m   [31m├ù[31m SessionConfirmationDialog[2m > [22mshould render when open[33m 403[2mms[22m[31m[39m
[31m     ÔåÆ Found multiple elements with the text: Finish Session

Here are the matching elements:

Ignored nodes: comments, script, style
[36m<h2[31m
  [33mclass[31m=[32m"text-lg font-semibold flex items-center gap-2"[31m
  [33mdata-slot[31m=[32m"alert-dialog-title"[31m
  [33mid[31m=[32m"radix-:r1:"[31m
[36m>[31m
  [36m<svg[31m
    [33mclass[31m=[32m"lucide lucide-triangle-alert h-5 w-5 text-amber-600"[31m
    [33mfill[31m=[32m"none"[31m
    [33mheight[31m=[32m"24"[31m
    [33mstroke[31m=[32m"currentColor"[31m
    [33mstroke-linecap[31m=[32m"round"[31m
    [33mstroke-linejoin[31m=[32m"round"[31m
    [33mstroke-width[31m=[32m"2"[31m
    [33mviewBox[31m=[32m"0 0 24 24"[31m
    [33mwidth[31m=[32m"24"[31m
    [33mxmlns[31m=[32m"http://www.w3.org/2000/svg"[31m
  [36m>[31m
    [36m<path[31m
      [33md[31m=[32m"m21.73 18-8-14a2 2 0 0 0-3.48 0l-8 14A2 2 0 0 0 4 21h16a2 2 0 0 0 1.73-3"[31m
    [36m/>[31m
    [36m<path[31m
      [33md[31m=[32m"M12 9v4"[31m
    [36m/>[31m
    [36m<path[31m
      [33md[31m=[32m"M12 17h.01"[31m
    [36m/>[31m
  [36m</svg>[31m
  [0mFinish Session[0m
[36m</h2>[31m

Ignored nodes: comments, script, style
[36m<button[31m
  [33mclass[31m=[32m"inline-flex items-center justify-center gap-2 whitespace-nowrap rounded-md text-sm font-medium transition-all disabled:pointer-events-none disabled:opacity-50 [&_svg]:pointer-events-none [&_svg:not([class*='size-'])]:size-4 shrink-0 [&_svg]:shrink-0 outline-none focus-visible:border-ring focus-visible:ring-ring/50 focus-visible:ring-[3px] aria-invalid:ring-destructive/20 dark:aria-invalid:ring-destructive/40 aria-invalid:border-destructive active:translate-y-[1px] text-primary-foreground shadow-xs h-9 px-4 py-2 has-[>svg]:px-3 bg-amber-600 hover:bg-amber-700 dark:bg-amber-700 dark:hover:bg-amber-800"[31m
  [33mtype[31m=[32m"button"[31m
[36m>[31m
  [0mFinish Session[0m
[36m</button>[31m

(If this is intentional, then use the `*AllBy*` variant of the query (like `queryAllByText`, `getAllByText`, or `findAllByText`)).

Ignored nodes: comments, script, style
[36m<body[31m
  [33mdata-scroll-locked[31m=[32m"1"[31m
  [33mstyle[31m=[32m"pointer-events: none;"[31m
[36m>[31m
  [36m<span[31m
    [33maria-hidden[31m=[32m"true"[31m
    [33mdata-aria-hidden[31m=[32m"true"[31m
    [33mdata-radix-focus-guard[31m=[32m""[31m
    [33mstyle[31m=[32m"outline: none; opacity: 0; position: fixed; pointer-events: none;"[31m
    [33mtabindex[31m=[32m"0"[31m
  [36m/>[31m
  [36m<div[31m
    [33maria-hidden[31m=[32m"true"[31m
    [33mdata-aria-hidden[31m=[32m"true"[31m
  [36m/>[31m
  [36m<div[31m
    [33maria-hidden[31m=[32m"true"[31m
    [33mclass[31m=[32m"data-[state=open]:animate-in data-[state=closed]:animate-out data-[state=closed]:fade-out-0 data-[state=open]:fade-in-0 fixed inset-0 z-50 bg-black/50"[31m
    [33mdata-aria-hidden[31m=[32m"true"[31m
    [33mdata-slot[31m=[32m"alert-dialog-overlay"[31m
    [33mdata-state[31m=[32m"open"[31m
    [33mstyle[31m=[32m"pointer-events: auto;"[31m
  [36m/>[31m
  [36m<div[31m
    [33maria-describedby[31m=[32m"radix-:r2:"[31m
    [33maria-labelledby[31m=[32m"radix-:r1:"[31m
    [33mclass[31m=[32m"bg-background data-[state=open]:animate-in data-[state=closed]:animate-out data-[state=closed]:fade-out-0 data-[state=open]:fade-in-0 data-[state=closed]:zoom-out-95 data-[state=open]:zoom-in-95 fixed top-[50%] left-[50%] z-50 grid w-full translate-x-[-50%] translate-y-[-50%] gap-4 rounded-lg border p-6 shadow-lg duration-200 sm:max-w-lg max-w-md"[31m
    [33mdata-slot[31m=[32m"alert-dialog-content"[31m
    [33mdata-state[31m=[32m"open"[31m
    [33mid[31m=[32m"radix-:r0:"[31m
    [33mrole[31m=[32m"alertdialog"[31m
    [33mstyle[31m=[32m"pointer-events: auto;"[31m
    [33mtabindex[31m=[32m"-1"[31m
  [36m>[31m
    [36m<div[31m
      [33mclass[31m=[32m"flex flex-col gap-2 text-center sm:text-left"[31m
      [33mdata-slot[31m=[32m"alert-dialog-header"[31m
    [36m>[31m
      [36m<h2[31m
        [33mclass[31m=[32m"text-lg font-semibold flex items-center gap-2"[31m
        [33mdata-slot[31m=[32m"alert-dialog-title"[31m
        [33mid[31m=[32m"radix-:r1:"[31m
      [36m>[31m
        [36m<svg[31m
          [33mclass[31m=[32m"lucide lucide-triangle-alert h-5 w-5 text-amber-600"[31m
          [33mfill[31m=[32m"none"[31m
          [33mheight[31m=[32m"24"[31m
          [33mstroke[31m=[32m"currentColor"[31m
          [33mstroke-linecap[31m=[32m"round"[31m
          [33mstroke-linejoin[31m=[32m"round"[31m
          [33mstroke-width[31m=[32m"2"[31m
          [33mviewBox[31m=[32m"0 0 24 24"[31m
          [33mwidth[31m=[32m"24"[31m
          [33mxmlns[31m=[32m"http://www.w3.org/2000/svg"[31m
        [36m>[31m
          [36m<path[31m
            [33md[31m=[32m"m21.73 18-8-14a2 2 0 0 0-3.48 0l-8 14A2 2 0 0 0 4 21h16a2 2 0 0 0 1.73-3"[31m
          [36m/>[31m
          [36m<path[31m
            [33md[31m=[32m"M12 9v4"[31m
          [36m/>[31m
          [36m<path[31m
            [33md[31m=[32m"M12 17h.01"[31m
          [36m/>[31m
        [36m</svg>[31m
        [0mFinish Session[0m
      [36m</h2>[31m
      [36m<div[31m
        [33mclass[31m=[32m"text-muted-foreground text-sm space-y-3"[31m
        [33mdata-slot[31m=[32m"alert-dialog-description"[31m
        [33mid[31m=[32m"radix-:r2:"[31m
      [36m>[31m
        [36m<p>[31m
          [0mAre you sure you want to finish your workout session for[0m
          [0m [0m
          [36m<span[31m
            [33mclass[31m=[32m"font-medium"[31m
          [36m>[31m
            [0mPush Day[0m
          [36m</span>[31m
          [0m?[0m
        [36m</p>[31m
        [36m<div[31m
          [33mclass[31m=[32m"bg-muted/50 rounded-lg p-3 space-y-2"[31m
        [36m>[31m
          [36m<div[31m
            [33mclass[31m=[32m"flex items-center justify-between"[31m
          [36m>[31m
            [36m<span[31m
              [33mclass[31m=[32m"text-sm font-medium"[31m
            [36m>[31m
              [0mProgress[0m
            [36m</span>[31m
            [36m<span[31m
              [33mclass[31m=[32m"inline-flex items-center justify-center rounded-md border px-2 py-0.5 text-xs font-medium w-fit whitespace-nowrap shrink-0 [&>svg]:size-3 gap-1 [&>svg]:pointer-events-none focus-visible:border-ring focus-visible:ring-ring/50 focus-visible:ring-[3px] aria-invalid:ring-destructive/20 dark:aria-invalid:ring-destructive/40 aria-invalid:border-destructive transition-[color,box-shadow] overflow-hidden border-transparent bg-secondary text-secondary-foreground [a&]:hover:bg-secondary/90"[31m
              [33mdata-slot[31m=[32m"badge"[31m
            [36m>[31m
              [0m67[0m
              [0m%[0m
            [36m</span>[31m
          [36m</div>[31m
          [36m<div[31m
            [33mclass[31m=[32m"flex items-center gap-2 text-sm"[31m
          [36m>[31m
            [36m<svg[31m
              [33mclass[31m=[32m"lucide lucide-target h-4 w-4 text-muted-foreground"[31m
              [33mfill[31m=[32m"none"[31m
              [33mheight[31m=[32m"24"[31m
              [33mstroke[31m=[32m"currentColor"[31m
              [33mstroke-linecap[31m=[32m"round"[31m
              [33mstroke-linejoin[31m=[32m"round"[31m
              [33mstroke-width[31m=[32m"2"[31m
              [33mviewBox[31m=[32m"0 0 24 24"[31m
              [33mwidth[31m=[32m"24"[31m
              [33mxmlns[31m=[32m"http://www.w3.org/2000/svg"[31m
            [36m>[31m
              [36m<circle[31m
                [33mcx[31m=[32m"12"[31m
                [33mcy[31m=[32m"12"[31m
                [33mr[31m=[32m"10"[31m
              [36m/>[31m
              [36m<circle[31m
                [33mcx[31m=[32m"12"[31m
                [33mcy[31m=[32m"12"[31m
                [33mr[31m=[32m"6"[31m
              [36m/>[31m
              [36m<circle[31m
                [33mcx[31m=[32m"12"[31m
                [33mcy[31m=[32m"12"[31m
                [33mr[31m=[32m"2"[31m
              [36m/>[31m
            [36m</svg>[31m
            [36m<span>[31m
              [0m8[0m
              [0m of [0m
              [0m12[0m
              [0m sets completed[0m
            [36m</span>[31m
          [36m</div>[31m
          [36m<div[31m
            [33mclass[31m=[32m"flex items-center gap-2 text-sm text-amber-700 dark:text-amber-300"[31m
          [36m>[31m
            [36m<svg[31m
              [33mclass[31m=[32m"lucide lucide-triangle-alert h-4 w-4"[31m
              [33mfill[31m=[32m"none"[31m
              [33mheight[31m=[32m"24"[31m
              [33mstroke[31m=[32m"currentColor"[31m
              [33mstroke-linecap[31m=[32m"round"[31m
              [33mstroke-linejoin[31m=[32m"round"[31m
              [33mstroke-width[31m=[32m"2"[31m
              [33mviewBox[31m=[32m"0 0 24 24"[31m
              [33mwidth[31m=[32m"24"[31m
              [33mxmlns[31m=[32m"http://www.w3.org/2000/svg"[31m
            [36m>[31m
              [36m<path[31m
                [33md[31m=[32m"m21.73 18-8-14a2 2 0 0 0-3.48 0l-8 14A2 2 0 0 0 4 21h16a2 2 0 0 0 1.73-3"[31m
              [36m/>[31m
              [36m<path[31m
                [33md[31m=[32m"M12 9v4"[31m
              [36m/>[31m
              [36m<path[31m
                [33md[31m=[32m"M12 17h.01"[31m
              [36m/>[31m
            [36m</svg>[31m
            [36m<span>[31m
              [0m4[0m
              [0m set[0m
              [0ms[0m
              [0m remaining[0m
            [36m</span>[31m
          [36m</div>[31m
        [36m</div>[31m
        [36m<div[31m
          [33mclass[31m=[32m"bg-amber-50 dark:bg-amber-950/20 border border-amber-200 dark:border-amber-800 rounded-lg p-3"[31m
        [36m>[31m
          [36m<p[31m
            [33mclass[31m=[32m"text-sm text-amber-800 dark:text-amber-200"[31m
          [36m>[31m
            [36m<strong>[31m
              [0mNote:[0m
            [36m</strong>[31m
            [0m Finishing with incomplete sets will still save your progress, but you won't get the full benefit of the workout.[0m
          [36m</p>[31m
        [36m</div>[31m
      [36m</div>[31m
    [36m</div>[31m
    [36m<div[31m
      [33mclass[31m=[32m"flex flex-col-reverse gap-2 sm:flex-row sm:justify-end"[31m
      [33mdata-slot[31m=[32m"alert-dialog-footer"[31m
    [36m>[31m
      [36m<button[31m
        [33mclass[31m=[32m"inline-flex items-center justify-center gap-2 whitespace-nowrap rounded-md text-sm font-medium transition-all disabled:pointer-events-none disabled:opacity-50 [&_svg]:pointer-events-none [&_svg:not([class*='size-'])]:size-4 shrink-0 [&_svg]:shrink-0 outline-none focus-visible:border-ring focus-visible:ring-ring/50 focus-visible:ring-[3px] aria-invalid:ring-destructive/20 dark:aria-invalid:ring-destructive/40 aria-invalid:border-destructive active:translate-y-[1px] border bg-background shadow-xs hover:bg-accent hover:text-accent-foreground dark:bg-input/30 dark:border-input dark:hover:bg-input/50 h-9 px-4 py-2 has-[>svg]:px-3"[31m
        [33mtype[31m=[32m"button"[31m
      [36m>[31m
        [0mCancel[0m
      [36m</button>[31m
      [36m<button[31m
        [33mclass[31m=[32m"inline-flex items-center justify-center gap-2 whitespace-nowrap rounded-md text-sm font-medium transition-all disabled:pointer-events-none disabled:opacity-50 [&_svg]:pointer-events-none [&_svg:not([class*='size-'])]:size-4 shrink-0 [&_svg]:shrink-0 outline-none focus-visible:border-ring focus-visible:ring-ring/50 focus-visible:ring-[3px] aria-invalid:ring-destructive/20 dark:aria-invalid:ring-destructive/40 aria-invalid:border-destructive active:translate-y-[1px] text-primary-foreground shadow-xs h-9 px-4 py-2 has-[>svg]:px-3 bg-amber-600 hover:bg-amber-700 dark:bg-amber-700 dark:hover:bg-amber-800"[31m
        [33mtype[31m=[32m"button"[31m
      [36m>[31m
        [0mFinish Session[0m
      [36m</button>[31m
    [36m</div>[31m
  [36m</div>[31m
  [36m<span[31m
    [33maria-hidden[31m=[32m"true"[31m
    [33mdata-aria-hidden[31m=[32m"true"[31m
    [33mdata-radix-focus-guard[31m=[32m""[31m
    [33mstyle[31m=[32m"outline: none; opacity: 0; position: fixed; pointer-events: none;"[31m
    [33mtabindex[31m=[32m"0"[31m
  [36m/>[31m
[36m</body>[31m[39m
[31m   [31m├ù[31m SessionConfirmationDialog[2m > [22mshould display progress information[90m 59[2mms[22m[31m[39m
[31m     ÔåÆ Unable to find an element with the text: 8 / 12 sets completed (67%). This could be because the text is broken up by multiple elements. In this case, you can provide a function for your text matcher to make your matcher more flexible.

Ignored nodes: comments, script, style
[36m<body[31m
  [33mdata-scroll-locked[31m=[32m"1"[31m
  [33mstyle[31m=[32m"pointer-events: none;"[31m
[36m>[31m
  [36m<span[31m
    [33maria-hidden[31m=[32m"true"[31m
    [33mdata-aria-hidden[31m=[32m"true"[31m
    [33mdata-radix-focus-guard[31m=[32m""[31m
    [33mstyle[31m=[32m"outline: none; opacity: 0; position: fixed; pointer-events: none;"[31m
    [33mtabindex[31m=[32m"0"[31m
  [36m/>[31m
  [36m<div[31m
    [33maria-hidden[31m=[32m"true"[31m
    [33mdata-aria-hidden[31m=[32m"true"[31m
  [36m/>[31m
  [36m<div[31m
    [33maria-hidden[31m=[32m"true"[31m
    [33mclass[31m=[32m"data-[state=open]:animate-in data-[state=closed]:animate-out data-[state=closed]:fade-out-0 data-[state=open]:fade-in-0 fixed inset-0 z-50 bg-black/50"[31m
    [33mdata-aria-hidden[31m=[32m"true"[31m
    [33mdata-slot[31m=[32m"alert-dialog-overlay"[31m
    [33mdata-state[31m=[32m"open"[31m
    [33mstyle[31m=[32m"pointer-events: auto;"[31m
  [36m/>[31m
  [36m<div[31m
    [33maria-describedby[31m=[32m"radix-:r8:"[31m
    [33maria-labelledby[31m=[32m"radix-:r7:"[31m
    [33mclass[31m=[32m"bg-background data-[state=open]:animate-in data-[state=closed]:animate-out data-[state=closed]:fade-out-0 data-[state=open]:fade-in-0 data-[state=closed]:zoom-out-95 data-[state=open]:zoom-in-95 fixed top-[50%] left-[50%] z-50 grid w-full translate-x-[-50%] translate-y-[-50%] gap-4 rounded-lg border p-6 shadow-lg duration-200 sm:max-w-lg max-w-md"[31m
    [33mdata-slot[31m=[32m"alert-dialog-content"[31m
    [33mdata-state[31m=[32m"open"[31m
    [33mid[31m=[32m"radix-:r6:"[31m
    [33mrole[31m=[32m"alertdialog"[31m
    [33mstyle[31m=[32m"pointer-events: auto;"[31m
    [33mtabindex[31m=[32m"-1"[31m
  [36m>[31m
    [36m<div[31m
      [33mclass[31m=[32m"flex flex-col gap-2 text-center sm:text-left"[31m
      [33mdata-slot[31m=[32m"alert-dialog-header"[31m
    [36m>[31m
      [36m<h2[31m
        [33mclass[31m=[32m"text-lg font-semibold flex items-center gap-2"[31m
        [33mdata-slot[31m=[32m"alert-dialog-title"[31m
        [33mid[31m=[32m"radix-:r7:"[31m
      [36m>[31m
        [36m<svg[31m
          [33mclass[31m=[32m"lucide lucide-triangle-alert h-5 w-5 text-amber-600"[31m
          [33mfill[31m=[32m"none"[31m
          [33mheight[31m=[32m"24"[31m
          [33mstroke[31m=[32m"currentColor"[31m
          [33mstroke-linecap[31m=[32m"round"[31m
          [33mstroke-linejoin[31m=[32m"round"[31m
          [33mstroke-width[31m=[32m"2"[31m
          [33mviewBox[31m=[32m"0 0 24 24"[31m
          [33mwidth[31m=[32m"24"[31m
          [33mxmlns[31m=[32m"http://www.w3.org/2000/svg"[31m
        [36m>[31m
          [36m<path[31m
            [33md[31m=[32m"m21.73 18-8-14a2 2 0 0 0-3.48 0l-8 14A2 2 0 0 0 4 21h16a2 2 0 0 0 1.73-3"[31m
          [36m/>[31m
          [36m<path[31m
            [33md[31m=[32m"M12 9v4"[31m
          [36m/>[31m
          [36m<path[31m
            [33md[31m=[32m"M12 17h.01"[31m
          [36m/>[31m
        [36m</svg>[31m
        [0mFinish Session[0m
      [36m</h2>[31m
      [36m<div[31m
        [33mclass[31m=[32m"text-muted-foreground text-sm space-y-3"[31m
        [33mdata-slot[31m=[32m"alert-dialog-description"[31m
        [33mid[31m=[32m"radix-:r8:"[31m
      [36m>[31m
        [36m<p>[31m
          [0mAre you sure you want to finish your workout session for[0m
          [0m [0m
          [36m<span[31m
            [33mclass[31m=[32m"font-medium"[31m
          [36m>[31m
            [0mPush Day[0m
          [36m</span>[31m
          [0m?[0m
        [36m</p>[31m
        [36m<div[31m
          [33mclass[31m=[32m"bg-muted/50 rounded-lg p-3 space-y-2"[31m
        [36m>[31m
          [36m<div[31m
            [33mclass[31m=[32m"flex items-center justify-between"[31m
          [36m>[31m
            [36m<span[31m
              [33mclass[31m=[32m"text-sm font-medium"[31m
            [36m>[31m
              [0mProgress[0m
            [36m</span>[31m
            [36m<span[31m
              [33mclass[31m=[32m"inline-flex items-center justify-center rounded-md border px-2 py-0.5 text-xs font-medium w-fit whitespace-nowrap shrink-0 [&>svg]:size-3 gap-1 [&>svg]:pointer-events-none focus-visible:border-ring focus-visible:ring-ring/50 focus-visible:ring-[3px] aria-invalid:ring-destructive/20 dark:aria-invalid:ring-destructive/40 aria-invalid:border-destructive transition-[color,box-shadow] overflow-hidden border-transparent bg-secondary text-secondary-foreground [a&]:hover:bg-secondary/90"[31m
              [33mdata-slot[31m=[32m"badge"[31m
            [36m>[31m
              [0m67[0m
              [0m%[0m
            [36m</span>[31m
          [36m</div>[31m
          [36m<div[31m
            [33mclass[31m=[32m"flex items-center gap-2 text-sm"[31m
          [36m>[31m
            [36m<svg[31m
              [33mclass[31m=[32m"lucide lucide-target h-4 w-4 text-muted-foreground"[31m
              [33mfill[31m=[32m"none"[31m
              [33mheight[31m=[32m"24"[31m
              [33mstroke[31m=[32m"currentColor"[31m
              [33mstroke-linecap[31m=[32m"round"[31m
              [33mstroke-linejoin[31m=[32m"round"[31m
              [33mstroke-width[31m=[32m"2"[31m
              [33mviewBox[31m=[32m"0 0 24 24"[31m
              [33mwidth[31m=[32m"24"[31m
              [33mxmlns[31m=[32m"http://www.w3.org/2000/svg"[31m
            [36m>[31m
              [36m<circle[31m
                [33mcx[31m=[32m"12"[31m
                [33mcy[31m=[32m"12"[31m
                [33mr[31m=[32m"10"[31m
              [36m/>[31m
              [36m<circle[31m
                [33mcx[31m=[32m"12"[31m
                [33mcy[31m=[32m"12"[31m
                [33mr[31m=[32m"6"[31m
              [36m/>[31m
              [36m<circle[31m
                [33mcx[31m=[32m"12"[31m
                [33mcy[31m=[32m"12"[31m
                [33mr[31m=[32m"2"[31m
              [36m/>[31m
            [36m</svg>[31m
            [36m<span>[31m
              [0m8[0m
              [0m of [0m
              [0m12[0m
              [0m sets completed[0m
            [36m</span>[31m
          [36m</div>[31m
          [36m<div[31m
            [33mclass[31m=[32m"flex items-center gap-2 text-sm text-amber-700 dark:text-amber-300"[31m
          [36m>[31m
            [36m<svg[31m
              [33mclass[31m=[32m"lucide lucide-triangle-alert h-4 w-4"[31m
              [33mfill[31m=[32m"none"[31m
              [33mheight[31m=[32m"24"[31m
              [33mstroke[31m=[32m"currentColor"[31m
              [33mstroke-linecap[31m=[32m"round"[31m
              [33mstroke-linejoin[31m=[32m"round"[31m
              [33mstroke-width[31m=[32m"2"[31m
              [33mviewBox[31m=[32m"0 0 24 24"[31m
              [33mwidth[31m=[32m"24"[31m
              [33mxmlns[31m=[32m"http://www.w3.org/2000/svg"[31m
            [36m>[31m
              [36m<path[31m
                [33md[31m=[32m"m21.73 18-8-14a2 2 0 0 0-3.48 0l-8 14A2 2 0 0 0 4 21h16a2 2 0 0 0 1.73-3"[31m
              [36m/>[31m
              [36m<path[31m
                [33md[31m=[32m"M12 9v4"[31m
              [36m/>[31m
              [36m<path[31m
                [33md[31m=[32m"M12 17h.01"[31m
              [36m/>[31m
            [36m</svg>[31m
            [36m<span>[31m
              [0m4[0m
              [0m set[0m
              [0ms[0m
              [0m remaining[0m
            [36m</span>[31m
          [36m</div>[31m
        [36m</div>[31m
        [36m<div[31m
          [33mclass[31m=[32m"bg-amber-50 dark:bg-amber-950/20 border border-amber-200 dark:border-amber-800 rounded-lg p-3"[31m
        [36m>[31m
          [36m<p[31m
            [33mclass[31m=[32m"text-sm text-amber-800 dark:text-amber-200"[31m
          [36m>[31m
            [36m<strong>[31m
              [0mNote:[0m
            [36m</strong>[31m
            [0m Finishing with incomplete sets will still save your progress, but you won't get the full benefit of the workout.[0m
          [36m</p>[31m
        [36m</div>[31m
      [36m</div>[31m
    [36m</div>[31m
    [36m<div[31m
      [33mclass[31m=[32m"flex flex-col-reverse gap-2 sm:flex-row sm:justify-end"[31m
      [33mdata-slot[31m=[32m"alert-dialog-footer"[31m
    [36m>[31m
      [36m<button[31m
        [33mclass[31m=[32m"inline-flex items-center justify-center gap-2 whitespace-nowrap rounded-md text-sm font-medium transition-all disabled:pointer-events-none disabled:opacity-50 [&_svg]:pointer-events-none [&_svg:not([class*='size-'])]:size-4 shrink-0 [&_svg]:shrink-0 outline-none focus-visible:border-ring focus-visible:ring-ring/50 focus-visible:ring-[3px] aria-invalid:ring-destructive/20 dark:aria-invalid:ring-destructive/40 aria-invalid:border-destructive active:translate-y-[1px] border bg-background shadow-xs hover:bg-accent hover:text-accent-foreground dark:bg-input/30 dark:border-input dark:hover:bg-input/50 h-9 px-4 py-2 has-[>svg]:px-3"[31m
        [33mtype[31m=[32m"button"[31m
      [36m>[31m
        [0mCancel[0m
      [36m</button>[31m
      [36m<button[31m
        [33mclass[31m=[32m"inline-flex items-center justify-center gap-2 whitespace-nowrap rounded-md text-sm font-medium transition-all disabled:pointer-events-none disabled:opacity-50 [&_svg]:pointer-events-none [&_svg:not([class*='size-'])]:size-4 shrink-0 [&_svg]:shrink-0 outline-none focus-visible:border-ring focus-visible:ring-ring/50 focus-visible:ring-[3px] aria-invalid:ring-destructive/20 dark:aria-invalid:ring-destructive/40 aria-invalid:border-destructive active:translate-y-[1px] text-primary-foreground shadow-xs h-9 px-4 py-2 has-[>svg]:px-3 bg-amber-600 hover:bg-amber-700 dark:bg-amber-700 dark:hover:bg-amber-800"[31m
        [33mtype[31m=[32m"button"[31m
      [36m>[31m
        [0mFinish Session[0m
      [36m</button>[31m
    [36m</div>[31m
  [36m</div>[31m
  [36m<span[31m
    [33maria-hidden[31m=[32m"true"[31m
    [33mdata-aria-hidden[31m=[32m"true"[31m
    [33mdata-radix-focus-guard[31m=[32m""[31m
    [33mstyle[31m=[32m"outline: none; opacity: 0; position: fixed; pointer-events: none;"[31m
    [33mtabindex[31m=[32m"0"[31m
  [36m/>[31m
[36m</body>[31m[39m
[31m   [31m├ù[31m SessionConfirmationDialog[2m > [22mshould show incomplete session warning[90m 55[2mms[22m[31m[39m
[31m     ÔåÆ Unable to find an element with the text: /You have incomplete sets/. This could be because the text is broken up by multiple elements. In this case, you can provide a function for your text matcher to make your matcher more flexible.

Ignored nodes: comments, script, style
[36m<body[31m
  [33mdata-scroll-locked[31m=[32m"1"[31m
  [33mstyle[31m=[32m"pointer-events: none;"[31m
[36m>[31m
  [36m<span[31m
    [33maria-hidden[31m=[32m"true"[31m
    [33mdata-aria-hidden[31m=[32m"true"[31m
    [33mdata-radix-focus-guard[31m=[32m""[31m
    [33mstyle[31m=[32m"outline: none; opacity: 0; position: fixed; pointer-events: none;"[31m
    [33mtabindex[31m=[32m"0"[31m
  [36m/>[31m
  [36m<div[31m
    [33maria-hidden[31m=[32m"true"[31m
    [33mdata-aria-hidden[31m=[32m"true"[31m
  [36m/>[31m
  [36m<div[31m
    [33maria-hidden[31m=[32m"true"[31m
    [33mclass[31m=[32m"data-[state=open]:animate-in data-[state=closed]:animate-out data-[state=closed]:fade-out-0 data-[state=open]:fade-in-0 fixed inset-0 z-50 bg-black/50"[31m
    [33mdata-aria-hidden[31m=[32m"true"[31m
    [33mdata-slot[31m=[32m"alert-dialog-overlay"[31m
    [33mdata-state[31m=[32m"open"[31m
    [33mstyle[31m=[32m"pointer-events: auto;"[31m
  [36m/>[31m
  [36m<div[31m
    [33maria-describedby[31m=[32m"radix-:rb:"[31m
    [33maria-labelledby[31m=[32m"radix-:ra:"[31m
    [33mclass[31m=[32m"bg-background data-[state=open]:animate-in data-[state=closed]:animate-out data-[state=closed]:fade-out-0 data-[state=open]:fade-in-0 data-[state=closed]:zoom-out-95 data-[state=open]:zoom-in-95 fixed top-[50%] left-[50%] z-50 grid w-full translate-x-[-50%] translate-y-[-50%] gap-4 rounded-lg border p-6 shadow-lg duration-200 sm:max-w-lg max-w-md"[31m
    [33mdata-slot[31m=[32m"alert-dialog-content"[31m
    [33mdata-state[31m=[32m"open"[31m
    [33mid[31m=[32m"radix-:r9:"[31m
    [33mrole[31m=[32m"alertdialog"[31m
    [33mstyle[31m=[32m"pointer-events: auto;"[31m
    [33mtabindex[31m=[32m"-1"[31m
  [36m>[31m
    [36m<div[31m
      [33mclass[31m=[32m"flex flex-col gap-2 text-center sm:text-left"[31m
      [33mdata-slot[31m=[32m"alert-dialog-header"[31m
    [36m>[31m
      [36m<h2[31m
        [33mclass[31m=[32m"text-lg font-semibold flex items-center gap-2"[31m
        [33mdata-slot[31m=[32m"alert-dialog-title"[31m
        [33mid[31m=[32m"radix-:ra:"[31m
      [36m>[31m
        [36m<svg[31m
          [33mclass[31m=[32m"lucide lucide-triangle-alert h-5 w-5 text-amber-600"[31m
          [33mfill[31m=[32m"none"[31m
          [33mheight[31m=[32m"24"[31m
          [33mstroke[31m=[32m"currentColor"[31m
          [33mstroke-linecap[31m=[32m"round"[31m
          [33mstroke-linejoin[31m=[32m"round"[31m
          [33mstroke-width[31m=[32m"2"[31m
          [33mviewBox[31m=[32m"0 0 24 24"[31m
          [33mwidth[31m=[32m"24"[31m
          [33mxmlns[31m=[32m"http://www.w3.org/2000/svg"[31m
        [36m>[31m
          [36m<path[31m
            [33md[31m=[32m"m21.73 18-8-14a2 2 0 0 0-3.48 0l-8 14A2 2 0 0 0 4 21h16a2 2 0 0 0 1.73-3"[31m
          [36m/>[31m
          [36m<path[31m
            [33md[31m=[32m"M12 9v4"[31m
          [36m/>[31m
          [36m<path[31m
            [33md[31m=[32m"M12 17h.01"[31m
          [36m/>[31m
        [36m</svg>[31m
        [0mFinish Session[0m
      [36m</h2>[31m
      [36m<div[31m
        [33mclass[31m=[32m"text-muted-foreground text-sm space-y-3"[31m
        [33mdata-slot[31m=[32m"alert-dialog-description"[31m
        [33mid[31m=[32m"radix-:rb:"[31m
      [36m>[31m
        [36m<p>[31m
          [0mAre you sure you want to finish your workout session for[0m
          [0m [0m
          [36m<span[31m
            [33mclass[31m=[32m"font-medium"[31m
          [36m>[31m
            [0mPush Day[0m
          [36m</span>[31m
          [0m?[0m
        [36m</p>[31m
        [36m<div[31m
          [33mclass[31m=[32m"bg-muted/50 rounded-lg p-3 space-y-2"[31m
        [36m>[31m
          [36m<div[31m
            [33mclass[31m=[32m"flex items-center justify-between"[31m
          [36m>[31m
            [36m<span[31m
              [33mclass[31m=[32m"text-sm font-medium"[31m
            [36m>[31m
              [0mProgress[0m
            [36m</span>[31m
            [36m<span[31m
              [33mclass[31m=[32m"inline-flex items-center justify-center rounded-md border px-2 py-0.5 text-xs font-medium w-fit whitespace-nowrap shrink-0 [&>svg]:size-3 gap-1 [&>svg]:pointer-events-none focus-visible:border-ring focus-visible:ring-ring/50 focus-visible:ring-[3px] aria-invalid:ring-destructive/20 dark:aria-invalid:ring-destructive/40 aria-invalid:border-destructive transition-[color,box-shadow] overflow-hidden border-transparent bg-secondary text-secondary-foreground [a&]:hover:bg-secondary/90"[31m
              [33mdata-slot[31m=[32m"badge"[31m
            [36m>[31m
              [0m67[0m
              [0m%[0m
            [36m</span>[31m
          [36m</div>[31m
          [36m<div[31m
            [33mclass[31m=[32m"flex items-center gap-2 text-sm"[31m
          [36m>[31m
            [36m<svg[31m
              [33mclass[31m=[32m"lucide lucide-target h-4 w-4 text-muted-foreground"[31m
              [33mfill[31m=[32m"none"[31m
              [33mheight[31m=[32m"24"[31m
              [33mstroke[31m=[32m"currentColor"[31m
              [33mstroke-linecap[31m=[32m"round"[31m
              [33mstroke-linejoin[31m=[32m"round"[31m
              [33mstroke-width[31m=[32m"2"[31m
              [33mviewBox[31m=[32m"0 0 24 24"[31m
              [33mwidth[31m=[32m"24"[31m
              [33mxmlns[31m=[32m"http://www.w3.org/2000/svg"[31m
            [36m>[31m
              [36m<circle[31m
                [33mcx[31m=[32m"12"[31m
                [33mcy[31m=[32m"12"[31m
                [33mr[31m=[32m"10"[31m
              [36m/>[31m
              [36m<circle[31m
                [33mcx[31m=[32m"12"[31m
                [33mcy[31m=[32m"12"[31m
                [33mr[31m=[32m"6"[31m
              [36m/>[31m
              [36m<circle[31m
                [33mcx[31m=[32m"12"[31m
                [33mcy[31m=[32m"12"[31m
                [33mr[31m=[32m"2"[31m
              [36m/>[31m
            [36m</svg>[31m
            [36m<span>[31m
              [0m8[0m
              [0m of [0m
              [0m12[0m
              [0m sets completed[0m
            [36m</span>[31m
          [36m</div>[31m
          [36m<div[31m
            [33mclass[31m=[32m"flex items-center gap-2 text-sm text-amber-700 dark:text-amber-300"[31m
          [36m>[31m
            [36m<svg[31m
              [33mclass[31m=[32m"lucide lucide-triangle-alert h-4 w-4"[31m
              [33mfill[31m=[32m"none"[31m
              [33mheight[31m=[32m"24"[31m
              [33mstroke[31m=[32m"currentColor"[31m
              [33mstroke-linecap[31m=[32m"round"[31m
              [33mstroke-linejoin[31m=[32m"round"[31m
              [33mstroke-width[31m=[32m"2"[31m
              [33mviewBox[31m=[32m"0 0 24 24"[31m
              [33mwidth[31m=[32m"24"[31m
              [33mxmlns[31m=[32m"http://www.w3.org/2000/svg"[31m
            [36m>[31m
              [36m<path[31m
                [33md[31m=[32m"m21.73 18-8-14a2 2 0 0 0-3.48 0l-8 14A2 2 0 0 0 4 21h16a2 2 0 0 0 1.73-3"[31m
              [36m/>[31m
              [36m<path[31m
                [33md[31m=[32m"M12 9v4"[31m
              [36m/>[31m
              [36m<path[31m
                [33md[31m=[32m"M12 17h.01"[31m
              [36m/>[31m
            [36m</svg>[31m
            [36m<span>[31m
              [0m4[0m
              [0m set[0m
              [0ms[0m
              [0m remaining[0m
            [36m</span>[31m
          [36m</div>[31m
        [36m</div>[31m
        [36m<div[31m
          [33mclass[31m=[32m"bg-amber-50 dark:bg-amber-950/20 border border-amber-200 dark:border-amber-800 rounded-lg p-3"[31m
        [36m>[31m
          [36m<p[31m
            [33mclass[31m=[32m"text-sm text-amber-800 dark:text-amber-200"[31m
          [36m>[31m
            [36m<strong>[31m
              [0mNote:[0m
            [36m</strong>[31m
            [0m Finishing with incomplete sets will still save your progress, but you won't get the full benefit of the workout.[0m
          [36m</p>[31m
        [36m</div>[31m
      [36m</div>[31m
    [36m</div>[31m
    [36m<div[31m
      [33mclass[31m=[32m"flex flex-col-reverse gap-2 sm:flex-row sm:justify-end"[31m
      [33mdata-slot[31m=[32m"alert-dialog-footer"[31m
    [36m>[31m
      [36m<button[31m
        [33mclass[31m=[32m"inline-flex items-center justify-center gap-2 whitespace-nowrap rounded-md text-sm font-medium transition-all disabled:pointer-events-none disabled:opacity-50 [&_svg]:pointer-events-none [&_svg:not([class*='size-'])]:size-4 shrink-0 [&_svg]:shrink-0 outline-none focus-visible:border-ring focus-visible:ring-ring/50 focus-visible:ring-[3px] aria-invalid:ring-destructive/20 dark:aria-invalid:ring-destructive/40 aria-invalid:border-destructive active:translate-y-[1px] border bg-background shadow-xs hover:bg-accent hover:text-accent-foreground dark:bg-input/30 dark:border-input dark:hover:bg-input/50 h-9 px-4 py-2 has-[>svg]:px-3"[31m
        [33mtype[31m=[32m"button"[31m
      [36m>[31m
        [0mCancel[0m
      [36m</button>[31m
      [36m<button[31m
        [33mclass[31m=[32m"inline-flex items-center justify-center gap-2 whitespace-nowrap rounded-md text-sm font-medium transition-all disabled:pointer-events-none disabled:opacity-50 [&_svg]:pointer-events-none [&_svg:not([class*='size-'])]:size-4 shrink-0 [&_svg]:shrink-0 outline-none focus-visible:border-ring focus-visible:ring-ring/50 focus-visible:ring-[3px] aria-invalid:ring-destructive/20 dark:aria-invalid:ring-destructive/40 aria-invalid:border-destructive active:translate-y-[1px] text-primary-foreground shadow-xs h-9 px-4 py-2 has-[>svg]:px-3 bg-amber-600 hover:bg-amber-700 dark:bg-amber-700 dark:hover:bg-amber-800"[31m
        [33mtype[31m=[32m"button"[31m
      [36m>[31m
        [0mFinish Session[0m
      [36m</button>[31m
    [36m</div>[31m
  [36m</div>[31m
  [36m<span[31m
    [33maria-hidden[31m=[32m"true"[31m
    [33mdata-aria-hidden[31m=[32m"true"[31m
    [33mdata-radix-focus-guard[31m=[32m""[31m
    [33mstyle[31m=[32m"outline: none; opacity: 0; position: fixed; pointer-events: none;"[31m
    [33mtabindex[31m=[32m"0"[31m
  [36m/>[31m
[36m</body>[31m[39m
[31m   [31m├ù[31m SessionConfirmationDialog[2m > [22mshould show complete session message when all sets are done[90m 39[2mms[22m[31m[39m
[31m     ÔåÆ Unable to find an element with the text: /Great job! You've completed all sets/. This could be because the text is broken up by multiple elements. In this case, you can provide a function for your text matcher to make your matcher more flexible.

Ignored nodes: comments, script, style
[36m<body[31m
  [33mdata-scroll-locked[31m=[32m"1"[31m
  [33mstyle[31m=[32m"pointer-events: none;"[31m
[36m>[31m
  [36m<span[31m
    [33maria-hidden[31m=[32m"true"[31m
    [33mdata-aria-hidden[31m=[32m"true"[31m
    [33mdata-radix-focus-guard[31m=[32m""[31m
    [33mstyle[31m=[32m"outline: none; opacity: 0; position: fixed; pointer-events: none;"[31m
    [33mtabindex[31m=[32m"0"[31m
  [36m/>[31m
  [36m<div[31m
    [33maria-hidden[31m=[32m"true"[31m
    [33mdata-aria-hidden[31m=[32m"true"[31m
  [36m/>[31m
  [36m<div[31m
    [33maria-hidden[31m=[32m"true"[31m
    [33mclass[31m=[32m"data-[state=open]:animate-in data-[state=closed]:animate-out data-[state=closed]:fade-out-0 data-[state=open]:fade-in-0 fixed inset-0 z-50 bg-black/50"[31m
    [33mdata-aria-hidden[31m=[32m"true"[31m
    [33mdata-slot[31m=[32m"alert-dialog-overlay"[31m
    [33mdata-state[31m=[32m"open"[31m
    [33mstyle[31m=[32m"pointer-events: auto;"[31m
  [36m/>[31m
  [36m<div[31m
    [33maria-describedby[31m=[32m"radix-:re:"[31m
    [33maria-labelledby[31m=[32m"radix-:rd:"[31m
    [33mclass[31m=[32m"bg-background data-[state=open]:animate-in data-[state=closed]:animate-out data-[state=closed]:fade-out-0 data-[state=open]:fade-in-0 data-[state=closed]:zoom-out-95 data-[state=open]:zoom-in-95 fixed top-[50%] left-[50%] z-50 grid w-full translate-x-[-50%] translate-y-[-50%] gap-4 rounded-lg border p-6 shadow-lg duration-200 sm:max-w-lg max-w-md"[31m
    [33mdata-slot[31m=[32m"alert-dialog-content"[31m
    [33mdata-state[31m=[32m"open"[31m
    [33mid[31m=[32m"radix-:rc:"[31m
    [33mrole[31m=[32m"alertdialog"[31m
    [33mstyle[31m=[32m"pointer-events: auto;"[31m
    [33mtabindex[31m=[32m"-1"[31m
  [36m>[31m
    [36m<div[31m
      [33mclass[31m=[32m"flex flex-col gap-2 text-center sm:text-left"[31m
      [33mdata-slot[31m=[32m"alert-dialog-header"[31m
    [36m>[31m
      [36m<h2[31m
        [33mclass[31m=[32m"text-lg font-semibold flex items-center gap-2"[31m
        [33mdata-slot[31m=[32m"alert-dialog-title"[31m
        [33mid[31m=[32m"radix-:rd:"[31m
      [36m>[31m
        [36m<svg[31m
          [33mclass[31m=[32m"lucide lucide-circle-check-big h-5 w-5 text-green-600"[31m
          [33mfill[31m=[32m"none"[31m
          [33mheight[31m=[32m"24"[31m
          [33mstroke[31m=[32m"currentColor"[31m
          [33mstroke-linecap[31m=[32m"round"[31m
          [33mstroke-linejoin[31m=[32m"round"[31m
          [33mstroke-width[31m=[32m"2"[31m
          [33mviewBox[31m=[32m"0 0 24 24"[31m
          [33mwidth[31m=[32m"24"[31m
          [33mxmlns[31m=[32m"http://www.w3.org/2000/svg"[31m
        [36m>[31m
          [36m<path[31m
            [33md[31m=[32m"M21.801 10A10 10 0 1 1 17 3.335"[31m
          [36m/>[31m
          [36m<path[31m
            [33md[31m=[32m"m9 11 3 3L22 4"[31m
          [36m/>[31m
        [36m</svg>[31m
        [0mFinish Session[0m
      [36m</h2>[31m
      [36m<div[31m
        [33mclass[31m=[32m"text-muted-foreground text-sm space-y-3"[31m
        [33mdata-slot[31m=[32m"alert-dialog-description"[31m
        [33mid[31m=[32m"radix-:re:"[31m
      [36m>[31m
        [36m<p>[31m
          [0mAre you sure you want to finish your workout session for[0m
          [0m [0m
          [36m<span[31m
            [33mclass[31m=[32m"font-medium"[31m
          [36m>[31m
            [0mPush Day[0m
          [36m</span>[31m
          [0m?[0m
        [36m</p>[31m
        [36m<div[31m
          [33mclass[31m=[32m"bg-muted/50 rounded-lg p-3 space-y-2"[31m
        [36m>[31m
          [36m<div[31m
            [33mclass[31m=[32m"flex items-center justify-between"[31m
          [36m>[31m
            [36m<span[31m
              [33mclass[31m=[32m"text-sm font-medium"[31m
            [36m>[31m
              [0mProgress[0m
            [36m</span>[31m
            [36m<span[31m
              [33mclass[31m=[32m"inline-flex items-center justify-center rounded-md border px-2 py-0.5 text-xs font-medium w-fit whitespace-nowrap shrink-0 [&>svg]:size-3 gap-1 [&>svg]:pointer-events-none focus-visible:border-ring focus-visible:ring-ring/50 focus-visible:ring-[3px] aria-invalid:ring-destructive/20 dark:aria-invalid:ring-destructive/40 aria-invalid:border-destructive transition-[color,box-shadow] overflow-hidden border-transparent bg-primary text-primary-foreground [a&]:hover:bg-primary/90"[31m
              [33mdata-slot[31m=[32m"badge"[31m
            [36m>[31m
              [0m100[0m
              [0m%[0m
            [36m</span>[31m
          [36m</div>[31m
          [36m<div[31m
            [33mclass[31m=[32m"flex items-center gap-2 text-sm"[31m
          [36m>[31m
            [36m<svg[31m
              [33mclass[31m=[32m"lucide lucide-target h-4 w-4 text-muted-foreground"[31m
              [33mfill[31m=[32m"none"[31m
              [33mheight[31m=[32m"24"[31m
              [33mstroke[31m=[32m"currentColor"[31m
              [33mstroke-linecap[31m=[32m"round"[31m
              [33mstroke-linejoin[31m=[32m"round"[31m
              [33mstroke-width[31m=[32m"2"[31m
              [33mviewBox[31m=[32m"0 0 24 24"[31m
              [33mwidth[31m=[32m"24"[31m
              [33mxmlns[31m=[32m"http://www.w3.org/2000/svg"[31m
            [36m>[31m
              [36m<circle[31m
                [33mcx[31m=[32m"12"[31m
                [33mcy[31m=[32m"12"[31m
                [33mr[31m=[32m"10"[31m
              [36m/>[31m
              [36m<circle[31m
                [33mcx[31m=[32m"12"[31m
                [33mcy[31m=[32m"12"[31m
                [33mr[31m=[32m"6"[31m
              [36m/>[31m
              [36m<circle[31m
                [33mcx[31m=[32m"12"[31m
                [33mcy[31m=[32m"12"[31m
                [33mr[31m=[32m"2"[31m
              [36m/>[31m
            [36m</svg>[31m
            [36m<span>[31m
              [0m12[0m
              [0m of [0m
              [0m12[0m
              [0m sets completed[0m
            [36m</span>[31m
          [36m</div>[31m
        [36m</div>[31m
        [36m<div[31m
          [33mclass[31m=[32m"bg-green-50 dark:bg-green-950/20 border border-green-200 dark:border-green-800 rounded-lg p-3"[31m
        [36m>[31m
          [36m<p[31m
            [33mclass[31m=[32m"text-sm text-green-800 dark:text-green-200"[31m
          [36m>[31m
            [36m<strong>[31m
              [0mGreat job![0m
            [36m</strong>[31m
            [0m You've completed all sets. Your progress will be saved and applied to future workouts.[0m
          [36m</p>[31m
        [36m</div>[31m
      [36m</div>[31m
    [36m</div>[31m
    [36m<div[31m
      [33mclass[31m=[32m"flex flex-col-reverse gap-2 sm:flex-row sm:justify-end"[31m
      [33mdata-slot[31m=[32m"alert-dialog-footer"[31m
    [36m>[31m
      [36m<button[31m
        [33mclass[31m=[32m"inline-flex items-center justify-center gap-2 whitespace-nowrap rounded-md text-sm font-medium transition-all disabled:pointer-events-none disabled:opacity-50 [&_svg]:pointer-events-none [&_svg:not([class*='size-'])]:size-4 shrink-0 [&_svg]:shrink-0 outline-none focus-visible:border-ring focus-visible:ring-ring/50 focus-visible:ring-[3px] aria-invalid:ring-destructive/20 dark:aria-invalid:ring-destructive/40 aria-invalid:border-destructive active:translate-y-[1px] border bg-background shadow-xs hover:bg-accent hover:text-accent-foreground dark:bg-input/30 dark:border-input dark:hover:bg-input/50 h-9 px-4 py-2 has-[>svg]:px-3"[31m
        [33mtype[31m=[32m"button"[31m
      [36m>[31m
        [0mCancel[0m
      [36m</button>[31m
      [36m<button[31m
        [33mclass[31m=[32m"inline-flex items-center justify-center gap-2 whitespace-nowrap rounded-md text-sm font-medium transition-all disabled:pointer-events-none disabled:opacity-50 [&_svg]:pointer-events-none [&_svg:not([class*='size-'])]:size-4 shrink-0 [&_svg]:shrink-0 outline-none focus-visible:border-ring focus-visible:ring-ring/50 focus-visible:ring-[3px] aria-invalid:ring-destructive/20 dark:aria-invalid:ring-destructive/40 aria-invalid:border-destructive active:translate-y-[1px] text-primary-foreground shadow-xs h-9 px-4 py-2 has-[>svg]:px-3 bg-green-600 hover:bg-green-700 dark:bg-green-700 dark:hover:bg-green-800"[31m
        [33mtype[31m=[32m"button"[31m
      [36m>[31m
        [0mFinish Session[0m
      [36m</button>[31m
    [36m</div>[31m
  [36m</div>[31m
  [36m<span[31m
    [33maria-hidden[31m=[32m"true"[31m
    [33mdata-aria-hidden[31m=[32m"true"[31m
    [33mdata-radix-focus-guard[31m=[32m""[31m
    [33mstyle[31m=[32m"outline: none; opacity: 0; position: fixed; pointer-events: none;"[31m
    [33mtabindex[31m=[32m"0"[31m
  [36m/>[31m
[36m</body>[31m[39m
[31m   [31m├ù[31m SessionConfirmationDialog[2m > [22mshould call onConfirm when finish button is clicked[90m 49[2mms[22m[31m[39m
[31m     ÔåÆ Found multiple elements with the text: Finish Session

Here are the matching elements:

Ignored nodes: comments, script, style
[36m<h2[31m
  [33mclass[31m=[32m"text-lg font-semibold flex items-center gap-2"[31m
  [33mdata-slot[31m=[32m"alert-dialog-title"[31m
  [33mid[31m=[32m"radix-:rj:"[31m
[36m>[31m
  [36m<svg[31m
    [33mclass[31m=[32m"lucide lucide-triangle-alert h-5 w-5 text-amber-600"[31m
    [33mfill[31m=[32m"none"[31m
    [33mheight[31m=[32m"24"[31m
    [33mstroke[31m=[32m"currentColor"[31m
    [33mstroke-linecap[31m=[32m"round"[31m
    [33mstroke-linejoin[31m=[32m"round"[31m
    [33mstroke-width[31m=[32m"2"[31m
    [33mviewBox[31m=[32m"0 0 24 24"[31m
    [33mwidth[31m=[32m"24"[31m
    [33mxmlns[31m=[32m"http://www.w3.org/2000/svg"[31m
  [36m>[31m
    [36m<path[31m
      [33md[31m=[32m"m21.73 18-8-14a2 2 0 0 0-3.48 0l-8 14A2 2 0 0 0 4 21h16a2 2 0 0 0 1.73-3"[31m
    [36m/>[31m
    [36m<path[31m
      [33md[31m=[32m"M12 9v4"[31m
    [36m/>[31m
    [36m<path[31m
      [33md[31m=[32m"M12 17h.01"[31m
    [36m/>[31m
  [36m</svg>[31m
  [0mFinish Session[0m
[36m</h2>[31m

Ignored nodes: comments, script, style
[36m<button[31m
  [33mclass[31m=[32m"inline-flex items-center justify-center gap-2 whitespace-nowrap rounded-md text-sm font-medium transition-all disabled:pointer-events-none disabled:opacity-50 [&_svg]:pointer-events-none [&_svg:not([class*='size-'])]:size-4 shrink-0 [&_svg]:shrink-0 outline-none focus-visible:border-ring focus-visible:ring-ring/50 focus-visible:ring-[3px] aria-invalid:ring-destructive/20 dark:aria-invalid:ring-destructive/40 aria-invalid:border-destructive active:translate-y-[1px] text-primary-foreground shadow-xs h-9 px-4 py-2 has-[>svg]:px-3 bg-amber-600 hover:bg-amber-700 dark:bg-amber-700 dark:hover:bg-amber-800"[31m
  [33mtype[31m=[32m"button"[31m
[36m>[31m
  [0mFinish Session[0m
[36m</button>[31m

(If this is intentional, then use the `*AllBy*` variant of the query (like `queryAllByText`, `getAllByText`, or `findAllByText`)).

Ignored nodes: comments, script, style
[36m<body[31m
  [33mdata-scroll-locked[31m=[32m"1"[31m
  [33mstyle[31m=[32m"pointer-events: none;"[31m
[36m>[31m
  [36m<span[31m
    [33maria-hidden[31m=[32m"true"[31m
    [33mdata-aria-hidden[31m=[32m"true"[31m
    [33mdata-radix-focus-guard[31m=[32m""[31m
    [33mstyle[31m=[32m"outline: none; opacity: 0; position: fixed; pointer-events: none;"[31m
    [33mtabindex[31m=[32m"0"[31m
  [36m/>[31m
  [36m<div[31m
    [33maria-hidden[31m=[32m"true"[31m
    [33mdata-aria-hidden[31m=[32m"true"[31m
  [36m/>[31m
  [36m<div[31m
    [33maria-hidden[31m=[32m"true"[31m
    [33mclass[31m=[32m"data-[state=open]:animate-in data-[state=closed]:animate-out data-[state=closed]:fade-out-0 data-[state=open]:fade-in-0 fixed inset-0 z-50 bg-black/50"[31m
    [33mdata-aria-hidden[31m=[32m"true"[31m
    [33mdata-slot[31m=[32m"alert-dialog-overlay"[31m
    [33mdata-state[31m=[32m"open"[31m
    [33mstyle[31m=[32m"pointer-events: auto;"[31m
  [36m/>[31m
  [36m<div[31m
    [33maria-describedby[31m=[32m"radix-:rk:"[31m
    [33maria-labelledby[31m=[32m"radix-:rj:"[31m
    [33mclass[31m=[32m"bg-background data-[state=open]:animate-in data-[state=closed]:animate-out data-[state=closed]:fade-out-0 data-[state=open]:fade-in-0 data-[state=closed]:zoom-out-95 data-[state=open]:zoom-in-95 fixed top-[50%] left-[50%] z-50 grid w-full translate-x-[-50%] translate-y-[-50%] gap-4 rounded-lg border p-6 shadow-lg duration-200 sm:max-w-lg max-w-md"[31m
    [33mdata-slot[31m=[32m"alert-dialog-content"[31m
    [33mdata-state[31m=[32m"open"[31m
    [33mid[31m=[32m"radix-:ri:"[31m
    [33mrole[31m=[32m"alertdialog"[31m
    [33mstyle[31m=[32m"pointer-events: auto;"[31m
    [33mtabindex[31m=[32m"-1"[31m
  [36m>[31m
    [36m<div[31m
      [33mclass[31m=[32m"flex flex-col gap-2 text-center sm:text-left"[31m
      [33mdata-slot[31m=[32m"alert-dialog-header"[31m
    [36m>[31m
      [36m<h2[31m
        [33mclass[31m=[32m"text-lg font-semibold flex items-center gap-2"[31m
        [33mdata-slot[31m=[32m"alert-dialog-title"[31m
        [33mid[31m=[32m"radix-:rj:"[31m
      [36m>[31m
        [36m<svg[31m
          [33mclass[31m=[32m"lucide lucide-triangle-alert h-5 w-5 text-amber-600"[31m
          [33mfill[31m=[32m"none"[31m
          [33mheight[31m=[32m"24"[31m
          [33mstroke[31m=[32m"currentColor"[31m
          [33mstroke-linecap[31m=[32m"round"[31m
          [33mstroke-linejoin[31m=[32m"round"[31m
          [33mstroke-width[31m=[32m"2"[31m
          [33mviewBox[31m=[32m"0 0 24 24"[31m
          [33mwidth[31m=[32m"24"[31m
          [33mxmlns[31m=[32m"http://www.w3.org/2000/svg"[31m
        [36m>[31m
          [36m<path[31m
            [33md[31m=[32m"m21.73 18-8-14a2 2 0 0 0-3.48 0l-8 14A2 2 0 0 0 4 21h16a2 2 0 0 0 1.73-3"[31m
          [36m/>[31m
          [36m<path[31m
            [33md[31m=[32m"M12 9v4"[31m
          [36m/>[31m
          [36m<path[31m
            [33md[31m=[32m"M12 17h.01"[31m
          [36m/>[31m
        [36m</svg>[31m
        [0mFinish Session[0m
      [36m</h2>[31m
      [36m<div[31m
        [33mclass[31m=[32m"text-muted-foreground text-sm space-y-3"[31m
        [33mdata-slot[31m=[32m"alert-dialog-description"[31m
        [33mid[31m=[32m"radix-:rk:"[31m
      [36m>[31m
        [36m<p>[31m
          [0mAre you sure you want to finish your workout session for[0m
          [0m [0m
          [36m<span[31m
            [33mclass[31m=[32m"font-medium"[31m
          [36m>[31m
            [0mPush Day[0m
          [36m</span>[31m
          [0m?[0m
        [36m</p>[31m
        [36m<div[31m
          [33mclass[31m=[32m"bg-muted/50 rounded-lg p-3 space-y-2"[31m
        [36m>[31m
          [36m<div[31m
            [33mclass[31m=[32m"flex items-center justify-between"[31m
          [36m>[31m
            [36m<span[31m
              [33mclass[31m=[32m"text-sm font-medium"[31m
            [36m>[31m
              [0mProgress[0m
            [36m</span>[31m
            [36m<span[31m
              [33mclass[31m=[32m"inline-flex items-center justify-center rounded-md border px-2 py-0.5 text-xs font-medium w-fit whitespace-nowrap shrink-0 [&>svg]:size-3 gap-1 [&>svg]:pointer-events-none focus-visible:border-ring focus-visible:ring-ring/50 focus-visible:ring-[3px] aria-invalid:ring-destructive/20 dark:aria-invalid:ring-destructive/40 aria-invalid:border-destructive transition-[color,box-shadow] overflow-hidden border-transparent bg-secondary text-secondary-foreground [a&]:hover:bg-secondary/90"[31m
              [33mdata-slot[31m=[32m"badge"[31m
            [36m>[31m
              [0m67[0m
              [0m%[0m
            [36m</span>[31m
          [36m</div>[31m
          [36m<div[31m
            [33mclass[31m=[32m"flex items-center gap-2 text-sm"[31m
          [36m>[31m
            [36m<svg[31m
              [33mclass[31m=[32m"lucide lucide-target h-4 w-4 text-muted-foreground"[31m
              [33mfill[31m=[32m"none"[31m
              [33mheight[31m=[32m"24"[31m
              [33mstroke[31m=[32m"currentColor"[31m
              [33mstroke-linecap[31m=[32m"round"[31m
              [33mstroke-linejoin[31m=[32m"round"[31m
              [33mstroke-width[31m=[32m"2"[31m
              [33mviewBox[31m=[32m"0 0 24 24"[31m
              [33mwidth[31m=[32m"24"[31m
              [33mxmlns[31m=[32m"http://www.w3.org/2000/svg"[31m
            [36m>[31m
              [36m<circle[31m
                [33mcx[31m=[32m"12"[31m
                [33mcy[31m=[32m"12"[31m
                [33mr[31m=[32m"10"[31m
              [36m/>[31m
              [36m<circle[31m
                [33mcx[31m=[32m"12"[31m
                [33mcy[31m=[32m"12"[31m
                [33mr[31m=[32m"6"[31m
              [36m/>[31m
              [36m<circle[31m
                [33mcx[31m=[32m"12"[31m
                [33mcy[31m=[32m"12"[31m
                [33mr[31m=[32m"2"[31m
              [36m/>[31m
            [36m</svg>[31m
            [36m<span>[31m
              [0m8[0m
              [0m of [0m
              [0m12[0m
              [0m sets completed[0m
            [36m</span>[31m
          [36m</div>[31m
          [36m<div[31m
            [33mclass[31m=[32m"flex items-center gap-2 text-sm text-amber-700 dark:text-amber-300"[31m
          [36m>[31m
            [36m<svg[31m
              [33mclass[31m=[32m"lucide lucide-triangle-alert h-4 w-4"[31m
              [33mfill[31m=[32m"none"[31m
              [33mheight[31m=[32m"24"[31m
              [33mstroke[31m=[32m"currentColor"[31m
              [33mstroke-linecap[31m=[32m"round"[31m
              [33mstroke-linejoin[31m=[32m"round"[31m
              [33mstroke-width[31m=[32m"2"[31m
              [33mviewBox[31m=[32m"0 0 24 24"[31m
              [33mwidth[31m=[32m"24"[31m
              [33mxmlns[31m=[32m"http://www.w3.org/2000/svg"[31m
            [36m>[31m
              [36m<path[31m
                [33md[31m=[32m"m21.73 18-8-14a2 2 0 0 0-3.48 0l-8 14A2 2 0 0 0 4 21h16a2 2 0 0 0 1.73-3"[31m
              [36m/>[31m
              [36m<path[31m
                [33md[31m=[32m"M12 9v4"[31m
              [36m/>[31m
              [36m<path[31m
                [33md[31m=[32m"M12 17h.01"[31m
              [36m/>[31m
            [36m</svg>[31m
            [36m<span>[31m
              [0m4[0m
              [0m set[0m
              [0ms[0m
              [0m remaining[0m
            [36m</span>[31m
          [36m</div>[31m
        [36m</div>[31m
        [36m<div[31m
          [33mclass[31m=[32m"bg-amber-50 dark:bg-amber-950/20 border border-amber-200 dark:border-amber-800 rounded-lg p-3"[31m
        [36m>[31m
          [36m<p[31m
            [33mclass[31m=[32m"text-sm text-amber-800 dark:text-amber-200"[31m
          [36m>[31m
            [36m<strong>[31m
              [0mNote:[0m
            [36m</strong>[31m
            [0m Finishing with incomplete sets will still save your progress, but you won't get the full benefit of the workout.[0m
          [36m</p>[31m
        [36m</div>[31m
      [36m</div>[31m
    [36m</div>[31m
    [36m<div[31m
      [33mclass[31m=[32m"flex flex-col-reverse gap-2 sm:flex-row sm:justify-end"[31m
      [33mdata-slot[31m=[32m"alert-dialog-footer"[31m
    [36m>[31m
      [36m<button[31m
        [33mclass[31m=[32m"inline-flex items-center justify-center gap-2 whitespace-nowrap rounded-md text-sm font-medium transition-all disabled:pointer-events-none disabled:opacity-50 [&_svg]:pointer-events-none [&_svg:not([class*='size-'])]:size-4 shrink-0 [&_svg]:shrink-0 outline-none focus-visible:border-ring focus-visible:ring-ring/50 focus-visible:ring-[3px] aria-invalid:ring-destructive/20 dark:aria-invalid:ring-destructive/40 aria-invalid:border-destructive active:translate-y-[1px] border bg-background shadow-xs hover:bg-accent hover:text-accent-foreground dark:bg-input/30 dark:border-input dark:hover:bg-input/50 h-9 px-4 py-2 has-[>svg]:px-3"[31m
        [33mtype[31m=[32m"button"[31m
      [36m>[31m
        [0mCancel[0m
      [36m</button>[31m
      [36m<button[31m
        [33mclass[31m=[32m"inline-flex items-center justify-center gap-2 whitespace-nowrap rounded-md text-sm font-medium transition-all disabled:pointer-events-none disabled:opacity-50 [&_svg]:pointer-events-none [&_svg:not([class*='size-'])]:size-4 shrink-0 [&_svg]:shrink-0 outline-none focus-visible:border-ring focus-visible:ring-ring/50 focus-visible:ring-[3px] aria-invalid:ring-destructive/20 dark:aria-invalid:ring-destructive/40 aria-invalid:border-destructive active:translate-y-[1px] text-primary-foreground shadow-xs h-9 px-4 py-2 has-[>svg]:px-3 bg-amber-600 hover:bg-amber-700 dark:bg-amber-700 dark:hover:bg-amber-800"[31m
        [33mtype[31m=[32m"button"[31m
      [36m>[31m
        [0mFinish Session[0m
      [36m</button>[31m
    [36m</div>[31m
  [36m</div>[31m
  [36m<span[31m
    [33maria-hidden[31m=[32m"true"[31m
    [33mdata-aria-hidden[31m=[32m"true"[31m
    [33mdata-radix-focus-guard[31m=[32m""[31m
    [33mstyle[31m=[32m"outline: none; opacity: 0; position: fixed; pointer-events: none;"[31m
    [33mtabindex[31m=[32m"0"[31m
  [36m/>[31m
[36m</body>[31m[39m
[31m   [31m├ù[31m SessionConfirmationDialog[2m > [22mshould show loading state when finishing[90m 60[2mms[22m[31m[39m
[31m     ÔåÆ [2mexpect([22m[31melement[31m[2m).not.toBeInTheDocument()[22m

[31mexpected document not to contain element, found <h2
  class="text-lg font-semibold flex items-center gap-2"
  data-slot="alert-dialog-title"
  id="radix-:rp:"
>
  <svg
    class="lucide lucide-triangle-alert h-5 w-5 text-amber-600"
    fill="none"
    height="24"
    stroke="currentColor"
    stroke-linecap="round"
    stroke-linejoin="round"
    stroke-width="2"
    viewBox="0 0 24 24"
    width="24"
    xmlns="http://www.w3.org/2000/svg"
  >
    <path
      d="m21.73 18-8-14a2 2 0 0 0-3.48 0l-8 14A2 2 0 0 0 4 21h16a2 2 0 0 0 1.73-3"
    />
    <path
      d="M12 9v4"
    />
    <path
      d="M12 17h.01"
    />
  </svg>
  Finish Session
</h2> instead[31m[39m
[31m   [31m├ù[31m SessionConfirmationDialog[2m > [22mshould handle zero progress[90m 43[2mms[22m[31m[39m
[31m     ÔåÆ Unable to find an element with the text: 0 / 10 sets completed (0%). This could be because the text is broken up by multiple elements. In this case, you can provide a function for your text matcher to make your matcher more flexible.

Ignored nodes: comments, script, style
[36m<body[31m
  [33mdata-scroll-locked[31m=[32m"1"[31m
  [33mstyle[31m=[32m"pointer-events: none;"[31m
[36m>[31m
  [36m<span[31m
    [33maria-hidden[31m=[32m"true"[31m
    [33mdata-aria-hidden[31m=[32m"true"[31m
    [33mdata-radix-focus-guard[31m=[32m""[31m
    [33mstyle[31m=[32m"outline: none; opacity: 0; position: fixed; pointer-events: none;"[31m
    [33mtabindex[31m=[32m"0"[31m
  [36m/>[31m
  [36m<div[31m
    [33maria-hidden[31m=[32m"true"[31m
    [33mdata-aria-hidden[31m=[32m"true"[31m
  [36m/>[31m
  [36m<div[31m
    [33maria-hidden[31m=[32m"true"[31m
    [33mclass[31m=[32m"data-[state=open]:animate-in data-[state=closed]:animate-out data-[state=closed]:fade-out-0 data-[state=open]:fade-in-0 fixed inset-0 z-50 bg-black/50"[31m
    [33mdata-aria-hidden[31m=[32m"true"[31m
    [33mdata-slot[31m=[32m"alert-dialog-overlay"[31m
    [33mdata-state[31m=[32m"open"[31m
    [33mstyle[31m=[32m"pointer-events: auto;"[31m
  [36m/>[31m
  [36m<div[31m
    [33maria-describedby[31m=[32m"radix-:rt:"[31m
    [33maria-labelledby[31m=[32m"radix-:rs:"[31m
    [33mclass[31m=[32m"bg-background data-[state=open]:animate-in data-[state=closed]:animate-out data-[state=closed]:fade-out-0 data-[state=open]:fade-in-0 data-[state=closed]:zoom-out-95 data-[state=open]:zoom-in-95 fixed top-[50%] left-[50%] z-50 grid w-full translate-x-[-50%] translate-y-[-50%] gap-4 rounded-lg border p-6 shadow-lg duration-200 sm:max-w-lg max-w-md"[31m
    [33mdata-slot[31m=[32m"alert-dialog-content"[31m
    [33mdata-state[31m=[32m"open"[31m
    [33mid[31m=[32m"radix-:rr:"[31m
    [33mrole[31m=[32m"alertdialog"[31m
    [33mstyle[31m=[32m"pointer-events: auto;"[31m
    [33mtabindex[31m=[32m"-1"[31m
  [36m>[31m
    [36m<div[31m
      [33mclass[31m=[32m"flex flex-col gap-2 text-center sm:text-left"[31m
      [33mdata-slot[31m=[32m"alert-dialog-header"[31m
    [36m>[31m
      [36m<h2[31m
        [33mclass[31m=[32m"text-lg font-semibold flex items-center gap-2"[31m
        [33mdata-slot[31m=[32m"alert-dialog-title"[31m
        [33mid[31m=[32m"radix-:rs:"[31m
      [36m>[31m
        [36m<svg[31m
          [33mclass[31m=[32m"lucide lucide-triangle-alert h-5 w-5 text-amber-600"[31m
          [33mfill[31m=[32m"none"[31m
          [33mheight[31m=[32m"24"[31m
          [33mstroke[31m=[32m"currentColor"[31m
          [33mstroke-linecap[31m=[32m"round"[31m
          [33mstroke-linejoin[31m=[32m"round"[31m
          [33mstroke-width[31m=[32m"2"[31m
          [33mviewBox[31m=[32m"0 0 24 24"[31m
          [33mwidth[31m=[32m"24"[31m
          [33mxmlns[31m=[32m"http://www.w3.org/2000/svg"[31m
        [36m>[31m
          [36m<path[31m
            [33md[31m=[32m"m21.73 18-8-14a2 2 0 0 0-3.48 0l-8 14A2 2 0 0 0 4 21h16a2 2 0 0 0 1.73-3"[31m
          [36m/>[31m
          [36m<path[31m
            [33md[31m=[32m"M12 9v4"[31m
          [36m/>[31m
          [36m<path[31m
            [33md[31m=[32m"M12 17h.01"[31m
          [36m/>[31m
        [36m</svg>[31m
        [0mFinish Session[0m
      [36m</h2>[31m
      [36m<div[31m
        [33mclass[31m=[32m"text-muted-foreground text-sm space-y-3"[31m
        [33mdata-slot[31m=[32m"alert-dialog-description"[31m
        [33mid[31m=[32m"radix-:rt:"[31m
      [36m>[31m
        [36m<p>[31m
          [0mAre you sure you want to finish your workout session for[0m
          [0m [0m
          [36m<span[31m
            [33mclass[31m=[32m"font-medium"[31m
          [36m>[31m
            [0mPush Day[0m
          [36m</span>[31m
          [0m?[0m
        [36m</p>[31m
        [36m<div[31m
          [33mclass[31m=[32m"bg-muted/50 rounded-lg p-3 space-y-2"[31m
        [36m>[31m
          [36m<div[31m
            [33mclass[31m=[32m"flex items-center justify-between"[31m
          [36m>[31m
            [36m<span[31m
              [33mclass[31m=[32m"text-sm font-medium"[31m
            [36m>[31m
              [0mProgress[0m
            [36m</span>[31m
            [36m<span[31m
              [33mclass[31m=[32m"inline-flex items-center justify-center rounded-md border px-2 py-0.5 text-xs font-medium w-fit whitespace-nowrap shrink-0 [&>svg]:size-3 gap-1 [&>svg]:pointer-events-none focus-visible:border-ring focus-visible:ring-ring/50 focus-visible:ring-[3px] aria-invalid:ring-destructive/20 dark:aria-invalid:ring-destructive/40 aria-invalid:border-destructive transition-[color,box-shadow] overflow-hidden border-transparent bg-secondary text-secondary-foreground [a&]:hover:bg-secondary/90"[31m
              [33mdata-slot[31m=[32m"badge"[31m
            [36m>[31m
              [0m0[0m
              [0m%[0m
            [36m</span>[31m
          [36m</div>[31m
          [36m<div[31m
            [33mclass[31m=[32m"flex items-center gap-2 text-sm"[31m
          [36m>[31m
            [36m<svg[31m
              [33mclass[31m=[32m"lucide lucide-target h-4 w-4 text-muted-foreground"[31m
              [33mfill[31m=[32m"none"[31m
              [33mheight[31m=[32m"24"[31m
              [33mstroke[31m=[32m"currentColor"[31m
              [33mstroke-linecap[31m=[32m"round"[31m
              [33mstroke-linejoin[31m=[32m"round"[31m
              [33mstroke-width[31m=[32m"2"[31m
              [33mviewBox[31m=[32m"0 0 24 24"[31m
              [33mwidth[31m=[32m"24"[31m
              [33mxmlns[31m=[32m"http://www.w3.org/2000/svg"[31m
            [36m>[31m
              [36m<circle[31m
                [33mcx[31m=[32m"12"[31m
                [33mcy[31m=[32m"12"[31m
                [33mr[31m=[32m"10"[31m
              [36m/>[31m
              [36m<circle[31m
                [33mcx[31m=[32m"12"[31m
                [33mcy[31m=[32m"12"[31m
                [33mr[31m=[32m"6"[31m
              [36m/>[31m
              [36m<circle[31m
                [33mcx[31m=[32m"12"[31m
                [33mcy[31m=[32m"12"[31m
                [33mr[31m=[32m"2"[31m
              [36m/>[31m
            [36m</svg>[31m
            [36m<span>[31m
              [0m0[0m
              [0m of [0m
              [0m10[0m
              [0m sets completed[0m
            [36m</span>[31m
          [36m</div>[31m
          [36m<div[31m
            [33mclass[31m=[32m"flex items-center gap-2 text-sm text-amber-700 dark:text-amber-300"[31m
          [36m>[31m
            [36m<svg[31m
              [33mclass[31m=[32m"lucide lucide-triangle-alert h-4 w-4"[31m
              [33mfill[31m=[32m"none"[31m
              [33mheight[31m=[32m"24"[31m
              [33mstroke[31m=[32m"currentColor"[31m
              [33mstroke-linecap[31m=[32m"round"[31m
              [33mstroke-linejoin[31m=[32m"round"[31m
              [33mstroke-width[31m=[32m"2"[31m
              [33mviewBox[31m=[32m"0 0 24 24"[31m
              [33mwidth[31m=[32m"24"[31m
              [33mxmlns[31m=[32m"http://www.w3.org/2000/svg"[31m
            [36m>[31m
              [36m<path[31m
                [33md[31m=[32m"m21.73 18-8-14a2 2 0 0 0-3.48 0l-8 14A2 2 0 0 0 4 21h16a2 2 0 0 0 1.73-3"[31m
              [36m/>[31m
              [36m<path[31m
                [33md[31m=[32m"M12 9v4"[31m
              [36m/>[31m
              [36m<path[31m
                [33md[31m=[32m"M12 17h.01"[31m
              [36m/>[31m
            [36m</svg>[31m
            [36m<span>[31m
              [0m10[0m
              [0m set[0m
              [0ms[0m
              [0m remaining[0m
            [36m</span>[31m
          [36m</div>[31m
        [36m</div>[31m
        [36m<div[31m
          [33mclass[31m=[32m"bg-amber-50 dark:bg-amber-950/20 border border-amber-200 dark:border-amber-800 rounded-lg p-3"[31m
        [36m>[31m
          [36m<p[31m
            [33mclass[31m=[32m"text-sm text-amber-800 dark:text-amber-200"[31m
          [36m>[31m
            [36m<strong>[31m
              [0mNote:[0m
            [36m</strong>[31m
            [0m Finishing with incomplete sets will still save your progress, but you won't get the full benefit of the workout.[0m
          [36m</p>[31m
        [36m</div>[31m
      [36m</div>[31m
    [36m</div>[31m
    [36m<div[31m
      [33mclass[31m=[32m"flex flex-col-reverse gap-2 sm:flex-row sm:justify-end"[31m
      [33mdata-slot[31m=[32m"alert-dialog-footer"[31m
    [36m>[31m
      [36m<button[31m
        [33mclass[31m=[32m"inline-flex items-center justify-center gap-2 whitespace-nowrap rounded-md text-sm font-medium transition-all disabled:pointer-events-none disabled:opacity-50 [&_svg]:pointer-events-none [&_svg:not([class*='size-'])]:size-4 shrink-0 [&_svg]:shrink-0 outline-none focus-visible:border-ring focus-visible:ring-ring/50 focus-visible:ring-[3px] aria-invalid:ring-destructive/20 dark:aria-invalid:ring-destructive/40 aria-invalid:border-destructive active:translate-y-[1px] border bg-background shadow-xs hover:bg-accent hover:text-accent-foreground dark:bg-input/30 dark:border-input dark:hover:bg-input/50 h-9 px-4 py-2 has-[>svg]:px-3"[31m
        [33mtype[31m=[32m"button"[31m
      [36m>[31m
        [0mCancel[0m
      [36m</button>[31m
      [36m<button[31m
        [33mclass[31m=[32m"inline-flex items-center justify-center gap-2 whitespace-nowrap rounded-md text-sm font-medium transition-all disabled:pointer-events-none disabled:opacity-50 [&_svg]:pointer-events-none [&_svg:not([class*='size-'])]:size-4 shrink-0 [&_svg]:shrink-0 outline-none focus-visible:border-ring focus-visible:ring-ring/50 focus-visible:ring-[3px] aria-invalid:ring-destructive/20 dark:aria-invalid:ring-destructive/40 aria-invalid:border-destructive active:translate-y-[1px] text-primary-foreground shadow-xs h-9 px-4 py-2 has-[>svg]:px-3 bg-amber-600 hover:bg-amber-700 dark:bg-amber-700 dark:hover:bg-amber-800"[31m
        [33mtype[31m=[32m"button"[31m
      [36m>[31m
        [0mFinish Session[0m
      [36m</button>[31m
    [36m</div>[31m
  [36m</div>[31m
  [36m<span[31m
    [33maria-hidden[31m=[32m"true"[31m
    [33mdata-aria-hidden[31m=[32m"true"[31m
    [33mdata-radix-focus-guard[31m=[32m""[31m
    [33mstyle[31m=[32m"outline: none; opacity: 0; position: fixed; pointer-events: none;"[31m
    [33mtabindex[31m=[32m"0"[31m
  [36m/>[31m
[36m</body>[31m[39m
[31m   [31m├ù[31m SessionConfirmationDialog[2m > [22mshould handle partial completion correctly[90m 39[2mms[22m[31m[39m
[31m     ÔåÆ Unable to find an element with the text: 3 / 8 sets completed (38%). This could be because the text is broken up by multiple elements. In this case, you can provide a function for your text matcher to make your matcher more flexible.

Ignored nodes: comments, script, style
[36m<body[31m
  [33mdata-scroll-locked[31m=[32m"1"[31m
  [33mstyle[31m=[32m"pointer-events: none;"[31m
[36m>[31m
  [36m<span[31m
    [33maria-hidden[31m=[32m"true"[31m
    [33mdata-aria-hidden[31m=[32m"true"[31m
    [33mdata-radix-focus-guard[31m=[32m""[31m
    [33mstyle[31m=[32m"outline: none; opacity: 0; position: fixed; pointer-events: none;"[31m
    [33mtabindex[31m=[32m"0"[31m
  [36m/>[31m
  [36m<div[31m
    [33maria-hidden[31m=[32m"true"[31m
    [33mdata-aria-hidden[31m=[32m"true"[31m
  [36m/>[31m
  [36m<div[31m
    [33maria-hidden[31m=[32m"true"[31m
    [33mclass[31m=[32m"data-[state=open]:animate-in data-[state=closed]:animate-out data-[state=closed]:fade-out-0 data-[state=open]:fade-in-0 fixed inset-0 z-50 bg-black/50"[31m
    [33mdata-aria-hidden[31m=[32m"true"[31m
    [33mdata-slot[31m=[32m"alert-dialog-overlay"[31m
    [33mdata-state[31m=[32m"open"[31m
    [33mstyle[31m=[32m"pointer-events: auto;"[31m
  [36m/>[31m
  [36m<div[31m
    [33maria-describedby[31m=[32m"radix-:r10:"[31m
    [33maria-labelledby[31m=[32m"radix-:rv:"[31m
    [33mclass[31m=[32m"bg-background data-[state=open]:animate-in data-[state=closed]:animate-out data-[state=closed]:fade-out-0 data-[state=open]:fade-in-0 data-[state=closed]:zoom-out-95 data-[state=open]:zoom-in-95 fixed top-[50%] left-[50%] z-50 grid w-full translate-x-[-50%] translate-y-[-50%] gap-4 rounded-lg border p-6 shadow-lg duration-200 sm:max-w-lg max-w-md"[31m
    [33mdata-slot[31m=[32m"alert-dialog-content"[31m
    [33mdata-state[31m=[32m"open"[31m
    [33mid[31m=[32m"radix-:ru:"[31m
    [33mrole[31m=[32m"alertdialog"[31m
    [33mstyle[31m=[32m"pointer-events: auto;"[31m
    [33mtabindex[31m=[32m"-1"[31m
  [36m>[31m
    [36m<div[31m
      [33mclass[31m=[32m"flex flex-col gap-2 text-center sm:text-left"[31m
      [33mdata-slot[31m=[32m"alert-dialog-header"[31m
    [36m>[31m
      [36m<h2[31m
        [33mclass[31m=[32m"text-lg font-semibold flex items-center gap-2"[31m
        [33mdata-slot[31m=[32m"alert-dialog-title"[31m
        [33mid[31m=[32m"radix-:rv:"[31m
      [36m>[31m
        [36m<svg[31m
          [33mclass[31m=[32m"lucide lucide-triangle-alert h-5 w-5 text-amber-600"[31m
          [33mfill[31m=[32m"none"[31m
          [33mheight[31m=[32m"24"[31m
          [33mstroke[31m=[32m"currentColor"[31m
          [33mstroke-linecap[31m=[32m"round"[31m
          [33mstroke-linejoin[31m=[32m"round"[31m
          [33mstroke-width[31m=[32m"2"[31m
          [33mviewBox[31m=[32m"0 0 24 24"[31m
          [33mwidth[31m=[32m"24"[31m
          [33mxmlns[31m=[32m"http://www.w3.org/2000/svg"[31m
        [36m>[31m
          [36m<path[31m
            [33md[31m=[32m"m21.73 18-8-14a2 2 0 0 0-3.48 0l-8 14A2 2 0 0 0 4 21h16a2 2 0 0 0 1.73-3"[31m
          [36m/>[31m
          [36m<path[31m
            [33md[31m=[32m"M12 9v4"[31m
          [36m/>[31m
          [36m<path[31m
            [33md[31m=[32m"M12 17h.01"[31m
          [36m/>[31m
        [36m</svg>[31m
        [0mFinish Session[0m
      [36m</h2>[31m
      [36m<div[31m
        [33mclass[31m=[32m"text-muted-foreground text-sm space-y-3"[31m
        [33mdata-slot[31m=[32m"alert-dialog-description"[31m
        [33mid[31m=[32m"radix-:r10:"[31m
      [36m>[31m
        [36m<p>[31m
          [0mAre you sure you want to finish your workout session for[0m
          [0m [0m
          [36m<span[31m
            [33mclass[31m=[32m"font-medium"[31m
          [36m>[31m
            [0mPush Day[0m
          [36m</span>[31m
          [0m?[0m
        [36m</p>[31m
        [36m<div[31m
          [33mclass[31m=[32m"bg-muted/50 rounded-lg p-3 space-y-2"[31m
        [36m>[31m
          [36m<div[31m
            [33mclass[31m=[32m"flex items-center justify-between"[31m
          [36m>[31m
            [36m<span[31m
              [33mclass[31m=[32m"text-sm font-medium"[31m
            [36m>[31m
              [0mProgress[0m
            [36m</span>[31m
            [36m<span[31m
              [33mclass[31m=[32m"inline-flex items-center justify-center rounded-md border px-2 py-0.5 text-xs font-medium w-fit whitespace-nowrap shrink-0 [&>svg]:size-3 gap-1 [&>svg]:pointer-events-none focus-visible:border-ring focus-visible:ring-ring/50 focus-visible:ring-[3px] aria-invalid:ring-destructive/20 dark:aria-invalid:ring-destructive/40 aria-invalid:border-destructive transition-[color,box-shadow] overflow-hidden border-transparent bg-secondary text-secondary-foreground [a&]:hover:bg-secondary/90"[31m
              [33mdata-slot[31m=[32m"badge"[31m
            [36m>[31m
              [0m38[0m
              [0m%[0m
            [36m</span>[31m
          [36m</div>[31m
          [36m<div[31m
            [33mclass[31m=[32m"flex items-center gap-2 text-sm"[31m
          [36m>[31m
            [36m<svg[31m
              [33mclass[31m=[32m"lucide lucide-target h-4 w-4 text-muted-foreground"[31m
              [33mfill[31m=[32m"none"[31m
              [33mheight[31m=[32m"24"[31m
              [33mstroke[31m=[32m"currentColor"[31m
              [33mstroke-linecap[31m=[32m"round"[31m
              [33mstroke-linejoin[31m=[32m"round"[31m
              [33mstroke-width[31m=[32m"2"[31m
              [33mviewBox[31m=[32m"0 0 24 24"[31m
              [33mwidth[31m=[32m"24"[31m
              [33mxmlns[31m=[32m"http://www.w3.org/2000/svg"[31m
            [36m>[31m
              [36m<circle[31m
                [33mcx[31m=[32m"12"[31m
                [33mcy[31m=[32m"12"[31m
                [33mr[31m=[32m"10"[31m
              [36m/>[31m
              [36m<circle[31m
                [33mcx[31m=[32m"12"[31m
                [33mcy[31m=[32m"12"[31m
                [33mr[31m=[32m"6"[31m
              [36m/>[31m
              [36m<circle[31m
                [33mcx[31m=[32m"12"[31m
                [33mcy[31m=[32m"12"[31m
                [33mr[31m=[32m"2"[31m
              [36m/>[31m
            [36m</svg>[31m
            [36m<span>[31m
              [0m3[0m
              [0m of [0m
              [0m8[0m
              [0m sets completed[0m
            [36m</span>[31m
          [36m</div>[31m
          [36m<div[31m
            [33mclass[31m=[32m"flex items-center gap-2 text-sm text-amber-700 dark:text-amber-300"[31m
          [36m>[31m
            [36m<svg[31m
              [33mclass[31m=[32m"lucide lucide-triangle-alert h-4 w-4"[31m
              [33mfill[31m=[32m"none"[31m
              [33mheight[31m=[32m"24"[31m
              [33mstroke[31m=[32m"currentColor"[31m
              [33mstroke-linecap[31m=[32m"round"[31m
              [33mstroke-linejoin[31m=[32m"round"[31m
              [33mstroke-width[31m=[32m"2"[31m
              [33mviewBox[31m=[32m"0 0 24 24"[31m
              [33mwidth[31m=[32m"24"[31m
              [33mxmlns[31m=[32m"http://www.w3.org/2000/svg"[31m
            [36m>[31m
              [36m<path[31m
                [33md[31m=[32m"m21.73 18-8-14a2 2 0 0 0-3.48 0l-8 14A2 2 0 0 0 4 21h16a2 2 0 0 0 1.73-3"[31m
              [36m/>[31m
              [36m<path[31m
                [33md[31m=[32m"M12 9v4"[31m
              [36m/>[31m
              [36m<path[31m
                [33md[31m=[32m"M12 17h.01"[31m
              [36m/>[31m
            [36m</svg>[31m
            [36m<span>[31m
              [0m5[0m
              [0m set[0m
              [0ms[0m
              [0m remaining[0m
            [36m</span>[31m
          [36m</div>[31m
        [36m</div>[31m
        [36m<div[31m
          [33mclass[31m=[32m"bg-amber-50 dark:bg-amber-950/20 border border-amber-200 dark:border-amber-800 rounded-lg p-3"[31m
        [36m>[31m
          [36m<p[31m
            [33mclass[31m=[32m"text-sm text-amber-800 dark:text-amber-200"[31m
          [36m>[31m
            [36m<strong>[31m
              [0mNote:[0m
            [36m</strong>[31m
            [0m Finishing with incomplete sets will still save your progress, but you won't get the full benefit of the workout.[0m
          [36m</p>[31m
        [36m</div>[31m
      [36m</div>[31m
    [36m</div>[31m
    [36m<div[31m
      [33mclass[31m=[32m"flex flex-col-reverse gap-2 sm:flex-row sm:justify-end"[31m
      [33mdata-slot[31m=[32m"alert-dialog-footer"[31m
    [36m>[31m
      [36m<button[31m
        [33mclass[31m=[32m"inline-flex items-center justify-center gap-2 whitespace-nowrap rounded-md text-sm font-medium transition-all disabled:pointer-events-none disabled:opacity-50 [&_svg]:pointer-events-none [&_svg:not([class*='size-'])]:size-4 shrink-0 [&_svg]:shrink-0 outline-none focus-visible:border-ring focus-visible:ring-ring/50 focus-visible:ring-[3px] aria-invalid:ring-destructive/20 dark:aria-invalid:ring-destructive/40 aria-invalid:border-destructive active:translate-y-[1px] border bg-background shadow-xs hover:bg-accent hover:text-accent-foreground dark:bg-input/30 dark:border-input dark:hover:bg-input/50 h-9 px-4 py-2 has-[>svg]:px-3"[31m
        [33mtype[31m=[32m"button"[31m
      [36m>[31m
        [0mCancel[0m
      [36m</button>[31m
      [36m<button[31m
        [33mclass[31m=[32m"inline-flex items-center justify-center gap-2 whitespace-nowrap rounded-md text-sm font-medium transition-all disabled:pointer-events-none disabled:opacity-50 [&_svg]:pointer-events-none [&_svg:not([class*='size-'])]:size-4 shrink-0 [&_svg]:shrink-0 outline-none focus-visible:border-ring focus-visible:ring-ring/50 focus-visible:ring-[3px] aria-invalid:ring-destructive/20 dark:aria-invalid:ring-destructive/40 aria-invalid:border-destructive active:translate-y-[1px] text-primary-foreground shadow-xs h-9 px-4 py-2 has-[>svg]:px-3 bg-amber-600 hover:bg-amber-700 dark:bg-amber-700 dark:hover:bg-amber-800"[31m
        [33mtype[31m=[32m"button"[31m
      [36m>[31m
        [0mFinish Session[0m
      [36m</button>[31m
    [36m</div>[31m
  [36m</div>[31m
  [36m<span[31m
    [33maria-hidden[31m=[32m"true"[31m
    [33mdata-aria-hidden[31m=[32m"true"[31m
    [33mdata-radix-focus-guard[31m=[32m""[31m
    [33mstyle[31m=[32m"outline: none; opacity: 0; position: fixed; pointer-events: none;"[31m
    [33mtabindex[31m=[32m"0"[31m
  [36m/>[31m
[36m</body>[31m[39m
[31m   [31m├ù[31m SessionConfirmationDialog[2m > [22mshould show appropriate styling for incomplete sessions[90m 39[2mms[22m[31m[39m
[31m     ÔåÆ Unable to find an element with the text: 8 / 12 sets completed (67%). This could be because the text is broken up by multiple elements. In this case, you can provide a function for your text matcher to make your matcher more flexible.

Ignored nodes: comments, script, style
[36m<body[31m
  [33mdata-scroll-locked[31m=[32m"1"[31m
  [33mstyle[31m=[32m"pointer-events: none;"[31m
[36m>[31m
  [36m<span[31m
    [33maria-hidden[31m=[32m"true"[31m
    [33mdata-aria-hidden[31m=[32m"true"[31m
    [33mdata-radix-focus-guard[31m=[32m""[31m
    [33mstyle[31m=[32m"outline: none; opacity: 0; position: fixed; pointer-events: none;"[31m
    [33mtabindex[31m=[32m"0"[31m
  [36m/>[31m
  [36m<div[31m
    [33maria-hidden[31m=[32m"true"[31m
    [33mdata-aria-hidden[31m=[32m"true"[31m
  [36m/>[31m
  [36m<div[31m
    [33maria-hidden[31m=[32m"true"[31m
    [33mclass[31m=[32m"data-[state=open]:animate-in data-[state=closed]:animate-out data-[state=closed]:fade-out-0 data-[state=open]:fade-in-0 fixed inset-0 z-50 bg-black/50"[31m
    [33mdata-aria-hidden[31m=[32m"true"[31m
    [33mdata-slot[31m=[32m"alert-dialog-overlay"[31m
    [33mdata-state[31m=[32m"open"[31m
    [33mstyle[31m=[32m"pointer-events: auto;"[31m
  [36m/>[31m
  [36m<div[31m
    [33maria-describedby[31m=[32m"radix-:r13:"[31m
    [33maria-labelledby[31m=[32m"radix-:r12:"[31m
    [33mclass[31m=[32m"bg-background data-[state=open]:animate-in data-[state=closed]:animate-out data-[state=closed]:fade-out-0 data-[state=open]:fade-in-0 data-[state=closed]:zoom-out-95 data-[state=open]:zoom-in-95 fixed top-[50%] left-[50%] z-50 grid w-full translate-x-[-50%] translate-y-[-50%] gap-4 rounded-lg border p-6 shadow-lg duration-200 sm:max-w-lg max-w-md"[31m
    [33mdata-slot[31m=[32m"alert-dialog-content"[31m
    [33mdata-state[31m=[32m"open"[31m
    [33mid[31m=[32m"radix-:r11:"[31m
    [33mrole[31m=[32m"alertdialog"[31m
    [33mstyle[31m=[32m"pointer-events: auto;"[31m
    [33mtabindex[31m=[32m"-1"[31m
  [36m>[31m
    [36m<div[31m
      [33mclass[31m=[32m"flex flex-col gap-2 text-center sm:text-left"[31m
      [33mdata-slot[31m=[32m"alert-dialog-header"[31m
    [36m>[31m
      [36m<h2[31m
        [33mclass[31m=[32m"text-lg font-semibold flex items-center gap-2"[31m
        [33mdata-slot[31m=[32m"alert-dialog-title"[31m
        [33mid[31m=[32m"radix-:r12:"[31m
      [36m>[31m
        [36m<svg[31m
          [33mclass[31m=[32m"lucide lucide-triangle-alert h-5 w-5 text-amber-600"[31m
          [33mfill[31m=[32m"none"[31m
          [33mheight[31m=[32m"24"[31m
          [33mstroke[31m=[32m"currentColor"[31m
          [33mstroke-linecap[31m=[32m"round"[31m
          [33mstroke-linejoin[31m=[32m"round"[31m
          [33mstroke-width[31m=[32m"2"[31m
          [33mviewBox[31m=[32m"0 0 24 24"[31m
          [33mwidth[31m=[32m"24"[31m
          [33mxmlns[31m=[32m"http://www.w3.org/2000/svg"[31m
        [36m>[31m
          [36m<path[31m
            [33md[31m=[32m"m21.73 18-8-14a2 2 0 0 0-3.48 0l-8 14A2 2 0 0 0 4 21h16a2 2 0 0 0 1.73-3"[31m
          [36m/>[31m
          [36m<path[31m
            [33md[31m=[32m"M12 9v4"[31m
          [36m/>[31m
          [36m<path[31m
            [33md[31m=[32m"M12 17h.01"[31m
          [36m/>[31m
        [36m</svg>[31m
        [0mFinish Session[0m
      [36m</h2>[31m
      [36m<div[31m
        [33mclass[31m=[32m"text-muted-foreground text-sm space-y-3"[31m
        [33mdata-slot[31m=[32m"alert-dialog-description"[31m
        [33mid[31m=[32m"radix-:r13:"[31m
      [36m>[31m
        [36m<p>[31m
          [0mAre you sure you want to finish your workout session for[0m
          [0m [0m
          [36m<span[31m
            [33mclass[31m=[32m"font-medium"[31m
          [36m>[31m
            [0mPush Day[0m
          [36m</span>[31m
          [0m?[0m
        [36m</p>[31m
        [36m<div[31m
          [33mclass[31m=[32m"bg-muted/50 rounded-lg p-3 space-y-2"[31m
        [36m>[31m
          [36m<div[31m
            [33mclass[31m=[32m"flex items-center justify-between"[31m
          [36m>[31m
            [36m<span[31m
              [33mclass[31m=[32m"text-sm font-medium"[31m
            [36m>[31m
              [0mProgress[0m
            [36m</span>[31m
            [36m<span[31m
              [33mclass[31m=[32m"inline-flex items-center justify-center rounded-md border px-2 py-0.5 text-xs font-medium w-fit whitespace-nowrap shrink-0 [&>svg]:size-3 gap-1 [&>svg]:pointer-events-none focus-visible:border-ring focus-visible:ring-ring/50 focus-visible:ring-[3px] aria-invalid:ring-destructive/20 dark:aria-invalid:ring-destructive/40 aria-invalid:border-destructive transition-[color,box-shadow] overflow-hidden border-transparent bg-secondary text-secondary-foreground [a&]:hover:bg-secondary/90"[31m
              [33mdata-slot[31m=[32m"badge"[31m
            [36m>[31m
              [0m67[0m
              [0m%[0m
            [36m</span>[31m
          [36m</div>[31m
          [36m<div[31m
            [33mclass[31m=[32m"flex items-center gap-2 text-sm"[31m
          [36m>[31m
            [36m<svg[31m
              [33mclass[31m=[32m"lucide lucide-target h-4 w-4 text-muted-foreground"[31m
              [33mfill[31m=[32m"none"[31m
              [33mheight[31m=[32m"24"[31m
              [33mstroke[31m=[32m"currentColor"[31m
              [33mstroke-linecap[31m=[32m"round"[31m
              [33mstroke-linejoin[31m=[32m"round"[31m
              [33mstroke-width[31m=[32m"2"[31m
              [33mviewBox[31m=[32m"0 0 24 24"[31m
              [33mwidth[31m=[32m"24"[31m
              [33mxmlns[31m=[32m"http://www.w3.org/2000/svg"[31m
            [36m>[31m
              [36m<circle[31m
                [33mcx[31m=[32m"12"[31m
                [33mcy[31m=[32m"12"[31m
                [33mr[31m=[32m"10"[31m
              [36m/>[31m
              [36m<circle[31m
                [33mcx[31m=[32m"12"[31m
                [33mcy[31m=[32m"12"[31m
                [33mr[31m=[32m"6"[31m
              [36m/>[31m
              [36m<circle[31m
                [33mcx[31m=[32m"12"[31m
                [33mcy[31m=[32m"12"[31m
                [33mr[31m=[32m"2"[31m
              [36m/>[31m
            [36m</svg>[31m
            [36m<span>[31m
              [0m8[0m
              [0m of [0m
              [0m12[0m
              [0m sets completed[0m
            [36m</span>[31m
          [36m</div>[31m
          [36m<div[31m
            [33mclass[31m=[32m"flex items-center gap-2 text-sm text-amber-700 dark:text-amber-300"[31m
          [36m>[31m
            [36m<svg[31m
              [33mclass[31m=[32m"lucide lucide-triangle-alert h-4 w-4"[31m
              [33mfill[31m=[32m"none"[31m
              [33mheight[31m=[32m"24"[31m
              [33mstroke[31m=[32m"currentColor"[31m
              [33mstroke-linecap[31m=[32m"round"[31m
              [33mstroke-linejoin[31m=[32m"round"[31m
              [33mstroke-width[31m=[32m"2"[31m
              [33mviewBox[31m=[32m"0 0 24 24"[31m
              [33mwidth[31m=[32m"24"[31m
              [33mxmlns[31m=[32m"http://www.w3.org/2000/svg"[31m
            [36m>[31m
              [36m<path[31m
                [33md[31m=[32m"m21.73 18-8-14a2 2 0 0 0-3.48 0l-8 14A2 2 0 0 0 4 21h16a2 2 0 0 0 1.73-3"[31m
              [36m/>[31m
              [36m<path[31m
                [33md[31m=[32m"M12 9v4"[31m
              [36m/>[31m
              [36m<path[31m
                [33md[31m=[32m"M12 17h.01"[31m
              [36m/>[31m
            [36m</svg>[31m
            [36m<span>[31m
              [0m4[0m
              [0m set[0m
              [0ms[0m
              [0m remaining[0m
            [36m</span>[31m
          [36m</div>[31m
        [36m</div>[31m
        [36m<div[31m
          [33mclass[31m=[32m"bg-amber-50 dark:bg-amber-950/20 border border-amber-200 dark:border-amber-800 rounded-lg p-3"[31m
        [36m>[31m
          [36m<p[31m
            [33mclass[31m=[32m"text-sm text-amber-800 dark:text-amber-200"[31m
          [36m>[31m
            [36m<strong>[31m
              [0mNote:[0m
            [36m</strong>[31m
            [0m Finishing with incomplete sets will still save your progress, but you won't get the full benefit of the workout.[0m
          [36m</p>[31m
        [36m</div>[31m
      [36m</div>[31m
    [36m</div>[31m
    [36m<div[31m
      [33mclass[31m=[32m"flex flex-col-reverse gap-2 sm:flex-row sm:justify-end"[31m
      [33mdata-slot[31m=[32m"alert-dialog-footer"[31m
    [36m>[31m
      [36m<button[31m
        [33mclass[31m=[32m"inline-flex items-center justify-center gap-2 whitespace-nowrap rounded-md text-sm font-medium transition-all disabled:pointer-events-none disabled:opacity-50 [&_svg]:pointer-events-none [&_svg:not([class*='size-'])]:size-4 shrink-0 [&_svg]:shrink-0 outline-none focus-visible:border-ring focus-visible:ring-ring/50 focus-visible:ring-[3px] aria-invalid:ring-destructive/20 dark:aria-invalid:ring-destructive/40 aria-invalid:border-destructive active:translate-y-[1px] border bg-background shadow-xs hover:bg-accent hover:text-accent-foreground dark:bg-input/30 dark:border-input dark:hover:bg-input/50 h-9 px-4 py-2 has-[>svg]:px-3"[31m
        [33mtype[31m=[32m"button"[31m
      [36m>[31m
        [0mCancel[0m
      [36m</button>[31m
      [36m<button[31m
        [33mclass[31m=[32m"inline-flex items-center justify-center gap-2 whitespace-nowrap rounded-md text-sm font-medium transition-all disabled:pointer-events-none disabled:opacity-50 [&_svg]:pointer-events-none [&_svg:not([class*='size-'])]:size-4 shrink-0 [&_svg]:shrink-0 outline-none focus-visible:border-ring focus-visible:ring-ring/50 focus-visible:ring-[3px] aria-invalid:ring-destructive/20 dark:aria-invalid:ring-destructive/40 aria-invalid:border-destructive active:translate-y-[1px] text-primary-foreground shadow-xs h-9 px-4 py-2 has-[>svg]:px-3 bg-amber-600 hover:bg-amber-700 dark:bg-amber-700 dark:hover:bg-amber-800"[31m
        [33mtype[31m=[32m"button"[31m
      [36m>[31m
        [0mFinish Session[0m
      [36m</button>[31m
    [36m</div>[31m
  [36m</div>[31m
  [36m<span[31m
    [33maria-hidden[31m=[32m"true"[31m
    [33mdata-aria-hidden[31m=[32m"true"[31m
    [33mdata-radix-focus-guard[31m=[32m""[31m
    [33mstyle[31m=[32m"outline: none; opacity: 0; position: fixed; pointer-events: none;"[31m
    [33mtabindex[31m=[32m"0"[31m
  [36m/>[31m
[36m</body>[31m[39m
[31m   [31m├ù[31m SessionConfirmationDialog[2m > [22mshould show appropriate styling for complete sessions[90m 46[2mms[22m[31m[39m
[31m     ÔåÆ Unable to find an element with the text: 12 / 12 sets completed (100%). This could be because the text is broken up by multiple elements. In this case, you can provide a function for your text matcher to make your matcher more flexible.

Ignored nodes: comments, script, style
[36m<body[31m
  [33mdata-scroll-locked[31m=[32m"1"[31m
  [33mstyle[31m=[32m"pointer-events: none;"[31m
[36m>[31m
  [36m<span[31m
    [33maria-hidden[31m=[32m"true"[31m
    [33mdata-aria-hidden[31m=[32m"true"[31m
    [33mdata-radix-focus-guard[31m=[32m""[31m
    [33mstyle[31m=[32m"outline: none; opacity: 0; position: fixed; pointer-events: none;"[31m
    [33mtabindex[31m=[32m"0"[31m
  [36m/>[31m
  [36m<div[31m
    [33maria-hidden[31m=[32m"true"[31m
    [33mdata-aria-hidden[31m=[32m"true"[31m
  [36m/>[31m
  [36m<div[31m
    [33maria-hidden[31m=[32m"true"[31m
    [33mclass[31m=[32m"data-[state=open]:animate-in data-[state=closed]:animate-out data-[state=closed]:fade-out-0 data-[state=open]:fade-in-0 fixed inset-0 z-50 bg-black/50"[31m
    [33mdata-aria-hidden[31m=[32m"true"[31m
    [33mdata-slot[31m=[32m"alert-dialog-overlay"[31m
    [33mdata-state[31m=[32m"open"[31m
    [33mstyle[31m=[32m"pointer-events: auto;"[31m
  [36m/>[31m
  [36m<div[31m
    [33maria-describedby[31m=[32m"radix-:r16:"[31m
    [33maria-labelledby[31m=[32m"radix-:r15:"[31m
    [33mclass[31m=[32m"bg-background data-[state=open]:animate-in data-[state=closed]:animate-out data-[state=closed]:fade-out-0 data-[state=open]:fade-in-0 data-[state=closed]:zoom-out-95 data-[state=open]:zoom-in-95 fixed top-[50%] left-[50%] z-50 grid w-full translate-x-[-50%] translate-y-[-50%] gap-4 rounded-lg border p-6 shadow-lg duration-200 sm:max-w-lg max-w-md"[31m
    [33mdata-slot[31m=[32m"alert-dialog-content"[31m
    [33mdata-state[31m=[32m"open"[31m
    [33mid[31m=[32m"radix-:r14:"[31m
    [33mrole[31m=[32m"alertdialog"[31m
    [33mstyle[31m=[32m"pointer-events: auto;"[31m
    [33mtabindex[31m=[32m"-1"[31m
  [36m>[31m
    [36m<div[31m
      [33mclass[31m=[32m"flex flex-col gap-2 text-center sm:text-left"[31m
      [33mdata-slot[31m=[32m"alert-dialog-header"[31m
    [36m>[31m
      [36m<h2[31m
        [33mclass[31m=[32m"text-lg font-semibold flex items-center gap-2"[31m
        [33mdata-slot[31m=[32m"alert-dialog-title"[31m
        [33mid[31m=[32m"radix-:r15:"[31m
      [36m>[31m
        [36m<svg[31m
          [33mclass[31m=[32m"lucide lucide-circle-check-big h-5 w-5 text-green-600"[31m
          [33mfill[31m=[32m"none"[31m
          [33mheight[31m=[32m"24"[31m
          [33mstroke[31m=[32m"currentColor"[31m
          [33mstroke-linecap[31m=[32m"round"[31m
          [33mstroke-linejoin[31m=[32m"round"[31m
          [33mstroke-width[31m=[32m"2"[31m
          [33mviewBox[31m=[32m"0 0 24 24"[31m
          [33mwidth[31m=[32m"24"[31m
          [33mxmlns[31m=[32m"http://www.w3.org/2000/svg"[31m
        [36m>[31m
          [36m<path[31m
            [33md[31m=[32m"M21.801 10A10 10 0 1 1 17 3.335"[31m
          [36m/>[31m
          [36m<path[31m
            [33md[31m=[32m"m9 11 3 3L22 4"[31m
          [36m/>[31m
        [36m</svg>[31m
        [0mFinish Session[0m
      [36m</h2>[31m
      [36m<div[31m
        [33mclass[31m=[32m"text-muted-foreground text-sm space-y-3"[31m
        [33mdata-slot[31m=[32m"alert-dialog-description"[31m
        [33mid[31m=[32m"radix-:r16:"[31m
      [36m>[31m
        [36m<p>[31m
          [0mAre you sure you want to finish your workout session for[0m
          [0m [0m
          [36m<span[31m
            [33mclass[31m=[32m"font-medium"[31m
          [36m>[31m
            [0mPush Day[0m
          [36m</span>[31m
          [0m?[0m
        [36m</p>[31m
        [36m<div[31m
          [33mclass[31m=[32m"bg-muted/50 rounded-lg p-3 space-y-2"[31m
        [36m>[31m
          [36m<div[31m
            [33mclass[31m=[32m"flex items-center justify-between"[31m
          [36m>[31m
            [36m<span[31m
              [33mclass[31m=[32m"text-sm font-medium"[31m
            [36m>[31m
              [0mProgress[0m
            [36m</span>[31m
            [36m<span[31m
              [33mclass[31m=[32m"inline-flex items-center justify-center rounded-md border px-2 py-0.5 text-xs font-medium w-fit whitespace-nowrap shrink-0 [&>svg]:size-3 gap-1 [&>svg]:pointer-events-none focus-visible:border-ring focus-visible:ring-ring/50 focus-visible:ring-[3px] aria-invalid:ring-destructive/20 dark:aria-invalid:ring-destructive/40 aria-invalid:border-destructive transition-[color,box-shadow] overflow-hidden border-transparent bg-primary text-primary-foreground [a&]:hover:bg-primary/90"[31m
              [33mdata-slot[31m=[32m"badge"[31m
            [36m>[31m
              [0m100[0m
              [0m%[0m
            [36m</span>[31m
          [36m</div>[31m
          [36m<div[31m
            [33mclass[31m=[32m"flex items-center gap-2 text-sm"[31m
          [36m>[31m
            [36m<svg[31m
              [33mclass[31m=[32m"lucide lucide-target h-4 w-4 text-muted-foreground"[31m
              [33mfill[31m=[32m"none"[31m
              [33mheight[31m=[32m"24"[31m
              [33mstroke[31m=[32m"currentColor"[31m
              [33mstroke-linecap[31m=[32m"round"[31m
              [33mstroke-linejoin[31m=[32m"round"[31m
              [33mstroke-width[31m=[32m"2"[31m
              [33mviewBox[31m=[32m"0 0 24 24"[31m
              [33mwidth[31m=[32m"24"[31m
              [33mxmlns[31m=[32m"http://www.w3.org/2000/svg"[31m
            [36m>[31m
              [36m<circle[31m
                [33mcx[31m=[32m"12"[31m
                [33mcy[31m=[32m"12"[31m
                [33mr[31m=[32m"10"[31m
              [36m/>[31m
              [36m<circle[31m
                [33mcx[31m=[32m"12"[31m
                [33mcy[31m=[32m"12"[31m
                [33mr[31m=[32m"6"[31m
              [36m/>[31m
              [36m<circle[31m
                [33mcx[31m=[32m"12"[31m
                [33mcy[31m=[32m"12"[31m
                [33mr[31m=[32m"2"[31m
              [36m/>[31m
            [36m</svg>[31m
            [36m<span>[31m
              [0m12[0m
              [0m of [0m
              [0m12[0m
              [0m sets completed[0m
            [36m</span>[31m
          [36m</div>[31m
        [36m</div>[31m
        [36m<div[31m
          [33mclass[31m=[32m"bg-green-50 dark:bg-green-950/20 border border-green-200 dark:border-green-800 rounded-lg p-3"[31m
        [36m>[31m
          [36m<p[31m
            [33mclass[31m=[32m"text-sm text-green-800 dark:text-green-200"[31m
          [36m>[31m
            [36m<strong>[31m
              [0mGreat job![0m
            [36m</strong>[31m
            [0m You've completed all sets. Your progress will be saved and applied to future workouts.[0m
          [36m</p>[31m
        [36m</div>[31m
      [36m</div>[31m
    [36m</div>[31m
    [36m<div[31m
      [33mclass[31m=[32m"flex flex-col-reverse gap-2 sm:flex-row sm:justify-end"[31m
      [33mdata-slot[31m=[32m"alert-dialog-footer"[31m
    [36m>[31m
      [36m<button[31m
        [33mclass[31m=[32m"inline-flex items-center justify-center gap-2 whitespace-nowrap rounded-md text-sm font-medium transition-all disabled:pointer-events-none disabled:opacity-50 [&_svg]:pointer-events-none [&_svg:not([class*='size-'])]:size-4 shrink-0 [&_svg]:shrink-0 outline-none focus-visible:border-ring focus-visible:ring-ring/50 focus-visible:ring-[3px] aria-invalid:ring-destructive/20 dark:aria-invalid:ring-destructive/40 aria-invalid:border-destructive active:translate-y-[1px] border bg-background shadow-xs hover:bg-accent hover:text-accent-foreground dark:bg-input/30 dark:border-input dark:hover:bg-input/50 h-9 px-4 py-2 has-[>svg]:px-3"[31m
        [33mtype[31m=[32m"button"[31m
      [36m>[31m
        [0mCancel[0m
      [36m</button>[31m
      [36m<button[31m
        [33mclass[31m=[32m"inline-flex items-center justify-center gap-2 whitespace-nowrap rounded-md text-sm font-medium transition-all disabled:pointer-events-none disabled:opacity-50 [&_svg]:pointer-events-none [&_svg:not([class*='size-'])]:size-4 shrink-0 [&_svg]:shrink-0 outline-none focus-visible:border-ring focus-visible:ring-ring/50 focus-visible:ring-[3px] aria-invalid:ring-destructive/20 dark:aria-invalid:ring-destructive/40 aria-invalid:border-destructive active:translate-y-[1px] text-primary-foreground shadow-xs h-9 px-4 py-2 has-[>svg]:px-3 bg-green-600 hover:bg-green-700 dark:bg-green-700 dark:hover:bg-green-800"[31m
        [33mtype[31m=[32m"button"[31m
      [36m>[31m
        [0mFinish Session[0m
      [36m</button>[31m
    [36m</div>[31m
  [36m</div>[31m
  [36m<span[31m
    [33maria-hidden[31m=[32m"true"[31m
    [33mdata-aria-hidden[31m=[32m"true"[31m
    [33mdata-radix-focus-guard[31m=[32m""[31m
    [33mstyle[31m=[32m"outline: none; opacity: 0; position: fixed; pointer-events: none;"[31m
    [33mtabindex[31m=[32m"0"[31m
  [36m/>[31m
[36m</body>[31m[39m
[31m   [31m├ù[31m SessionConfirmationDialog[2m > [22mshould close dialog when clicking outside (if supported)[90m 228[2mms[22m[31m[39m
[31m     ÔåÆ Unable to find an accessible element with the role "dialog"

Here are the accessible roles:

  alertdialog:

  Name "Finish Session":
  [36m<div[31m
    [33maria-describedby[31m=[32m"radix-:r19:"[31m
    [33maria-labelledby[31m=[32m"radix-:r18:"[31m
    [33mclass[31m=[32m"bg-background data-[state=open]:animate-in data-[state=closed]:animate-out data-[state=closed]:fade-out-0 data-[state=open]:fade-in-0 data-[state=closed]:zoom-out-95 data-[state=open]:zoom-in-95 fixed top-[50%] left-[50%] z-50 grid w-full translate-x-[-50%] translate-y-[-50%] gap-4 rounded-lg border p-6 shadow-lg duration-200 sm:max-w-lg max-w-md"[31m
    [33mdata-slot[31m=[32m"alert-dialog-content"[31m
    [33mdata-state[31m=[32m"open"[31m
    [33mid[31m=[32m"radix-:r17:"[31m
    [33mrole[31m=[32m"alertdialog"[31m
    [33mstyle[31m=[32m"pointer-events: auto;"[31m
    [33mtabindex[31m=[32m"-1"[31m
  [36m/>[31m

  --------------------------------------------------
  heading:

  Name "Finish Session":
  [36m<h2[31m
    [33mclass[31m=[32m"text-lg font-semibold flex items-center gap-2"[31m
    [33mdata-slot[31m=[32m"alert-dialog-title"[31m
    [33mid[31m=[32m"radix-:r18:"[31m
  [36m/>[31m

  --------------------------------------------------
  paragraph:

  Name "":
  [36m<p />[31m

  Name "":
  [36m<p[31m
    [33mclass[31m=[32m"text-sm text-amber-800 dark:text-amber-200"[31m
  [36m/>[31m

  --------------------------------------------------
  strong:

  Name "":
  [36m<strong />[31m

  --------------------------------------------------
  button:

  Name "Cancel":
  [36m<button[31m
    [33mclass[31m=[32m"inline-flex items-center justify-center gap-2 whitespace-nowrap rounded-md text-sm font-medium transition-all disabled:pointer-events-none disabled:opacity-50 [&_svg]:pointer-events-none [&_svg:not([class*='size-'])]:size-4 shrink-0 [&_svg]:shrink-0 outline-none focus-visible:border-ring focus-visible:ring-ring/50 focus-visible:ring-[3px] aria-invalid:ring-destructive/20 dark:aria-invalid:ring-destructive/40 aria-invalid:border-destructive active:translate-y-[1px] border bg-background shadow-xs hover:bg-accent hover:text-accent-foreground dark:bg-input/30 dark:border-input dark:hover:bg-input/50 h-9 px-4 py-2 has-[>svg]:px-3"[31m
    [33mtype[31m=[32m"button"[31m
  [36m/>[31m

  Name "Finish Session":
  [36m<button[31m
    [33mclass[31m=[32m"inline-flex items-center justify-center gap-2 whitespace-nowrap rounded-md text-sm font-medium transition-all disabled:pointer-events-none disabled:opacity-50 [&_svg]:pointer-events-none [&_svg:not([class*='size-'])]:size-4 shrink-0 [&_svg]:shrink-0 outline-none focus-visible:border-ring focus-visible:ring-ring/50 focus-visible:ring-[3px] aria-invalid:ring-destructive/20 dark:aria-invalid:ring-destructive/40 aria-invalid:border-destructive active:translate-y-[1px] text-primary-foreground shadow-xs h-9 px-4 py-2 has-[>svg]:px-3 bg-amber-600 hover:bg-amber-700 dark:bg-amber-700 dark:hover:bg-amber-800"[31m
    [33mtype[31m=[32m"button"[31m
  [36m/>[31m

  --------------------------------------------------

Ignored nodes: comments, script, style
[36m<body[31m
  [33mdata-scroll-locked[31m=[32m"1"[31m
  [33mstyle[31m=[32m"pointer-events: none;"[31m
[36m>[31m
  [36m<span[31m
    [33maria-hidden[31m=[32m"true"[31m
    [33mdata-aria-hidden[31m=[32m"true"[31m
    [33mdata-radix-focus-guard[31m=[32m""[31m
    [33mstyle[31m=[32m"outline: none; opacity: 0; position: fixed; pointer-events: none;"[31m
    [33mtabindex[31m=[32m"0"[31m
  [36m/>[31m
  [36m<div[31m
    [33maria-hidden[31m=[32m"true"[31m
    [33mdata-aria-hidden[31m=[32m"true"[31m
  [36m/>[31m
  [36m<div[31m
    [33maria-hidden[31m=[32m"true"[31m
    [33mclass[31m=[32m"data-[state=open]:animate-in data-[state=closed]:animate-out data-[state=closed]:fade-out-0 data-[state=open]:fade-in-0 fixed inset-0 z-50 bg-black/50"[31m
    [33mdata-aria-hidden[31m=[32m"true"[31m
    [33mdata-slot[31m=[32m"alert-dialog-overlay"[31m
    [33mdata-state[31m=[32m"open"[31m
    [33mstyle[31m=[32m"pointer-events: auto;"[31m
  [36m/>[31m
  [36m<div[31m
    [33maria-describedby[31m=[32m"radix-:r19:"[31m
    [33maria-labelledby[31m=[32m"radix-:r18:"[31m
    [33mclass[31m=[32m"bg-background data-[state=open]:animate-in data-[state=closed]:animate-out data-[state=closed]:fade-out-0 data-[state=open]:fade-in-0 data-[state=closed]:zoom-out-95 data-[state=open]:zoom-in-95 fixed top-[50%] left-[50%] z-50 grid w-full translate-x-[-50%] translate-y-[-50%] gap-4 rounded-lg border p-6 shadow-lg duration-200 sm:max-w-lg max-w-md"[31m
    [33mdata-slot[31m=[32m"alert-dialog-content"[31m
    [33mdata-state[31m=[32m"open"[31m
    [33mid[31m=[32m"radix-:r17:"[31m
    [33mrole[31m=[32m"alertdialog"[31m
    [33mstyle[31m=[32m"pointer-events: auto;"[31m
    [33mtabindex[31m=[32m"-1"[31m
  [36m>[31m
    [36m<div[31m
      [33mclass[31m=[32m"flex flex-col gap-2 text-center sm:text-left"[31m
      [33mdata-slot[31m=[32m"alert-dialog-header"[31m
    [36m>[31m
      [36m<h2[31m
        [33mclass[31m=[32m"text-lg font-semibold flex items-center gap-2"[31m
        [33mdata-slot[31m=[32m"alert-dialog-title"[31m
        [33mid[31m=[32m"radix-:r18:"[31m
      [36m>[31m
        [36m<svg[31m
          [33mclass[31m=[32m"lucide lucide-triangle-alert h-5 w-5 text-amber-600"[31m
          [33mfill[31m=[32m"none"[31m
          [33mheight[31m=[32m"24"[31m
          [33mstroke[31m=[32m"currentColor"[31m
          [33mstroke-linecap[31m=[32m"round"[31m
          [33mstroke-linejoin[31m=[32m"round"[31m
          [33mstroke-width[31m=[32m"2"[31m
          [33mviewBox[31m=[32m"0 0 24 24"[31m
          [33mwidth[31m=[32m"24"[31m
          [33mxmlns[31m=[32m"http://www.w3.org/2000/svg"[31m
        [36m>[31m
          [36m<path[31m
            [33md[31m=[32m"m21.73 18-8-14a2 2 0 0 0-3.48 0l-8 14A2 2 0 0 0 4 21h16a2 2 0 0 0 1.73-3"[31m
          [36m/>[31m
          [36m<path[31m
            [33md[31m=[32m"M12 9v4"[31m
          [36m/>[31m
          [36m<path[31m
            [33md[31m=[32m"M12 17h.01"[31m
          [36m/>[31m
        [36m</svg>[31m
        [0mFinish Session[0m
      [36m</h2>[31m
      [36m<div[31m
        [33mclass[31m=[32m"text-muted-foreground text-sm space-y-3"[31m
        [33mdata-slot[31m=[32m"alert-dialog-description"[31m
        [33mid[31m=[32m"radix-:r19:"[31m
      [36m>[31m
        [36m<p>[31m
          [0mAre you sure you want to finish your workout session for[0m
          [0m [0m
          [36m<span[31m
            [33mclass[31m=[32m"font-medium"[31m
          [36m>[31m
            [0mPush Day[0m
          [36m</span>[31m
          [0m?[0m
        [36m</p>[31m
        [36m<div[31m
          [33mclass[31m=[32m"bg-muted/50 rounded-lg p-3 space-y-2"[31m
        [36m>[31m
          [36m<div[31m
            [33mclass[31m=[32m"flex items-center justify-between"[31m
          [36m>[31m
            [36m<span[31m
              [33mclass[31m=[32m"text-sm font-medium"[31m
            [36m>[31m
              [0mProgress[0m
            [36m</span>[31m
            [36m<span[31m
              [33mclass[31m=[32m"inline-flex items-center justify-center rounded-md border px-2 py-0.5 text-xs font-medium w-fit whitespace-nowrap shrink-0 [&>svg]:size-3 gap-1 [&>svg]:pointer-events-none focus-visible:border-ring focus-visible:ring-ring/50 focus-visible:ring-[3px] aria-invalid:ring-destructive/20 dark:aria-invalid:ring-destructive/40 aria-invalid:border-destructive transition-[color,box-shadow] overflow-hidden border-transparent bg-secondary text-secondary-foreground [a&]:hover:bg-secondary/90"[31m
              [33mdata-slot[31m=[32m"badge"[31m
            [36m>[31m
              [0m67[0m
              [0m%[0m
            [36m</span>[31m
          [36m</div>[31m
          [36m<div[31m
            [33mclass[31m=[32m"flex items-center gap-2 text-sm"[31m
          [36m>[31m
            [36m<svg[31m
              [33mclass[31m=[32m"lucide lucide-target h-4 w-4 text-muted-foreground"[31m
              [33mfill[31m=[32m"none"[31m
              [33mheight[31m=[32m"24"[31m
              [33mstroke[31m=[32m"currentColor"[31m
              [33mstroke-linecap[31m=[32m"round"[31m
              [33mstroke-linejoin[31m=[32m"round"[31m
              [33mstroke-width[31m=[32m"2"[31m
              [33mviewBox[31m=[32m"0 0 24 24"[31m
              [33mwidth[31m=[32m"24"[31m
              [33mxmlns[31m=[32m"http://www.w3.org/2000/svg"[31m
            [36m>[31m
              [36m<circle[31m
                [33mcx[31m=[32m"12"[31m
                [33mcy[31m=[32m"12"[31m
                [33mr[31m=[32m"10"[31m
              [36m/>[31m
              [36m<circle[31m
                [33mcx[31m=[32m"12"[31m
                [33mcy[31m=[32m"12"[31m
                [33mr[31m=[32m"6"[31m
              [36m/>[31m
              [36m<circle[31m
                [33mcx[31m=[32m"12"[31m
                [33mcy[31m=[32m"12"[31m
                [33mr[31m=[32m"2"[31m
              [36m/>[31m
            [36m</svg>[31m
            [36m<span>[31m
              [0m8[0m
              [0m of [0m
              [0m12[0m
              [0m sets completed[0m
            [36m</span>[31m
          [36m</div>[31m
          [36m<div[31m
            [33mclass[31m=[32m"flex items-center gap-2 text-sm text-amber-700 dark:text-amber-300"[31m
          [36m>[31m
            [36m<svg[31m
              [33mclass[31m=[32m"lucide lucide-triangle-alert h-4 w-4"[31m
              [33mfill[31m=[32m"none"[31m
              [33mheight[31m=[32m"24"[31m
              [33mstroke[31m=[32m"currentColor"[31m
              [33mstroke-linecap[31m=[32m"round"[31m
              [33mstroke-linejoin[31m=[32m"round"[31m
              [33mstroke-width[31m=[32m"2"[31m
              [33mviewBox[31m=[32m"0 0 24 24"[31m
              [33mwidth[31m=[32m"24"[31m
              [33mxmlns[31m=[32m"http://www.w3.org/2000/svg"[31m
            [36m>[31m
              [36m<path[31m
                [33md[31m=[32m"m21.73 18-8-14a2 2 0 0 0-3.48 0l-8 14A2 2 0 0 0 4 21h16a2 2 0 0 0 1.73-3"[31m
              [36m/>[31m
              [36m<path[31m
                [33md[31m=[32m"M12 9v4"[31m
              [36m/>[31m
              [36m<path[31m
                [33md[31m=[32m"M12 17h.01"[31m
              [36m/>[31m
            [36m</svg>[31m
            [36m<span>[31m
              [0m4[0m
              [0m set[0m
              [0ms[0m
              [0m remaining[0m
            [36m</span>[31m
          [36m</div>[31m
        [36m</div>[31m
        [36m<div[31m
          [33mclass[31m=[32m"bg-amber-50 dark:bg-amber-950/20 border border-amber-200 dark:border-amber-800 rounded-lg p-3"[31m
        [36m>[31m
          [36m<p[31m
            [33mclass[31m=[32m"text-sm text-amber-800 dark:text-amber-200"[31m
          [36m>[31m
            [36m<strong>[31m
              [0mNote:[0m
            [36m</strong>[31m
            [0m Finishing with incomplete sets will still save your progress, but you won't get the full benefit of the workout.[0m
          [36m</p>[31m
        [36m</div>[31m
      [36m</div>[31m
    [36m</div>[31m
    [36m<div[31m
      [33mclass[31m=[32m"flex flex-col-reverse gap-2 sm:flex-row sm:justify-end"[31m
      [33mdata-slot[31m=[32m"alert-dialog-footer"[31m
    [36m>[31m
      [36m<button[31m
        [33mclass[31m=[32m"inline-flex items-center justify-center gap-2 whitespace-nowrap rounded-md text-sm font-medium transition-all disabled:pointer-events-none disabled:opacity-50 [&_svg]:pointer-events-none [&_svg:not([class*='size-'])]:size-4 shrink-0 [&_svg]:shrink-0 outline-none focus-visible:border-ring focus-visible:ring-ring/50 focus-visible:ring-[3px] aria-invalid:ring-destructive/20 dark:aria-invalid:ring-destructive/40 aria-invalid:border-destructive active:translate-y-[1px] border bg-background shadow-xs hover:bg-accent hover:text-accent-foreground dark:bg-input/30 dark:border-input dark:hover:bg-input/50 h-9 px-4 py-2 has-[>svg]:px-3"[31m
        [33mtype[31m=[32m"button"[31m
      [36m>[31m
        [0mCancel[0m
      [36m</button>[31m
      [36m<button[31m
        [33mclass[31m=[32m"inline-flex items-center justify-center gap-2 whitespace-nowrap rounded-md text-sm font-medium transition-all disabled:pointer-events-none disabled:opacity-50 [&_svg]:pointer-events-none [&_svg:not([class*='size-'])]:size-4 shrink-0 [&_svg]:shrink-0 outline-none focus-visible:border-ring focus-visible:ring-ring/50 focus-visible:ring-[3px] aria-invalid:ring-destructive/20 dark:aria-invalid:ring-destructive/40 aria-invalid:border-destructive active:translate-y-[1px] text-primary-foreground shadow-xs h-9 px-4 py-2 has-[>svg]:px-3 bg-amber-600 hover:bg-amber-700 dark:bg-amber-700 dark:hover:bg-amber-800"[31m
        [33mtype[31m=[32m"button"[31m
      [36m>[31m
        [0mFinish Session[0m
      [36m</button>[31m
    [36m</div>[31m
  [36m</div>[31m
  [36m<span[31m
    [33maria-hidden[31m=[32m"true"[31m
    [33mdata-aria-hidden[31m=[32m"true"[31m
    [33mdata-radix-focus-guard[31m=[32m""[31m
    [33mstyle[31m=[32m"outline: none; opacity: 0; position: fixed; pointer-events: none;"[31m
    [33mtabindex[31m=[32m"0"[31m
  [36m/>[31m
[36m</body>[31m[39m
[31m   [31m├ù[31m SessionConfirmationDialog[2m > [22mshould handle keyboard navigation[90m 51[2mms[22m[31m[39m
[31m     ÔåÆ Found multiple elements with the text: Finish Session

Here are the matching elements:

Ignored nodes: comments, script, style
[36m<h2[31m
  [33mclass[31m=[32m"text-lg font-semibold flex items-center gap-2"[31m
  [33mdata-slot[31m=[32m"alert-dialog-title"[31m
  [33mid[31m=[32m"radix-:r1b:"[31m
[36m>[31m
  [36m<svg[31m
    [33mclass[31m=[32m"lucide lucide-triangle-alert h-5 w-5 text-amber-600"[31m
    [33mfill[31m=[32m"none"[31m
    [33mheight[31m=[32m"24"[31m
    [33mstroke[31m=[32m"currentColor"[31m
    [33mstroke-linecap[31m=[32m"round"[31m
    [33mstroke-linejoin[31m=[32m"round"[31m
    [33mstroke-width[31m=[32m"2"[31m
    [33mviewBox[31m=[32m"0 0 24 24"[31m
    [33mwidth[31m=[32m"24"[31m
    [33mxmlns[31m=[32m"http://www.w3.org/2000/svg"[31m
  [36m>[31m
    [36m<path[31m
      [33md[31m=[32m"m21.73 18-8-14a2 2 0 0 0-3.48 0l-8 14A2 2 0 0 0 4 21h16a2 2 0 0 0 1.73-3"[31m
    [36m/>[31m
    [36m<path[31m
      [33md[31m=[32m"M12 9v4"[31m
    [36m/>[31m
    [36m<path[31m
      [33md[31m=[32m"M12 17h.01"[31m
    [36m/>[31m
  [36m</svg>[31m
  [0mFinish Session[0m
[36m</h2>[31m

Ignored nodes: comments, script, style
[36m<button[31m
  [33mclass[31m=[32m"inline-flex items-center justify-center gap-2 whitespace-nowrap rounded-md text-sm font-medium transition-all disabled:pointer-events-none disabled:opacity-50 [&_svg]:pointer-events-none [&_svg:not([class*='size-'])]:size-4 shrink-0 [&_svg]:shrink-0 outline-none focus-visible:border-ring focus-visible:ring-ring/50 focus-visible:ring-[3px] aria-invalid:ring-destructive/20 dark:aria-invalid:ring-destructive/40 aria-invalid:border-destructive active:translate-y-[1px] text-primary-foreground shadow-xs h-9 px-4 py-2 has-[>svg]:px-3 bg-amber-600 hover:bg-amber-700 dark:bg-amber-700 dark:hover:bg-amber-800"[31m
  [33mtype[31m=[32m"button"[31m
[36m>[31m
  [0mFinish Session[0m
[36m</button>[31m

(If this is intentional, then use the `*AllBy*` variant of the query (like `queryAllByText`, `getAllByText`, or `findAllByText`)).

Ignored nodes: comments, script, style
[36m<body[31m
  [33mdata-scroll-locked[31m=[32m"1"[31m
  [33mstyle[31m=[32m"pointer-events: none;"[31m
[36m>[31m
  [36m<span[31m
    [33maria-hidden[31m=[32m"true"[31m
    [33mdata-aria-hidden[31m=[32m"true"[31m
    [33mdata-radix-focus-guard[31m=[32m""[31m
    [33mstyle[31m=[32m"outline: none; opacity: 0; position: fixed; pointer-events: none;"[31m
    [33mtabindex[31m=[32m"0"[31m
  [36m/>[31m
  [36m<div[31m
    [33maria-hidden[31m=[32m"true"[31m
    [33mdata-aria-hidden[31m=[32m"true"[31m
  [36m/>[31m
  [36m<div[31m
    [33maria-hidden[31m=[32m"true"[31m
    [33mclass[31m=[32m"data-[state=open]:animate-in data-[state=closed]:animate-out data-[state=closed]:fade-out-0 data-[state=open]:fade-in-0 fixed inset-0 z-50 bg-black/50"[31m
    [33mdata-aria-hidden[31m=[32m"true"[31m
    [33mdata-slot[31m=[32m"alert-dialog-overlay"[31m
    [33mdata-state[31m=[32m"open"[31m
    [33mstyle[31m=[32m"pointer-events: auto;"[31m
  [36m/>[31m
  [36m<div[31m
    [33maria-describedby[31m=[32m"radix-:r1c:"[31m
    [33maria-labelledby[31m=[32m"radix-:r1b:"[31m
    [33mclass[31m=[32m"bg-background data-[state=open]:animate-in data-[state=closed]:animate-out data-[state=closed]:fade-out-0 data-[state=open]:fade-in-0 data-[state=closed]:zoom-out-95 data-[state=open]:zoom-in-95 fixed top-[50%] left-[50%] z-50 grid w-full translate-x-[-50%] translate-y-[-50%] gap-4 rounded-lg border p-6 shadow-lg duration-200 sm:max-w-lg max-w-md"[31m
    [33mdata-slot[31m=[32m"alert-dialog-content"[31m
    [33mdata-state[31m=[32m"open"[31m
    [33mid[31m=[32m"radix-:r1a:"[31m
    [33mrole[31m=[32m"alertdialog"[31m
    [33mstyle[31m=[32m"pointer-events: auto;"[31m
    [33mtabindex[31m=[32m"-1"[31m
  [36m>[31m
    [36m<div[31m
      [33mclass[31m=[32m"flex flex-col gap-2 text-center sm:text-left"[31m
      [33mdata-slot[31m=[32m"alert-dialog-header"[31m
    [36m>[31m
      [36m<h2[31m
        [33mclass[31m=[32m"text-lg font-semibold flex items-center gap-2"[31m
        [33mdata-slot[31m=[32m"alert-dialog-title"[31m
        [33mid[31m=[32m"radix-:r1b:"[31m
      [36m>[31m
        [36m<svg[31m
          [33mclass[31m=[32m"lucide lucide-triangle-alert h-5 w-5 text-amber-600"[31m
          [33mfill[31m=[32m"none"[31m
          [33mheight[31m=[32m"24"[31m
          [33mstroke[31m=[32m"currentColor"[31m
          [33mstroke-linecap[31m=[32m"round"[31m
          [33mstroke-linejoin[31m=[32m"round"[31m
          [33mstroke-width[31m=[32m"2"[31m
          [33mviewBox[31m=[32m"0 0 24 24"[31m
          [33mwidth[31m=[32m"24"[31m
          [33mxmlns[31m=[32m"http://www.w3.org/2000/svg"[31m
        [36m>[31m
          [36m<path[31m
            [33md[31m=[32m"m21.73 18-8-14a2 2 0 0 0-3.48 0l-8 14A2 2 0 0 0 4 21h16a2 2 0 0 0 1.73-3"[31m
          [36m/>[31m
          [36m<path[31m
            [33md[31m=[32m"M12 9v4"[31m
          [36m/>[31m
          [36m<path[31m
            [33md[31m=[32m"M12 17h.01"[31m
          [36m/>[31m
        [36m</svg>[31m
        [0mFinish Session[0m
      [36m</h2>[31m
      [36m<div[31m
        [33mclass[31m=[32m"text-muted-foreground text-sm space-y-3"[31m
        [33mdata-slot[31m=[32m"alert-dialog-description"[31m
        [33mid[31m=[32m"radix-:r1c:"[31m
      [36m>[31m
        [36m<p>[31m
          [0mAre you sure you want to finish your workout session for[0m
          [0m [0m
          [36m<span[31m
            [33mclass[31m=[32m"font-medium"[31m
          [36m>[31m
            [0mPush Day[0m
          [36m</span>[31m
          [0m?[0m
        [36m</p>[31m
        [36m<div[31m
          [33mclass[31m=[32m"bg-muted/50 rounded-lg p-3 space-y-2"[31m
        [36m>[31m
          [36m<div[31m
            [33mclass[31m=[32m"flex items-center justify-between"[31m
          [36m>[31m
            [36m<span[31m
              [33mclass[31m=[32m"text-sm font-medium"[31m
            [36m>[31m
              [0mProgress[0m
            [36m</span>[31m
            [36m<span[31m
              [33mclass[31m=[32m"inline-flex items-center justify-center rounded-md border px-2 py-0.5 text-xs font-medium w-fit whitespace-nowrap shrink-0 [&>svg]:size-3 gap-1 [&>svg]:pointer-events-none focus-visible:border-ring focus-visible:ring-ring/50 focus-visible:ring-[3px] aria-invalid:ring-destructive/20 dark:aria-invalid:ring-destructive/40 aria-invalid:border-destructive transition-[color,box-shadow] overflow-hidden border-transparent bg-secondary text-secondary-foreground [a&]:hover:bg-secondary/90"[31m
              [33mdata-slot[31m=[32m"badge"[31m
            [36m>[31m
              [0m67[0m
              [0m%[0m
            [36m</span>[31m
          [36m</div>[31m
          [36m<div[31m
            [33mclass[31m=[32m"flex items-center gap-2 text-sm"[31m
          [36m>[31m
            [36m<svg[31m
              [33mclass[31m=[32m"lucide lucide-target h-4 w-4 text-muted-foreground"[31m
              [33mfill[31m=[32m"none"[31m
              [33mheight[31m=[32m"24"[31m
              [33mstroke[31m=[32m"currentColor"[31m
              [33mstroke-linecap[31m=[32m"round"[31m
              [33mstroke-linejoin[31m=[32m"round"[31m
              [33mstroke-width[31m=[32m"2"[31m
              [33mviewBox[31m=[32m"0 0 24 24"[31m
              [33mwidth[31m=[32m"24"[31m
              [33mxmlns[31m=[32m"http://www.w3.org/2000/svg"[31m
            [36m>[31m
              [36m<circle[31m
                [33mcx[31m=[32m"12"[31m
                [33mcy[31m=[32m"12"[31m
                [33mr[31m=[32m"10"[31m
              [36m/>[31m
              [36m<circle[31m
                [33mcx[31m=[32m"12"[31m
                [33mcy[31m=[32m"12"[31m
                [33mr[31m=[32m"6"[31m
              [36m/>[31m
              [36m<circle[31m
                [33mcx[31m=[32m"12"[31m
                [33mcy[31m=[32m"12"[31m
                [33mr[31m=[32m"2"[31m
              [36m/>[31m
            [36m</svg>[31m
            [36m<span>[31m
              [0m8[0m
              [0m of [0m
              [0m12[0m
              [0m sets completed[0m
            [36m</span>[31m
          [36m</div>[31m
          [36m<div[31m
            [33mclass[31m=[32m"flex items-center gap-2 text-sm text-amber-700 dark:text-amber-300"[31m
          [36m>[31m
            [36m<svg[31m
              [33mclass[31m=[32m"lucide lucide-triangle-alert h-4 w-4"[31m
              [33mfill[31m=[32m"none"[31m
              [33mheight[31m=[32m"24"[31m
              [33mstroke[31m=[32m"currentColor"[31m
              [33mstroke-linecap[31m=[32m"round"[31m
              [33mstroke-linejoin[31m=[32m"round"[31m
              [33mstroke-width[31m=[32m"2"[31m
              [33mviewBox[31m=[32m"0 0 24 24"[31m
              [33mwidth[31m=[32m"24"[31m
              [33mxmlns[31m=[32m"http://www.w3.org/2000/svg"[31m
            [36m>[31m
              [36m<path[31m
                [33md[31m=[32m"m21.73 18-8-14a2 2 0 0 0-3.48 0l-8 14A2 2 0 0 0 4 21h16a2 2 0 0 0 1.73-3"[31m
              [36m/>[31m
              [36m<path[31m
                [33md[31m=[32m"M12 9v4"[31m
              [36m/>[31m
              [36m<path[31m
                [33md[31m=[32m"M12 17h.01"[31m
              [36m/>[31m
            [36m</svg>[31m
            [36m<span>[31m
              [0m4[0m
              [0m set[0m
              [0ms[0m
              [0m remaining[0m
            [36m</span>[31m
          [36m</div>[31m
        [36m</div>[31m
        [36m<div[31m
          [33mclass[31m=[32m"bg-amber-50 dark:bg-amber-950/20 border border-amber-200 dark:border-amber-800 rounded-lg p-3"[31m
        [36m>[31m
          [36m<p[31m
            [33mclass[31m=[32m"text-sm text-amber-800 dark:text-amber-200"[31m
          [36m>[31m
            [36m<strong>[31m
              [0mNote:[0m
            [36m</strong>[31m
            [0m Finishing with incomplete sets will still save your progress, but you won't get the full benefit of the workout.[0m
          [36m</p>[31m
        [36m</div>[31m
      [36m</div>[31m
    [36m</div>[31m
    [36m<div[31m
      [33mclass[31m=[32m"flex flex-col-reverse gap-2 sm:flex-row sm:justify-end"[31m
      [33mdata-slot[31m=[32m"alert-dialog-footer"[31m
    [36m>[31m
      [36m<button[31m
        [33mclass[31m=[32m"inline-flex items-center justify-center gap-2 whitespace-nowrap rounded-md text-sm font-medium transition-all disabled:pointer-events-none disabled:opacity-50 [&_svg]:pointer-events-none [&_svg:not([class*='size-'])]:size-4 shrink-0 [&_svg]:shrink-0 outline-none focus-visible:border-ring focus-visible:ring-ring/50 focus-visible:ring-[3px] aria-invalid:ring-destructive/20 dark:aria-invalid:ring-destructive/40 aria-invalid:border-destructive active:translate-y-[1px] border bg-background shadow-xs hover:bg-accent hover:text-accent-foreground dark:bg-input/30 dark:border-input dark:hover:bg-input/50 h-9 px-4 py-2 has-[>svg]:px-3"[31m
        [33mtype[31m=[32m"button"[31m
      [36m>[31m
        [0mCancel[0m
      [36m</button>[31m
      [36m<button[31m
        [33mclass[31m=[32m"inline-flex items-center justify-center gap-2 whitespace-nowrap rounded-md text-sm font-medium transition-all disabled:pointer-events-none disabled:opacity-50 [&_svg]:pointer-events-none [&_svg:not([class*='size-'])]:size-4 shrink-0 [&_svg]:shrink-0 outline-none focus-visible:border-ring focus-visible:ring-ring/50 focus-visible:ring-[3px] aria-invalid:ring-destructive/20 dark:aria-invalid:ring-destructive/40 aria-invalid:border-destructive active:translate-y-[1px] text-primary-foreground shadow-xs h-9 px-4 py-2 has-[>svg]:px-3 bg-amber-600 hover:bg-amber-700 dark:bg-amber-700 dark:hover:bg-amber-800"[31m
        [33mtype[31m=[32m"button"[31m
      [36m>[31m
        [0mFinish Session[0m
      [36m</button>[31m
    [36m</div>[31m
  [36m</div>[31m
  [36m<span[31m
    [33maria-hidden[31m=[32m"true"[31m
    [33mdata-aria-hidden[31m=[32m"true"[31m
    [33mdata-radix-focus-guard[31m=[32m""[31m
    [33mstyle[31m=[32m"outline: none; opacity: 0; position: fixed; pointer-events: none;"[31m
    [33mtabindex[31m=[32m"0"[31m
  [36m/>[31m
[36m</body>[31m[39m
[31m   [31m├ù[31m SessionConfirmationDialog[2m > [22mshould be accessible with proper ARIA attributes[90m 139[2mms[22m[31m[39m
[31m     ÔåÆ Unable to find an accessible element with the role "dialog"

Here are the accessible roles:

  alertdialog:

  Name "Finish Session":
  [36m<div[31m
    [33maria-describedby[31m=[32m"radix-:r1i:"[31m
    [33maria-labelledby[31m=[32m"radix-:r1h:"[31m
    [33mclass[31m=[32m"bg-background data-[state=open]:animate-in data-[state=closed]:animate-out data-[state=closed]:fade-out-0 data-[state=open]:fade-in-0 data-[state=closed]:zoom-out-95 data-[state=open]:zoom-in-95 fixed top-[50%] left-[50%] z-50 grid w-full translate-x-[-50%] translate-y-[-50%] gap-4 rounded-lg border p-6 shadow-lg duration-200 sm:max-w-lg max-w-md"[31m
    [33mdata-slot[31m=[32m"alert-dialog-content"[31m
    [33mdata-state[31m=[32m"open"[31m
    [33mid[31m=[32m"radix-:r1g:"[31m
    [33mrole[31m=[32m"alertdialog"[31m
    [33mstyle[31m=[32m"pointer-events: auto;"[31m
    [33mtabindex[31m=[32m"-1"[31m
  [36m/>[31m

  --------------------------------------------------
  heading:

  Name "Finish Session":
  [36m<h2[31m
    [33mclass[31m=[32m"text-lg font-semibold flex items-center gap-2"[31m
    [33mdata-slot[31m=[32m"alert-dialog-title"[31m
    [33mid[31m=[32m"radix-:r1h:"[31m
  [36m/>[31m

  --------------------------------------------------
  paragraph:

  Name "":
  [36m<p />[31m

  Name "":
  [36m<p[31m
    [33mclass[31m=[32m"text-sm text-amber-800 dark:text-amber-200"[31m
  [36m/>[31m

  --------------------------------------------------
  strong:

  Name "":
  [36m<strong />[31m

  --------------------------------------------------
  button:

  Name "Cancel":
  [36m<button[31m
    [33mclass[31m=[32m"inline-flex items-center justify-center gap-2 whitespace-nowrap rounded-md text-sm font-medium transition-all disabled:pointer-events-none disabled:opacity-50 [&_svg]:pointer-events-none [&_svg:not([class*='size-'])]:size-4 shrink-0 [&_svg]:shrink-0 outline-none focus-visible:border-ring focus-visible:ring-ring/50 focus-visible:ring-[3px] aria-invalid:ring-destructive/20 dark:aria-invalid:ring-destructive/40 aria-invalid:border-destructive active:translate-y-[1px] border bg-background shadow-xs hover:bg-accent hover:text-accent-foreground dark:bg-input/30 dark:border-input dark:hover:bg-input/50 h-9 px-4 py-2 has-[>svg]:px-3"[31m
    [33mtype[31m=[32m"button"[31m
  [36m/>[31m

  Name "Finish Session":
  [36m<button[31m
    [33mclass[31m=[32m"inline-flex items-center justify-center gap-2 whitespace-nowrap rounded-md text-sm font-medium transition-all disabled:pointer-events-none disabled:opacity-50 [&_svg]:pointer-events-none [&_svg:not([class*='size-'])]:size-4 shrink-0 [&_svg]:shrink-0 outline-none focus-visible:border-ring focus-visible:ring-ring/50 focus-visible:ring-[3px] aria-invalid:ring-destructive/20 dark:aria-invalid:ring-destructive/40 aria-invalid:border-destructive active:translate-y-[1px] text-primary-foreground shadow-xs h-9 px-4 py-2 has-[>svg]:px-3 bg-amber-600 hover:bg-amber-700 dark:bg-amber-700 dark:hover:bg-amber-800"[31m
    [33mtype[31m=[32m"button"[31m
  [36m/>[31m

  --------------------------------------------------

Ignored nodes: comments, script, style
[36m<body[31m
  [33mdata-scroll-locked[31m=[32m"1"[31m
  [33mstyle[31m=[32m"pointer-events: none;"[31m
[36m>[31m
  [36m<span[31m
    [33maria-hidden[31m=[32m"true"[31m
    [33mdata-aria-hidden[31m=[32m"true"[31m
    [33mdata-radix-focus-guard[31m=[32m""[31m
    [33mstyle[31m=[32m"outline: none; opacity: 0; position: fixed; pointer-events: none;"[31m
    [33mtabindex[31m=[32m"0"[31m
  [36m/>[31m
  [36m<div[31m
    [33maria-hidden[31m=[32m"true"[31m
    [33mdata-aria-hidden[31m=[32m"true"[31m
  [36m/>[31m
  [36m<div[31m
    [33maria-hidden[31m=[32m"true"[31m
    [33mclass[31m=[32m"data-[state=open]:animate-in data-[state=closed]:animate-out data-[state=closed]:fade-out-0 data-[state=open]:fade-in-0 fixed inset-0 z-50 bg-black/50"[31m
    [33mdata-aria-hidden[31m=[32m"true"[31m
    [33mdata-slot[31m=[32m"alert-dialog-overlay"[31m
    [33mdata-state[31m=[32m"open"[31m
    [33mstyle[31m=[32m"pointer-events: auto;"[31m
  [36m/>[31m
  [36m<div[31m
    [33maria-describedby[31m=[32m"radix-:r1i:"[31m
    [33maria-labelledby[31m=[32m"radix-:r1h:"[31m
    [33mclass[31m=[32m"bg-background data-[state=open]:animate-in data-[state=closed]:animate-out data-[state=closed]:fade-out-0 data-[state=open]:fade-in-0 data-[state=closed]:zoom-out-95 data-[state=open]:zoom-in-95 fixed top-[50%] left-[50%] z-50 grid w-full translate-x-[-50%] translate-y-[-50%] gap-4 rounded-lg border p-6 shadow-lg duration-200 sm:max-w-lg max-w-md"[31m
    [33mdata-slot[31m=[32m"alert-dialog-content"[31m
    [33mdata-state[31m=[32m"open"[31m
    [33mid[31m=[32m"radix-:r1g:"[31m
    [33mrole[31m=[32m"alertdialog"[31m
    [33mstyle[31m=[32m"pointer-events: auto;"[31m
    [33mtabindex[31m=[32m"-1"[31m
  [36m>[31m
    [36m<div[31m
      [33mclass[31m=[32m"flex flex-col gap-2 text-center sm:text-left"[31m
      [33mdata-slot[31m=[32m"alert-dialog-header"[31m
    [36m>[31m
      [36m<h2[31m
        [33mclass[31m=[32m"text-lg font-semibold flex items-center gap-2"[31m
        [33mdata-slot[31m=[32m"alert-dialog-title"[31m
        [33mid[31m=[32m"radix-:r1h:"[31m
      [36m>[31m
        [36m<svg[31m
          [33mclass[31m=[32m"lucide lucide-triangle-alert h-5 w-5 text-amber-600"[31m
          [33mfill[31m=[32m"none"[31m
          [33mheight[31m=[32m"24"[31m
          [33mstroke[31m=[32m"currentColor"[31m
          [33mstroke-linecap[31m=[32m"round"[31m
          [33mstroke-linejoin[31m=[32m"round"[31m
          [33mstroke-width[31m=[32m"2"[31m
          [33mviewBox[31m=[32m"0 0 24 24"[31m
          [33mwidth[31m=[32m"24"[31m
          [33mxmlns[31m=[32m"http://www.w3.org/2000/svg"[31m
        [36m>[31m
          [36m<path[31m
            [33md[31m=[32m"m21.73 18-8-14a2 2 0 0 0-3.48 0l-8 14A2 2 0 0 0 4 21h16a2 2 0 0 0 1.73-3"[31m
          [36m/>[31m
          [36m<path[31m
            [33md[31m=[32m"M12 9v4"[31m
          [36m/>[31m
          [36m<path[31m
            [33md[31m=[32m"M12 17h.01"[31m
          [36m/>[31m
        [36m</svg>[31m
        [0mFinish Session[0m
      [36m</h2>[31m
      [36m<div[31m
        [33mclass[31m=[32m"text-muted-foreground text-sm space-y-3"[31m
        [33mdata-slot[31m=[32m"alert-dialog-description"[31m
        [33mid[31m=[32m"radix-:r1i:"[31m
      [36m>[31m
        [36m<p>[31m
          [0mAre you sure you want to finish your workout session for[0m
          [0m [0m
          [36m<span[31m
            [33mclass[31m=[32m"font-medium"[31m
          [36m>[31m
            [0mPush Day[0m
          [36m</span>[31m
          [0m?[0m
        [36m</p>[31m
        [36m<div[31m
          [33mclass[31m=[32m"bg-muted/50 rounded-lg p-3 space-y-2"[31m
        [36m>[31m
          [36m<div[31m
            [33mclass[31m=[32m"flex items-center justify-between"[31m
          [36m>[31m
            [36m<span[31m
              [33mclass[31m=[32m"text-sm font-medium"[31m
            [36m>[31m
              [0mProgress[0m
            [36m</span>[31m
            [36m<span[31m
              [33mclass[31m=[32m"inline-flex items-center justify-center rounded-md border px-2 py-0.5 text-xs font-medium w-fit whitespace-nowrap shrink-0 [&>svg]:size-3 gap-1 [&>svg]:pointer-events-none focus-visible:border-ring focus-visible:ring-ring/50 focus-visible:ring-[3px] aria-invalid:ring-destructive/20 dark:aria-invalid:ring-destructive/40 aria-invalid:border-destructive transition-[color,box-shadow] overflow-hidden border-transparent bg-secondary text-secondary-foreground [a&]:hover:bg-secondary/90"[31m
              [33mdata-slot[31m=[32m"badge"[31m
            [36m>[31m
              [0m67[0m
              [0m%[0m
            [36m</span>[31m
          [36m</div>[31m
          [36m<div[31m
            [33mclass[31m=[32m"flex items-center gap-2 text-sm"[31m
          [36m>[31m
            [36m<svg[31m
              [33mclass[31m=[32m"lucide lucide-target h-4 w-4 text-muted-foreground"[31m
              [33mfill[31m=[32m"none"[31m
              [33mheight[31m=[32m"24"[31m
              [33mstroke[31m=[32m"currentColor"[31m
              [33mstroke-linecap[31m=[32m"round"[31m
              [33mstroke-linejoin[31m=[32m"round"[31m
              [33mstroke-width[31m=[32m"2"[31m
              [33mviewBox[31m=[32m"0 0 24 24"[31m
              [33mwidth[31m=[32m"24"[31m
              [33mxmlns[31m=[32m"http://www.w3.org/2000/svg"[31m
            [36m>[31m
              [36m<circle[31m
                [33mcx[31m=[32m"12"[31m
                [33mcy[31m=[32m"12"[31m
                [33mr[31m=[32m"10"[31m
              [36m/>[31m
              [36m<circle[31m
                [33mcx[31m=[32m"12"[31m
                [33mcy[31m=[32m"12"[31m
                [33mr[31m=[32m"6"[31m
              [36m/>[31m
              [36m<circle[31m
                [33mcx[31m=[32m"12"[31m
                [33mcy[31m=[32m"12"[31m
                [33mr[31m=[32m"2"[31m
              [36m/>[31m
            [36m</svg>[31m
            [36m<span>[31m
              [0m8[0m
              [0m of [0m
              [0m12[0m
              [0m sets completed[0m
            [36m</span>[31m
          [36m</div>[31m
          [36m<div[31m
            [33mclass[31m=[32m"flex items-center gap-2 text-sm text-amber-700 dark:text-amber-300"[31m
          [36m>[31m
            [36m<svg[31m
              [33mclass[31m=[32m"lucide lucide-triangle-alert h-4 w-4"[31m
              [33mfill[31m=[32m"none"[31m
              [33mheight[31m=[32m"24"[31m
              [33mstroke[31m=[32m"currentColor"[31m
              [33mstroke-linecap[31m=[32m"round"[31m
              [33mstroke-linejoin[31m=[32m"round"[31m
              [33mstroke-width[31m=[32m"2"[31m
              [33mviewBox[31m=[32m"0 0 24 24"[31m
              [33mwidth[31m=[32m"24"[31m
              [33mxmlns[31m=[32m"http://www.w3.org/2000/svg"[31m
            [36m>[31m
              [36m<path[31m
                [33md[31m=[32m"m21.73 18-8-14a2 2 0 0 0-3.48 0l-8 14A2 2 0 0 0 4 21h16a2 2 0 0 0 1.73-3"[31m
              [36m/>[31m
              [36m<path[31m
                [33md[31m=[32m"M12 9v4"[31m
              [36m/>[31m
              [36m<path[31m
                [33md[31m=[32m"M12 17h.01"[31m
              [36m/>[31m
            [36m</svg>[31m
            [36m<span>[31m
              [0m4[0m
              [0m set[0m
              [0ms[0m
              [0m remaining[0m
            [36m</span>[31m
          [36m</div>[31m
        [36m</div>[31m
        [36m<div[31m
          [33mclass[31m=[32m"bg-amber-50 dark:bg-amber-950/20 border border-amber-200 dark:border-amber-800 rounded-lg p-3"[31m
        [36m>[31m
          [36m<p[31m
            [33mclass[31m=[32m"text-sm text-amber-800 dark:text-amber-200"[31m
          [36m>[31m
            [36m<strong>[31m
              [0mNote:[0m
            [36m</strong>[31m
            [0m Finishing with incomplete sets will still save your progress, but you won't get the full benefit of the workout.[0m
          [36m</p>[31m
        [36m</div>[31m
      [36m</div>[31m
    [36m</div>[31m
    [36m<div[31m
      [33mclass[31m=[32m"flex flex-col-reverse gap-2 sm:flex-row sm:justify-end"[31m
      [33mdata-slot[31m=[32m"alert-dialog-footer"[31m
    [36m>[31m
      [36m<button[31m
        [33mclass[31m=[32m"inline-flex items-center justify-center gap-2 whitespace-nowrap rounded-md text-sm font-medium transition-all disabled:pointer-events-none disabled:opacity-50 [&_svg]:pointer-events-none [&_svg:not([class*='size-'])]:size-4 shrink-0 [&_svg]:shrink-0 outline-none focus-visible:border-ring focus-visible:ring-ring/50 focus-visible:ring-[3px] aria-invalid:ring-destructive/20 dark:aria-invalid:ring-destructive/40 aria-invalid:border-destructive active:translate-y-[1px] border bg-background shadow-xs hover:bg-accent hover:text-accent-foreground dark:bg-input/30 dark:border-input dark:hover:bg-input/50 h-9 px-4 py-2 has-[>svg]:px-3"[31m
        [33mtype[31m=[32m"button"[31m
      [36m>[31m
        [0mCancel[0m
      [36m</button>[31m
      [36m<button[31m
        [33mclass[31m=[32m"inline-flex items-center justify-center gap-2 whitespace-nowrap rounded-md text-sm font-medium transition-all disabled:pointer-events-none disabled:opacity-50 [&_svg]:pointer-events-none [&_svg:not([class*='size-'])]:size-4 shrink-0 [&_svg]:shrink-0 outline-none focus-visible:border-ring focus-visible:ring-ring/50 focus-visible:ring-[3px] aria-invalid:ring-destructive/20 dark:aria-invalid:ring-destructive/40 aria-invalid:border-destructive active:translate-y-[1px] text-primary-foreground shadow-xs h-9 px-4 py-2 has-[>svg]:px-3 bg-amber-600 hover:bg-amber-700 dark:bg-amber-700 dark:hover:bg-amber-800"[31m
        [33mtype[31m=[32m"button"[31m
      [36m>[31m
        [0mFinish Session[0m
      [36m</button>[31m
    [36m</div>[31m
  [36m</div>[31m
  [36m<span[31m
    [33maria-hidden[31m=[32m"true"[31m
    [33mdata-aria-hidden[31m=[32m"true"[31m
    [33mdata-radix-focus-guard[31m=[32m""[31m
    [33mstyle[31m=[32m"outline: none; opacity: 0; position: fixed; pointer-events: none;"[31m
    [33mtabindex[31m=[32m"0"[31m
  [36m/>[31m
[36m</body>[31m[39m
[31m   [31m├ù[31m SessionConfirmationDialog[2m > [22mshould show different button states correctly[90m 49[2mms[22m[31m[39m
[31m     ÔåÆ Found multiple elements with the text: Finish Session

Here are the matching elements:

Ignored nodes: comments, script, style
[36m<h2[31m
  [33mclass[31m=[32m"text-lg font-semibold flex items-center gap-2"[31m
  [33mdata-slot[31m=[32m"alert-dialog-title"[31m
  [33mid[31m=[32m"radix-:r1n:"[31m
[36m>[31m
  [36m<svg[31m
    [33mclass[31m=[32m"lucide lucide-triangle-alert h-5 w-5 text-amber-600"[31m
    [33mfill[31m=[32m"none"[31m
    [33mheight[31m=[32m"24"[31m
    [33mstroke[31m=[32m"currentColor"[31m
    [33mstroke-linecap[31m=[32m"round"[31m
    [33mstroke-linejoin[31m=[32m"round"[31m
    [33mstroke-width[31m=[32m"2"[31m
    [33mviewBox[31m=[32m"0 0 24 24"[31m
    [33mwidth[31m=[32m"24"[31m
    [33mxmlns[31m=[32m"http://www.w3.org/2000/svg"[31m
  [36m>[31m
    [36m<path[31m
      [33md[31m=[32m"m21.73 18-8-14a2 2 0 0 0-3.48 0l-8 14A2 2 0 0 0 4 21h16a2 2 0 0 0 1.73-3"[31m
    [36m/>[31m
    [36m<path[31m
      [33md[31m=[32m"M12 9v4"[31m
    [36m/>[31m
    [36m<path[31m
      [33md[31m=[32m"M12 17h.01"[31m
    [36m/>[31m
  [36m</svg>[31m
  [0mFinish Session[0m
[36m</h2>[31m

Ignored nodes: comments, script, style
[36m<button[31m
  [33mclass[31m=[32m"inline-flex items-center justify-center gap-2 whitespace-nowrap rounded-md text-sm font-medium transition-all disabled:pointer-events-none disabled:opacity-50 [&_svg]:pointer-events-none [&_svg:not([class*='size-'])]:size-4 shrink-0 [&_svg]:shrink-0 outline-none focus-visible:border-ring focus-visible:ring-ring/50 focus-visible:ring-[3px] aria-invalid:ring-destructive/20 dark:aria-invalid:ring-destructive/40 aria-invalid:border-destructive active:translate-y-[1px] text-primary-foreground shadow-xs h-9 px-4 py-2 has-[>svg]:px-3 bg-amber-600 hover:bg-amber-700 dark:bg-amber-700 dark:hover:bg-amber-800"[31m
  [33mtype[31m=[32m"button"[31m
[36m>[31m
  [0mFinish Session[0m
[36m</button>[31m

(If this is intentional, then use the `*AllBy*` variant of the query (like `queryAllByText`, `getAllByText`, or `findAllByText`)).

Ignored nodes: comments, script, style
[36m<body[31m
  [33mdata-scroll-locked[31m=[32m"1"[31m
  [33mstyle[31m=[32m"pointer-events: none;"[31m
[36m>[31m
  [36m<span[31m
    [33maria-hidden[31m=[32m"true"[31m
    [33mdata-aria-hidden[31m=[32m"true"[31m
    [33mdata-radix-focus-guard[31m=[32m""[31m
    [33mstyle[31m=[32m"outline: none; opacity: 0; position: fixed; pointer-events: none;"[31m
    [33mtabindex[31m=[32m"0"[31m
  [36m/>[31m
  [36m<div[31m
    [33maria-hidden[31m=[32m"true"[31m
    [33mdata-aria-hidden[31m=[32m"true"[31m
  [36m/>[31m
  [36m<div[31m
    [33maria-hidden[31m=[32m"true"[31m
    [33mclass[31m=[32m"data-[state=open]:animate-in data-[state=closed]:animate-out data-[state=closed]:fade-out-0 data-[state=open]:fade-in-0 fixed inset-0 z-50 bg-black/50"[31m
    [33mdata-aria-hidden[31m=[32m"true"[31m
    [33mdata-slot[31m=[32m"alert-dialog-overlay"[31m
    [33mdata-state[31m=[32m"open"[31m
    [33mstyle[31m=[32m"pointer-events: auto;"[31m
  [36m/>[31m
  [36m<div[31m
    [33maria-describedby[31m=[32m"radix-:r1o:"[31m
    [33maria-labelledby[31m=[32m"radix-:r1n:"[31m
    [33mclass[31m=[32m"bg-background data-[state=open]:animate-in data-[state=closed]:animate-out data-[state=closed]:fade-out-0 data-[state=open]:fade-in-0 data-[state=closed]:zoom-out-95 data-[state=open]:zoom-in-95 fixed top-[50%] left-[50%] z-50 grid w-full translate-x-[-50%] translate-y-[-50%] gap-4 rounded-lg border p-6 shadow-lg duration-200 sm:max-w-lg max-w-md"[31m
    [33mdata-slot[31m=[32m"alert-dialog-content"[31m
    [33mdata-state[31m=[32m"open"[31m
    [33mid[31m=[32m"radix-:r1m:"[31m
    [33mrole[31m=[32m"alertdialog"[31m
    [33mstyle[31m=[32m"pointer-events: auto;"[31m
    [33mtabindex[31m=[32m"-1"[31m
  [36m>[31m
    [36m<div[31m
      [33mclass[31m=[32m"flex flex-col gap-2 text-center sm:text-left"[31m
      [33mdata-slot[31m=[32m"alert-dialog-header"[31m
    [36m>[31m
      [36m<h2[31m
        [33mclass[31m=[32m"text-lg font-semibold flex items-center gap-2"[31m
        [33mdata-slot[31m=[32m"alert-dialog-title"[31m
        [33mid[31m=[32m"radix-:r1n:"[31m
      [36m>[31m
        [36m<svg[31m
          [33mclass[31m=[32m"lucide lucide-triangle-alert h-5 w-5 text-amber-600"[31m
          [33mfill[31m=[32m"none"[31m
          [33mheight[31m=[32m"24"[31m
          [33mstroke[31m=[32m"currentColor"[31m
          [33mstroke-linecap[31m=[32m"round"[31m
          [33mstroke-linejoin[31m=[32m"round"[31m
          [33mstroke-width[31m=[32m"2"[31m
          [33mviewBox[31m=[32m"0 0 24 24"[31m
          [33mwidth[31m=[32m"24"[31m
          [33mxmlns[31m=[32m"http://www.w3.org/2000/svg"[31m
        [36m>[31m
          [36m<path[31m
            [33md[31m=[32m"m21.73 18-8-14a2 2 0 0 0-3.48 0l-8 14A2 2 0 0 0 4 21h16a2 2 0 0 0 1.73-3"[31m
          [36m/>[31m
          [36m<path[31m
            [33md[31m=[32m"M12 9v4"[31m
          [36m/>[31m
          [36m<path[31m
            [33md[31m=[32m"M12 17h.01"[31m
          [36m/>[31m
        [36m</svg>[31m
        [0mFinish Session[0m
      [36m</h2>[31m
      [36m<div[31m
        [33mclass[31m=[32m"text-muted-foreground text-sm space-y-3"[31m
        [33mdata-slot[31m=[32m"alert-dialog-description"[31m
        [33mid[31m=[32m"radix-:r1o:"[31m
      [36m>[31m
        [36m<p>[31m
          [0mAre you sure you want to finish your workout session for[0m
          [0m [0m
          [36m<span[31m
            [33mclass[31m=[32m"font-medium"[31m
          [36m>[31m
            [0mPush Day[0m
          [36m</span>[31m
          [0m?[0m
        [36m</p>[31m
        [36m<div[31m
          [33mclass[31m=[32m"bg-muted/50 rounded-lg p-3 space-y-2"[31m
        [36m>[31m
          [36m<div[31m
            [33mclass[31m=[32m"flex items-center justify-between"[31m
          [36m>[31m
            [36m<span[31m
              [33mclass[31m=[32m"text-sm font-medium"[31m
            [36m>[31m
              [0mProgress[0m
            [36m</span>[31m
            [36m<span[31m
              [33mclass[31m=[32m"inline-flex items-center justify-center rounded-md border px-2 py-0.5 text-xs font-medium w-fit whitespace-nowrap shrink-0 [&>svg]:size-3 gap-1 [&>svg]:pointer-events-none focus-visible:border-ring focus-visible:ring-ring/50 focus-visible:ring-[3px] aria-invalid:ring-destructive/20 dark:aria-invalid:ring-destructive/40 aria-invalid:border-destructive transition-[color,box-shadow] overflow-hidden border-transparent bg-secondary text-secondary-foreground [a&]:hover:bg-secondary/90"[31m
              [33mdata-slot[31m=[32m"badge"[31m
            [36m>[31m
              [0m67[0m
              [0m%[0m
            [36m</span>[31m
          [36m</div>[31m
          [36m<div[31m
            [33mclass[31m=[32m"flex items-center gap-2 text-sm"[31m
          [36m>[31m
            [36m<svg[31m
              [33mclass[31m=[32m"lucide lucide-target h-4 w-4 text-muted-foreground"[31m
              [33mfill[31m=[32m"none"[31m
              [33mheight[31m=[32m"24"[31m
              [33mstroke[31m=[32m"currentColor"[31m
              [33mstroke-linecap[31m=[32m"round"[31m
              [33mstroke-linejoin[31m=[32m"round"[31m
              [33mstroke-width[31m=[32m"2"[31m
              [33mviewBox[31m=[32m"0 0 24 24"[31m
              [33mwidth[31m=[32m"24"[31m
              [33mxmlns[31m=[32m"http://www.w3.org/2000/svg"[31m
            [36m>[31m
              [36m<circle[31m
                [33mcx[31m=[32m"12"[31m
                [33mcy[31m=[32m"12"[31m
                [33mr[31m=[32m"10"[31m
              [36m/>[31m
              [36m<circle[31m
                [33mcx[31m=[32m"12"[31m
                [33mcy[31m=[32m"12"[31m
                [33mr[31m=[32m"6"[31m
              [36m/>[31m
              [36m<circle[31m
                [33mcx[31m=[32m"12"[31m
                [33mcy[31m=[32m"12"[31m
                [33mr[31m=[32m"2"[31m
              [36m/>[31m
            [36m</svg>[31m
            [36m<span>[31m
              [0m8[0m
              [0m of [0m
              [0m12[0m
              [0m sets completed[0m
            [36m</span>[31m
          [36m</div>[31m
          [36m<div[31m
            [33mclass[31m=[32m"flex items-center gap-2 text-sm text-amber-700 dark:text-amber-300"[31m
          [36m>[31m
            [36m<svg[31m
              [33mclass[31m=[32m"lucide lucide-triangle-alert h-4 w-4"[31m
              [33mfill[31m=[32m"none"[31m
              [33mheight[31m=[32m"24"[31m
              [33mstroke[31m=[32m"currentColor"[31m
              [33mstroke-linecap[31m=[32m"round"[31m
              [33mstroke-linejoin[31m=[32m"round"[31m
              [33mstroke-width[31m=[32m"2"[31m
              [33mviewBox[31m=[32m"0 0 24 24"[31m
              [33mwidth[31m=[32m"24"[31m
              [33mxmlns[31m=[32m"http://www.w3.org/2000/svg"[31m
            [36m>[31m
              [36m<path[31m
                [33md[31m=[32m"m21.73 18-8-14a2 2 0 0 0-3.48 0l-8 14A2 2 0 0 0 4 21h16a2 2 0 0 0 1.73-3"[31m
              [36m/>[31m
              [36m<path[31m
                [33md[31m=[32m"M12 9v4"[31m
              [36m/>[31m
              [36m<path[31m
                [33md[31m=[32m"M12 17h.01"[31m
              [36m/>[31m
            [36m</svg>[31m
            [36m<span>[31m
              [0m4[0m
              [0m set[0m
              [0ms[0m
              [0m remaining[0m
            [36m</span>[31m
          [36m</div>[31m
        [36m</div>[31m
        [36m<div[31m
          [33mclass[31m=[32m"bg-amber-50 dark:bg-amber-950/20 border border-amber-200 dark:border-amber-800 rounded-lg p-3"[31m
        [36m>[31m
          [36m<p[31m
            [33mclass[31m=[32m"text-sm text-amber-800 dark:text-amber-200"[31m
          [36m>[31m
            [36m<strong>[31m
              [0mNote:[0m
            [36m</strong>[31m
            [0m Finishing with incomplete sets will still save your progress, but you won't get the full benefit of the workout.[0m
          [36m</p>[31m
        [36m</div>[31m
      [36m</div>[31m
    [36m</div>[31m
    [36m<div[31m
      [33mclass[31m=[32m"flex flex-col-reverse gap-2 sm:flex-row sm:justify-end"[31m
      [33mdata-slot[31m=[32m"alert-dialog-footer"[31m
    [36m>[31m
      [36m<button[31m
        [33mclass[31m=[32m"inline-flex items-center justify-center gap-2 whitespace-nowrap rounded-md text-sm font-medium transition-all disabled:pointer-events-none disabled:opacity-50 [&_svg]:pointer-events-none [&_svg:not([class*='size-'])]:size-4 shrink-0 [&_svg]:shrink-0 outline-none focus-visible:border-ring focus-visible:ring-ring/50 focus-visible:ring-[3px] aria-invalid:ring-destructive/20 dark:aria-invalid:ring-destructive/40 aria-invalid:border-destructive active:translate-y-[1px] border bg-background shadow-xs hover:bg-accent hover:text-accent-foreground dark:bg-input/30 dark:border-input dark:hover:bg-input/50 h-9 px-4 py-2 has-[>svg]:px-3"[31m
        [33mtype[31m=[32m"button"[31m
      [36m>[31m
        [0mCancel[0m
      [36m</button>[31m
      [36m<button[31m
        [33mclass[31m=[32m"inline-flex items-center justify-center gap-2 whitespace-nowrap rounded-md text-sm font-medium transition-all disabled:pointer-events-none disabled:opacity-50 [&_svg]:pointer-events-none [&_svg:not([class*='size-'])]:size-4 shrink-0 [&_svg]:shrink-0 outline-none focus-visible:border-ring focus-visible:ring-ring/50 focus-visible:ring-[3px] aria-invalid:ring-destructive/20 dark:aria-invalid:ring-destructive/40 aria-invalid:border-destructive active:translate-y-[1px] text-primary-foreground shadow-xs h-9 px-4 py-2 has-[>svg]:px-3 bg-amber-600 hover:bg-amber-700 dark:bg-amber-700 dark:hover:bg-amber-800"[31m
        [33mtype[31m=[32m"button"[31m
      [36m>[31m
        [0mFinish Session[0m
      [36m</button>[31m
    [36m</div>[31m
  [36m</div>[31m
  [36m<span[31m
    [33maria-hidden[31m=[32m"true"[31m
    [33mdata-aria-hidden[31m=[32m"true"[31m
    [33mdata-radix-focus-guard[31m=[32m""[31m
    [33mstyle[31m=[32m"outline: none; opacity: 0; position: fixed; pointer-events: none;"[31m
    [33mtabindex[31m=[32m"0"[31m
  [36m/>[31m
[36m</body>[31m[39m
[31m   [31m├ù[31m SessionConfirmationDialog[2m > [22mshould handle edge cases with progress data[90m 51[2mms[22m[31m[39m
[31m     ÔåÆ Unable to find an element with the text: 95 / 100 sets completed (95%). This could be because the text is broken up by multiple elements. In this case, you can provide a function for your text matcher to make your matcher more flexible.

Ignored nodes: comments, script, style
[36m<body[31m
  [33mdata-scroll-locked[31m=[32m"1"[31m
  [33mstyle[31m=[32m"pointer-events: none;"[31m
[36m>[31m
  [36m<span[31m
    [33maria-hidden[31m=[32m"true"[31m
    [33mdata-aria-hidden[31m=[32m"true"[31m
    [33mdata-radix-focus-guard[31m=[32m""[31m
    [33mstyle[31m=[32m"outline: none; opacity: 0; position: fixed; pointer-events: none;"[31m
    [33mtabindex[31m=[32m"0"[31m
  [36m/>[31m
  [36m<div[31m
    [33maria-hidden[31m=[32m"true"[31m
    [33mdata-aria-hidden[31m=[32m"true"[31m
  [36m/>[31m
  [36m<div[31m
    [33maria-hidden[31m=[32m"true"[31m
    [33mclass[31m=[32m"data-[state=open]:animate-in data-[state=closed]:animate-out data-[state=closed]:fade-out-0 data-[state=open]:fade-in-0 fixed inset-0 z-50 bg-black/50"[31m
    [33mdata-aria-hidden[31m=[32m"true"[31m
    [33mdata-slot[31m=[32m"alert-dialog-overlay"[31m
    [33mdata-state[31m=[32m"open"[31m
    [33mstyle[31m=[32m"pointer-events: auto;"[31m
  [36m/>[31m
  [36m<div[31m
    [33maria-describedby[31m=[32m"radix-:r1r:"[31m
    [33maria-labelledby[31m=[32m"radix-:r1q:"[31m
    [33mclass[31m=[32m"bg-background data-[state=open]:animate-in data-[state=closed]:animate-out data-[state=closed]:fade-out-0 data-[state=open]:fade-in-0 data-[state=closed]:zoom-out-95 data-[state=open]:zoom-in-95 fixed top-[50%] left-[50%] z-50 grid w-full translate-x-[-50%] translate-y-[-50%] gap-4 rounded-lg border p-6 shadow-lg duration-200 sm:max-w-lg max-w-md"[31m
    [33mdata-slot[31m=[32m"alert-dialog-content"[31m
    [33mdata-state[31m=[32m"open"[31m
    [33mid[31m=[32m"radix-:r1p:"[31m
    [33mrole[31m=[32m"alertdialog"[31m
    [33mstyle[31m=[32m"pointer-events: auto;"[31m
    [33mtabindex[31m=[32m"-1"[31m
  [36m>[31m
    [36m<div[31m
      [33mclass[31m=[32m"flex flex-col gap-2 text-center sm:text-left"[31m
      [33mdata-slot[31m=[32m"alert-dialog-header"[31m
    [36m>[31m
      [36m<h2[31m
        [33mclass[31m=[32m"text-lg font-semibold flex items-center gap-2"[31m
        [33mdata-slot[31m=[32m"alert-dialog-title"[31m
        [33mid[31m=[32m"radix-:r1q:"[31m
      [36m>[31m
        [36m<svg[31m
          [33mclass[31m=[32m"lucide lucide-triangle-alert h-5 w-5 text-amber-600"[31m
          [33mfill[31m=[32m"none"[31m
          [33mheight[31m=[32m"24"[31m
          [33mstroke[31m=[32m"currentColor"[31m
          [33mstroke-linecap[31m=[32m"round"[31m
          [33mstroke-linejoin[31m=[32m"round"[31m
          [33mstroke-width[31m=[32m"2"[31m
          [33mviewBox[31m=[32m"0 0 24 24"[31m
          [33mwidth[31m=[32m"24"[31m
          [33mxmlns[31m=[32m"http://www.w3.org/2000/svg"[31m
        [36m>[31m
          [36m<path[31m
            [33md[31m=[32m"m21.73 18-8-14a2 2 0 0 0-3.48 0l-8 14A2 2 0 0 0 4 21h16a2 2 0 0 0 1.73-3"[31m
          [36m/>[31m
          [36m<path[31m
            [33md[31m=[32m"M12 9v4"[31m
          [36m/>[31m
          [36m<path[31m
            [33md[31m=[32m"M12 17h.01"[31m
          [36m/>[31m
        [36m</svg>[31m
        [0mFinish Session[0m
      [36m</h2>[31m
      [36m<div[31m
        [33mclass[31m=[32m"text-muted-foreground text-sm space-y-3"[31m
        [33mdata-slot[31m=[32m"alert-dialog-description"[31m
        [33mid[31m=[32m"radix-:r1r:"[31m
      [36m>[31m
        [36m<p>[31m
          [0mAre you sure you want to finish your workout session for[0m
          [0m [0m
          [36m<span[31m
            [33mclass[31m=[32m"font-medium"[31m
          [36m>[31m
            [0mPush Day[0m
          [36m</span>[31m
          [0m?[0m
        [36m</p>[31m
        [36m<div[31m
          [33mclass[31m=[32m"bg-muted/50 rounded-lg p-3 space-y-2"[31m
        [36m>[31m
          [36m<div[31m
            [33mclass[31m=[32m"flex items-center justify-between"[31m
          [36m>[31m
            [36m<span[31m
              [33mclass[31m=[32m"text-sm font-medium"[31m
            [36m>[31m
              [0mProgress[0m
            [36m</span>[31m
            [36m<span[31m
              [33mclass[31m=[32m"inline-flex items-center justify-center rounded-md border px-2 py-0.5 text-xs font-medium w-fit whitespace-nowrap shrink-0 [&>svg]:size-3 gap-1 [&>svg]:pointer-events-none focus-visible:border-ring focus-visible:ring-ring/50 focus-visible:ring-[3px] aria-invalid:ring-destructive/20 dark:aria-invalid:ring-destructive/40 aria-invalid:border-destructive transition-[color,box-shadow] overflow-hidden border-transparent bg-secondary text-secondary-foreground [a&]:hover:bg-secondary/90"[31m
              [33mdata-slot[31m=[32m"badge"[31m
            [36m>[31m
              [0m95[0m
              [0m%[0m
            [36m</span>[31m
          [36m</div>[31m
          [36m<div[31m
            [33mclass[31m=[32m"flex items-center gap-2 text-sm"[31m
          [36m>[31m
            [36m<svg[31m
              [33mclass[31m=[32m"lucide lucide-target h-4 w-4 text-muted-foreground"[31m
              [33mfill[31m=[32m"none"[31m
              [33mheight[31m=[32m"24"[31m
              [33mstroke[31m=[32m"currentColor"[31m
              [33mstroke-linecap[31m=[32m"round"[31m
              [33mstroke-linejoin[31m=[32m"round"[31m
              [33mstroke-width[31m=[32m"2"[31m
              [33mviewBox[31m=[32m"0 0 24 24"[31m
              [33mwidth[31m=[32m"24"[31m
              [33mxmlns[31m=[32m"http://www.w3.org/2000/svg"[31m
            [36m>[31m
              [36m<circle[31m
                [33mcx[31m=[32m"12"[31m
                [33mcy[31m=[32m"12"[31m
                [33mr[31m=[32m"10"[31m
              [36m/>[31m
              [36m<circle[31m
                [33mcx[31m=[32m"12"[31m
                [33mcy[31m=[32m"12"[31m
                [33mr[31m=[32m"6"[31m
              [36m/>[31m
              [36m<circle[31m
                [33mcx[31m=[32m"12"[31m
                [33mcy[31m=[32m"12"[31m
                [33mr[31m=[32m"2"[31m
              [36m/>[31m
            [36m</svg>[31m
            [36m<span>[31m
              [0m95[0m
              [0m of [0m
              [0m100[0m
              [0m sets completed[0m
            [36m</span>[31m
          [36m</div>[31m
          [36m<div[31m
            [33mclass[31m=[32m"flex items-center gap-2 text-sm text-amber-700 dark:text-amber-300"[31m
          [36m>[31m
            [36m<svg[31m
              [33mclass[31m=[32m"lucide lucide-triangle-alert h-4 w-4"[31m
              [33mfill[31m=[32m"none"[31m
              [33mheight[31m=[32m"24"[31m
              [33mstroke[31m=[32m"currentColor"[31m
              [33mstroke-linecap[31m=[32m"round"[31m
              [33mstroke-linejoin[31m=[32m"round"[31m
              [33mstroke-width[31m=[32m"2"[31m
              [33mviewBox[31m=[32m"0 0 24 24"[31m
              [33mwidth[31m=[32m"24"[31m
              [33mxmlns[31m=[32m"http://www.w3.org/2000/svg"[31m
            [36m>[31m
              [36m<path[31m
                [33md[31m=[32m"m21.73 18-8-14a2 2 0 0 0-3.48 0l-8 14A2 2 0 0 0 4 21h16a2 2 0 0 0 1.73-3"[31m
              [36m/>[31m
              [36m<path[31m
                [33md[31m=[32m"M12 9v4"[31m
              [36m/>[31m
              [36m<path[31m
                [33md[31m=[32m"M12 17h.01"[31m
              [36m/>[31m
            [36m</svg>[31m
            [36m<span>[31m
              [0m5[0m
              [0m set[0m
              [0ms[0m
              [0m remaining[0m
            [36m</span>[31m
          [36m</div>[31m
        [36m</div>[31m
        [36m<div[31m
          [33mclass[31m=[32m"bg-amber-50 dark:bg-amber-950/20 border border-amber-200 dark:border-amber-800 rounded-lg p-3"[31m
        [36m>[31m
          [36m<p[31m
            [33mclass[31m=[32m"text-sm text-amber-800 dark:text-amber-200"[31m
          [36m>[31m
            [36m<strong>[31m
              [0mNote:[0m
            [36m</strong>[31m
            [0m Finishing with incomplete sets will still save your progress, but you won't get the full benefit of the workout.[0m
          [36m</p>[31m
        [36m</div>[31m
      [36m</div>[31m
    [36m</div>[31m
    [36m<div[31m
      [33mclass[31m=[32m"flex flex-col-reverse gap-2 sm:flex-row sm:justify-end"[31m
      [33mdata-slot[31m=[32m"alert-dialog-footer"[31m
    [36m>[31m
      [36m<button[31m
        [33mclass[31m=[32m"inline-flex items-center justify-center gap-2 whitespace-nowrap rounded-md text-sm font-medium transition-all disabled:pointer-events-none disabled:opacity-50 [&_svg]:pointer-events-none [&_svg:not([class*='size-'])]:size-4 shrink-0 [&_svg]:shrink-0 outline-none focus-visible:border-ring focus-visible:ring-ring/50 focus-visible:ring-[3px] aria-invalid:ring-destructive/20 dark:aria-invalid:ring-destructive/40 aria-invalid:border-destructive active:translate-y-[1px] border bg-background shadow-xs hover:bg-accent hover:text-accent-foreground dark:bg-input/30 dark:border-input dark:hover:bg-input/50 h-9 px-4 py-2 has-[>svg]:px-3"[31m
        [33mtype[31m=[32m"button"[31m
      [36m>[31m
        [0mCancel[0m
      [36m</button>[31m
      [36m<button[31m
        [33mclass[31m=[32m"inline-flex items-center justify-center gap-2 whitespace-nowrap rounded-md text-sm font-medium transition-all disabled:pointer-events-none disabled:opacity-50 [&_svg]:pointer-events-none [&_svg:not([class*='size-'])]:size-4 shrink-0 [&_svg]:shrink-0 outline-none focus-visible:border-ring focus-visible:ring-ring/50 focus-visible:ring-[3px] aria-invalid:ring-destructive/20 dark:aria-invalid:ring-destructive/40 aria-invalid:border-destructive active:translate-y-[1px] text-primary-foreground shadow-xs h-9 px-4 py-2 has-[>svg]:px-3 bg-amber-600 hover:bg-amber-700 dark:bg-amber-700 dark:hover:bg-amber-800"[31m
        [33mtype[31m=[32m"button"[31m
      [36m>[31m
        [0mFinish Session[0m
      [36m</button>[31m
    [36m</div>[31m
  [36m</div>[31m
  [36m<span[31m
    [33maria-hidden[31m=[32m"true"[31m
    [33mdata-aria-hidden[31m=[32m"true"[31m
    [33mdata-radix-focus-guard[31m=[32m""[31m
    [33mstyle[31m=[32m"outline: none; opacity: 0; position: fixed; pointer-events: none;"[31m
    [33mtabindex[31m=[32m"0"[31m
  [36m/>[31m
[36m</body>[31m[39m
[31m   [31m├ù[31m SessionConfirmationDialog[2m > [22mshould maintain focus management when opening[90m 131[2mms[22m[31m[39m
[31m     ÔåÆ Unable to find an accessible element with the role "dialog"

Here are the accessible roles:

  alertdialog:

  Name "Finish Session":
  [36m<div[31m
    [33maria-describedby[31m=[32m"radix-:r1u:"[31m
    [33maria-labelledby[31m=[32m"radix-:r1t:"[31m
    [33mclass[31m=[32m"bg-background data-[state=open]:animate-in data-[state=closed]:animate-out data-[state=closed]:fade-out-0 data-[state=open]:fade-in-0 data-[state=closed]:zoom-out-95 data-[state=open]:zoom-in-95 fixed top-[50%] left-[50%] z-50 grid w-full translate-x-[-50%] translate-y-[-50%] gap-4 rounded-lg border p-6 shadow-lg duration-200 sm:max-w-lg max-w-md"[31m
    [33mdata-slot[31m=[32m"alert-dialog-content"[31m
    [33mdata-state[31m=[32m"open"[31m
    [33mid[31m=[32m"radix-:r1s:"[31m
    [33mrole[31m=[32m"alertdialog"[31m
    [33mstyle[31m=[32m"pointer-events: auto;"[31m
    [33mtabindex[31m=[32m"-1"[31m
  [36m/>[31m

  --------------------------------------------------
  heading:

  Name "Finish Session":
  [36m<h2[31m
    [33mclass[31m=[32m"text-lg font-semibold flex items-center gap-2"[31m
    [33mdata-slot[31m=[32m"alert-dialog-title"[31m
    [33mid[31m=[32m"radix-:r1t:"[31m
  [36m/>[31m

  --------------------------------------------------
  paragraph:

  Name "":
  [36m<p />[31m

  Name "":
  [36m<p[31m
    [33mclass[31m=[32m"text-sm text-amber-800 dark:text-amber-200"[31m
  [36m/>[31m

  --------------------------------------------------
  strong:

  Name "":
  [36m<strong />[31m

  --------------------------------------------------
  button:

  Name "Cancel":
  [36m<button[31m
    [33mclass[31m=[32m"inline-flex items-center justify-center gap-2 whitespace-nowrap rounded-md text-sm font-medium transition-all disabled:pointer-events-none disabled:opacity-50 [&_svg]:pointer-events-none [&_svg:not([class*='size-'])]:size-4 shrink-0 [&_svg]:shrink-0 outline-none focus-visible:border-ring focus-visible:ring-ring/50 focus-visible:ring-[3px] aria-invalid:ring-destructive/20 dark:aria-invalid:ring-destructive/40 aria-invalid:border-destructive active:translate-y-[1px] border bg-background shadow-xs hover:bg-accent hover:text-accent-foreground dark:bg-input/30 dark:border-input dark:hover:bg-input/50 h-9 px-4 py-2 has-[>svg]:px-3"[31m
    [33mtype[31m=[32m"button"[31m
  [36m/>[31m

  Name "Finish Session":
  [36m<button[31m
    [33mclass[31m=[32m"inline-flex items-center justify-center gap-2 whitespace-nowrap rounded-md text-sm font-medium transition-all disabled:pointer-events-none disabled:opacity-50 [&_svg]:pointer-events-none [&_svg:not([class*='size-'])]:size-4 shrink-0 [&_svg]:shrink-0 outline-none focus-visible:border-ring focus-visible:ring-ring/50 focus-visible:ring-[3px] aria-invalid:ring-destructive/20 dark:aria-invalid:ring-destructive/40 aria-invalid:border-destructive active:translate-y-[1px] text-primary-foreground shadow-xs h-9 px-4 py-2 has-[>svg]:px-3 bg-amber-600 hover:bg-amber-700 dark:bg-amber-700 dark:hover:bg-amber-800"[31m
    [33mtype[31m=[32m"button"[31m
  [36m/>[31m

  --------------------------------------------------

Ignored nodes: comments, script, style
[36m<body[31m
  [33mdata-scroll-locked[31m=[32m"1"[31m
  [33mstyle[31m=[32m"pointer-events: none;"[31m
[36m>[31m
  [36m<span[31m
    [33maria-hidden[31m=[32m"true"[31m
    [33mdata-aria-hidden[31m=[32m"true"[31m
    [33mdata-radix-focus-guard[31m=[32m""[31m
    [33mstyle[31m=[32m"outline: none; opacity: 0; position: fixed; pointer-events: none;"[31m
    [33mtabindex[31m=[32m"0"[31m
  [36m/>[31m
  [36m<div[31m
    [33maria-hidden[31m=[32m"true"[31m
    [33mdata-aria-hidden[31m=[32m"true"[31m
  [36m/>[31m
  [36m<div[31m
    [33maria-hidden[31m=[32m"true"[31m
    [33mclass[31m=[32m"data-[state=open]:animate-in data-[state=closed]:animate-out data-[state=closed]:fade-out-0 data-[state=open]:fade-in-0 fixed inset-0 z-50 bg-black/50"[31m
    [33mdata-aria-hidden[31m=[32m"true"[31m
    [33mdata-slot[31m=[32m"alert-dialog-overlay"[31m
    [33mdata-state[31m=[32m"open"[31m
    [33mstyle[31m=[32m"pointer-events: auto;"[31m
  [36m/>[31m
  [36m<div[31m
    [33maria-describedby[31m=[32m"radix-:r1u:"[31m
    [33maria-labelledby[31m=[32m"radix-:r1t:"[31m
    [33mclass[31m=[32m"bg-background data-[state=open]:animate-in data-[state=closed]:animate-out data-[state=closed]:fade-out-0 data-[state=open]:fade-in-0 data-[state=closed]:zoom-out-95 data-[state=open]:zoom-in-95 fixed top-[50%] left-[50%] z-50 grid w-full translate-x-[-50%] translate-y-[-50%] gap-4 rounded-lg border p-6 shadow-lg duration-200 sm:max-w-lg max-w-md"[31m
    [33mdata-slot[31m=[32m"alert-dialog-content"[31m
    [33mdata-state[31m=[32m"open"[31m
    [33mid[31m=[32m"radix-:r1s:"[31m
    [33mrole[31m=[32m"alertdialog"[31m
    [33mstyle[31m=[32m"pointer-events: auto;"[31m
    [33mtabindex[31m=[32m"-1"[31m
  [36m>[31m
    [36m<div[31m
      [33mclass[31m=[32m"flex flex-col gap-2 text-center sm:text-left"[31m
      [33mdata-slot[31m=[32m"alert-dialog-header"[31m
    [36m>[31m
      [36m<h2[31m
        [33mclass[31m=[32m"text-lg font-semibold flex items-center gap-2"[31m
        [33mdata-slot[31m=[32m"alert-dialog-title"[31m
        [33mid[31m=[32m"radix-:r1t:"[31m
      [36m>[31m
        [36m<svg[31m
          [33mclass[31m=[32m"lucide lucide-triangle-alert h-5 w-5 text-amber-600"[31m
          [33mfill[31m=[32m"none"[31m
          [33mheight[31m=[32m"24"[31m
          [33mstroke[31m=[32m"currentColor"[31m
          [33mstroke-linecap[31m=[32m"round"[31m
          [33mstroke-linejoin[31m=[32m"round"[31m
          [33mstroke-width[31m=[32m"2"[31m
          [33mviewBox[31m=[32m"0 0 24 24"[31m
          [33mwidth[31m=[32m"24"[31m
          [33mxmlns[31m=[32m"http://www.w3.org/2000/svg"[31m
        [36m>[31m
          [36m<path[31m
            [33md[31m=[32m"m21.73 18-8-14a2 2 0 0 0-3.48 0l-8 14A2 2 0 0 0 4 21h16a2 2 0 0 0 1.73-3"[31m
          [36m/>[31m
          [36m<path[31m
            [33md[31m=[32m"M12 9v4"[31m
          [36m/>[31m
          [36m<path[31m
            [33md[31m=[32m"M12 17h.01"[31m
          [36m/>[31m
        [36m</svg>[31m
        [0mFinish Session[0m
      [36m</h2>[31m
      [36m<div[31m
        [33mclass[31m=[32m"text-muted-foreground text-sm space-y-3"[31m
        [33mdata-slot[31m=[32m"alert-dialog-description"[31m
        [33mid[31m=[32m"radix-:r1u:"[31m
      [36m>[31m
        [36m<p>[31m
          [0mAre you sure you want to finish your workout session for[0m
          [0m [0m
          [36m<span[31m
            [33mclass[31m=[32m"font-medium"[31m
          [36m>[31m
            [0mPush Day[0m
          [36m</span>[31m
          [0m?[0m
        [36m</p>[31m
        [36m<div[31m
          [33mclass[31m=[32m"bg-muted/50 rounded-lg p-3 space-y-2"[31m
        [36m>[31m
          [36m<div[31m
            [33mclass[31m=[32m"flex items-center justify-between"[31m
          [36m>[31m
            [36m<span[31m
              [33mclass[31m=[32m"text-sm font-medium"[31m
            [36m>[31m
              [0mProgress[0m
            [36m</span>[31m
            [36m<span[31m
              [33mclass[31m=[32m"inline-flex items-center justify-center rounded-md border px-2 py-0.5 text-xs font-medium w-fit whitespace-nowrap shrink-0 [&>svg]:size-3 gap-1 [&>svg]:pointer-events-none focus-visible:border-ring focus-visible:ring-ring/50 focus-visible:ring-[3px] aria-invalid:ring-destructive/20 dark:aria-invalid:ring-destructive/40 aria-invalid:border-destructive transition-[color,box-shadow] overflow-hidden border-transparent bg-secondary text-secondary-foreground [a&]:hover:bg-secondary/90"[31m
              [33mdata-slot[31m=[32m"badge"[31m
            [36m>[31m
              [0m67[0m
              [0m%[0m
            [36m</span>[31m
          [36m</div>[31m
          [36m<div[31m
            [33mclass[31m=[32m"flex items-center gap-2 text-sm"[31m
          [36m>[31m
            [36m<svg[31m
              [33mclass[31m=[32m"lucide lucide-target h-4 w-4 text-muted-foreground"[31m
              [33mfill[31m=[32m"none"[31m
              [33mheight[31m=[32m"24"[31m
              [33mstroke[31m=[32m"currentColor"[31m
              [33mstroke-linecap[31m=[32m"round"[31m
              [33mstroke-linejoin[31m=[32m"round"[31m
              [33mstroke-width[31m=[32m"2"[31m
              [33mviewBox[31m=[32m"0 0 24 24"[31m
              [33mwidth[31m=[32m"24"[31m
              [33mxmlns[31m=[32m"http://www.w3.org/2000/svg"[31m
            [36m>[31m
              [36m<circle[31m
                [33mcx[31m=[32m"12"[31m
                [33mcy[31m=[32m"12"[31m
                [33mr[31m=[32m"10"[31m
              [36m/>[31m
              [36m<circle[31m
                [33mcx[31m=[32m"12"[31m
                [33mcy[31m=[32m"12"[31m
                [33mr[31m=[32m"6"[31m
              [36m/>[31m
              [36m<circle[31m
                [33mcx[31m=[32m"12"[31m
                [33mcy[31m=[32m"12"[31m
                [33mr[31m=[32m"2"[31m
              [36m/>[31m
            [36m</svg>[31m
            [36m<span>[31m
              [0m8[0m
              [0m of [0m
              [0m12[0m
              [0m sets completed[0m
            [36m</span>[31m
          [36m</div>[31m
          [36m<div[31m
            [33mclass[31m=[32m"flex items-center gap-2 text-sm text-amber-700 dark:text-amber-300"[31m
          [36m>[31m
            [36m<svg[31m
              [33mclass[31m=[32m"lucide lucide-triangle-alert h-4 w-4"[31m
              [33mfill[31m=[32m"none"[31m
              [33mheight[31m=[32m"24"[31m
              [33mstroke[31m=[32m"currentColor"[31m
              [33mstroke-linecap[31m=[32m"round"[31m
              [33mstroke-linejoin[31m=[32m"round"[31m
              [33mstroke-width[31m=[32m"2"[31m
              [33mviewBox[31m=[32m"0 0 24 24"[31m
              [33mwidth[31m=[32m"24"[31m
              [33mxmlns[31m=[32m"http://www.w3.org/2000/svg"[31m
            [36m>[31m
              [36m<path[31m
                [33md[31m=[32m"m21.73 18-8-14a2 2 0 0 0-3.48 0l-8 14A2 2 0 0 0 4 21h16a2 2 0 0 0 1.73-3"[31m
              [36m/>[31m
              [36m<path[31m
                [33md[31m=[32m"M12 9v4"[31m
              [36m/>[31m
              [36m<path[31m
                [33md[31m=[32m"M12 17h.01"[31m
              [36m/>[31m
            [36m</svg>[31m
            [36m<span>[31m
[31mÔÄ»ÔÄ»ÔÄ»ÔÄ»ÔÄ»ÔÄ»[1m[7m Failed Tests 16 
[27m[22mÔÄ»ÔÄ»ÔÄ»ÔÄ»ÔÄ»ÔÄ»ÔÄ»[39m

[31m[1m[7m FAIL [27m[22m[39m 
__tests__/components/workout/session-confirmation-dialog.test.tsx[2m > 
[22mSessionConfirmationDialog[2m > [22mshould render when open
[31m[1mTestingLibraryElementError[22m[39m: Found multiple elements 
with the text: Finish Session

Here are the matching elements:

Ignored nodes: comments, script, style
[36m<h2[39m
  [33mclass[39m=[32m"text-lg font-semibold flex items-center gap-2"[39m
  [33mdata-slot[39m=[32m"alert-dialog-title"[39m
  [33mid[39m=[32m"radix-:r1:"[39m
[36m>[39m
  [36m<svg[39m
    [33mclass[39m=[32m"lucide lucide-triangle-alert h-5 w-5 
text-amber-600"[39m
    [33mfill[39m=[32m"none"[39m
    [33mheight[39m=[32m"24"[39m
    [33mstroke[39m=[32m"currentColor"[39m
    [33mstroke-linecap[39m=[32m"round"[39m
    [33mstroke-linejoin[39m=[32m"round"[39m
    [33mstroke-width[39m=[32m"2"[39m
    [33mviewBox[39m=[32m"0 0 24 24"[39m
    [33mwidth[39m=[32m"24"[39m
    [33mxmlns[39m=[32m"http://www.w3.org/2000/svg"[39m
              [0m4[0m
              [0m set[0m
              [0ms[0m
              [0m remaining[0m
            [36m</span>[31m
          [36m</div>[31m
        [36m</div>[31m
        [36m<div[31m
          [33mclass[31m=[32m"bg-amber-50 dark:bg-amber-950/20 border border-amber-200 dark:border-amber-800 rounded-lg p-3"[31m
        [36m>[31m
          [36m<p[31m
            [33mclass[31m=[32m"text-sm text-amber-800 dark:text-amber-200"[31m
          [36m>[31m
            [36m<strong>[31m
              [0mNote:[0m
            [36m</strong>[31m
            [0m Finishing with incomplete sets will still save your progress, but you won't get the full benefit of the workout.[0m
          [36m</p>[31m
        [36m</div>[31m
      [36m</div>[31m
    [36m</div>[31m
    [36m<div[31m
  [36m>[39m
    [36m<path[39m
      [33md[39m=[32m"m21.73 18-8-14a2 2 0 0 0-3.48 0l-8 14A2 2 0 0 0 4 
21h16a2 2 0 0 0 1.73-3"[39m
    [36m/>[39m
    [36m<path[39m
      [33md[39m=[32m"M12 9v4"[39m
    [36m/>[39m
    [36m<path[39m
      [33md[39m=[32m"M12 17h.01"[39m
    [36m/>[39m
  [36m</svg>[39m
  [0mFinish Session[0m
[36m</h2>[39m

Ignored nodes: comments, script, style
[36m<button[39m
  [33mclass[39m=[32m"inline-flex items-center justify-center gap-2 
whitespace-nowrap rounded-md text-sm font-medium transition-all 
disabled:pointer-events-none disabled:opacity-50 
[&_svg]:pointer-events-none [&_svg:not([class*='size-'])]:size-4 shrink-0 
[&_svg]:shrink-0 outline-none focus-visible:border-ring 
focus-visible:ring-ring/50 focus-visible:ring-[3px] 
aria-invalid:ring-destructive/20 dark:aria-invalid:ring-destructive/40 
aria-invalid:border-destructive active:translate-y-[1px] 
text-primary-foreground shadow-xs h-9 px-4 py-2 has-[>svg]:px-3 
bg-amber-600 hover:bg-amber-700 dark:bg-amber-700 
dark:hover:bg-amber-800"[39m
  [33mtype[39m=[32m"button"[39m
[36m>[39m
  [0mFinish Session[0m
[36m</button>[39m

(If this is intentional, then use the `*AllBy*` variant of the query (like 
`queryAllByText`, `getAllByText`, or `findAllByText`)).

Ignored nodes: comments, script, style
[36m<body[39m
  [33mdata-scroll-locked[39m=[32m"1"[39m
  [33mstyle[39m=[32m"pointer-events: none;"[39m
[36m>[39m
  [36m<span[39m
    [33maria-hidden[39m=[32m"true"[39m
      [33mclass[31m=[32m"flex flex-col-reverse gap-2 sm:flex-row sm:justify-end"[31m
      [33mdata-slot[31m=[32m"alert-dialog-footer"[31m
    [36m>[31m
      [36m<button[31m
        [33mclass[31m=[32m"inline-flex items-center justify-center gap-2 whitespace-nowrap rounded-md text-sm font-medium transition-all disabled:pointer-events-none disabled:opacity-50 [&_svg]:pointer-events-none [&_svg:not([class*='size-'])]:size-4 shrink-0 [&_svg]:shrink-0 outline-none focus-visible:border-ring focus-visible:ring-ring/50 focus-visible:ring-[3px] aria-invalid:ring-destructive/20 dark:aria-invalid:ring-destructive/40 aria-invalid:border-destructive active:translate-y-[1px] border bg-background shadow-xs hover:bg-accent hover:text-accent-foreground dark:bg-input/30 dark:border-input dark:hover:bg-input/50 h-9 px-4 py-2 has-[>svg]:px-3"[31m
        [33mtype[31m=[32m"button"[31m
      [36m>[31m
        [0mCancel[0m
      [36m</button>[31m
      [36m<button[31m
        [33mclass[31m=[32m"inline-flex items-center justify-center gap-2 whitespace-nowrap rounded-md text-sm font-medium transition-all disabled:pointer-events-none disabled:opacity-50 [&_svg]:pointer-events-none [&_svg:not([class*='size-'])]:size-4 shrink-0 [&_svg]:shrink-0 outline-none focus-visible:border-ring focus-visible:ring-ring/50 focus-visible:ring-[3px] aria-invalid:ring-destructive/20 dark:aria-invalid:ring-destructive/40 aria-invalid:border-destructive active:translate-y-[1px] text-primary-foreground shadow-xs h-9 px-4 py-2 has-[>svg]:px-3 bg-amber-600 hover:bg-amber-700 dark:bg-amber-700 dark:hover:bg-amber-800"[31m
        [33mtype[31m=[32m"button"[31m
      [36m>[31m
        [0mFinish Session[0m
      [36m</button>[31m
    [36m</div>[31m
  [36m</div>[31m
  [36m<span[31m
    [33maria-hidden[31m=[32m"true"[31m
    [33mdata-aria-hidden[31m=[32m"true"[31m
    [33mdata-radix-focus-guard[31m=[32m""[31m
    [33mstyle[31m=[32m"outline: none; opacity: 0; position: fixed; pointer-events: none;"[31m
    [33mtabindex[31m=[32m"0"[31m
  [36m/>[31m
[36m</body>[31m[39m

    [33mdata-aria-hidden[39m=[32m"true"[39m
    [33mdata-radix-focus-guard[39m=[32m""[39m
    [33mstyle[39m=[32m"outline: none; opacity: 0; position: fixed; 
pointer-events: none;"[39m
    [33mtabindex[39m=[32m"0"[39m
  [36m/>[39m
  [36m<div[39m
    [33maria-hidden[39m=[32m"true"[39m
    [33mdata-aria-hidden[39m=[32m"true"[39m
  [36m/>[39m
  [36m<div[39m
    [33maria-hidden[39m=[32m"true"[39m
    [33mclass[39m=[32m"data-[state=open]:animate-in 
data-[state=closed]:animate-out data-[state=closed]:fade-out-0 
data-[state=open]:fade-in-0 fixed inset-0 z-50 bg-black/50"[39m
    [33mdata-aria-hidden[39m=[32m"true"[39m
    [33mdata-slot[39m=[32m"alert-dialog-overlay"[39m
    [33mdata-state[39m=[32m"open"[39m
    [33mstyle[39m=[32m"pointer-events: auto;"[39m
  [36m/>[39m
  [36m<div[39m
    [33maria-describedby[39m=[32m"radix-:r2:"[39m
    [33maria-labelledby[39m=[32m"radix-:r1:"[39m
    [33mclass[39m=[32m"bg-background data-[state=open]:animate-in 
data-[state=closed]:animate-out data-[state=closed]:fade-out-0 
data-[state=open]:fade-in-0 data-[state=closed]:zoom-out-95 
data-[state=open]:zoom-in-95 fixed top-[50%] left-[50%] z-50 grid w-full 
translate-x-[-50%] translate-y-[-50%] gap-4 rounded-lg border p-6 
shadow-lg duration-200 sm:max-w-lg max-w-md"[39m
    [33mdata-slot[39m=[32m"alert-dialog-content"[39m
    [33mdata-state[39m=[32m"open"[39m
    [33mid[39m=[32m"radix-:r0:"[39m
    [33mrole[39m=[32m"alertdialog"[39m
    [33mstyle[39m=[32m"pointer-events: auto;"[39m
    [33mtabindex[39m=[32m"-1"[39m
  [36m>[39m
    [36m<div[39m
      [33mclass[39m=[32m"flex flex-col gap-2 text-center 
sm:text-left"[39m
      [33mdata-slot[39m=[32m"alert-dialog-header"[39m
    [36m>[39m
      [36m<h2[39m
        [33mclass[39m=[32m"text-lg font-semibold flex items-center 
gap-2"[39m
        [33mdata-slot[39m=[32m"alert-dialog-title"[39m
        [33mid[39m=[32m"radix-:r1:"[39m
      [36m>[39m
        [36m<svg[39m
          [33mclass[39m=[32m"lucide lucide-triangle-alert h-5 w-5 
text-amber-600"[39m
          [33mfill[39m=[32m"none"[39m
          [33mheight[39m=[32m"24"[39m
          [33mstroke[39m=[32m"currentColor"[39m
          [33mstroke-linecap[39m=[32m"round"[39m
          [33mstroke-linejoin[39m=[32m"round"[39m
          [33mstroke-width[39m=[32m"2"[39m
          [33mviewBox[39m=[32m"0 0 24 24"[39m
          [33mwidth[39m=[32m"24"[39m
          [33mxmlns[39m=[32m"http://www.w3.org/2000/svg"[39m
        [36m>[39m
          [36m<path[39m
            [33md[39m=[32m"m21.73 18-8-14a2 2 0 0 0-3.48 0l-8 14A2 2 0 
0 0 4 21h16a2 2 0 0 0 1.73-3"[39m
          [36m/>[39m
          [36m<path[39m
            [33md[39m=[32m"M12 9v4"[39m
          [36m/>[39m
          [36m<path[39m
            [33md[39m=[32m"M12 17h.01"[39m
          [36m/>[39m
        [36m</svg>[39m
        [0mFinish Session[0m
      [36m</h2>[39m
      [36m<div[39m
        [33mclass[39m=[32m"text-muted-foreground text-sm space-y-3"[39m
        [33mdata-slot[39m=[32m"alert-dialog-description"[39m
        [33mid[39m=[32m"radix-:r2:"[39m
      [36m>[39m
        [36m<p>[39m
          [0mAre you sure you want to finish your workout session for[0m
          [0m [0m
          [36m<span[39m
            [33mclass[39m=[32m"font-medium"[39m
          [36m>[39m
            [0mPush Day[0m
          [36m</span>[39m
          [0m?[0m
        [36m</p>[39m
        [36m<div[39m
          [33mclass[39m=[32m"bg-muted/50 rounded-lg p-3 space-y-2"[39m
        [36m>[39m
          [36m<div[39m
            [33mclass[39m=[32m"flex items-center justify-between"[39m
          [36m>[39m
            [36m<span[39m
              [33mclass[39m=[32m"text-sm font-medium"[39m
            [36m>[39m
              [0mProgress[0m
            [36m</span>[39m
            [36m<span[39m
              [33mclass[39m=[32m"inline-flex items-center 
justify-center rounded-md border px-2 py-0.5 text-xs font-medium w-fit 
whitespace-nowrap shrink-0 [&>svg]:size-3 gap-1 
[&>svg]:pointer-events-none focus-visible:border-ring 
focus-visible:ring-ring/50 focus-visible:ring-[3px] 
aria-invalid:ring-destructive/20 dark:aria-invalid:ring-destructive/40 
aria-invalid:border-destructive transition-[color,box-shadow] 
overflow-hidden border-transparent bg-secondary text-secondary-foreground 
[a&]:hover:bg-secondary/90"[39m
              [33mdata-slot[39m=[32m"badge"[39m
            [36m>[39m
              [0m67[0m
              [0m%[0m
            [36m</span>[39m
          [36m</div>[39m
          [36m<div[39m
            [33mclass[39m=[32m"flex items-center gap-2 text-sm"[39m
          [36m>[39m
            [36m<svg[39m
              [33mclass[39m=[32m"lucide lucide-target h-4 w-4 
text-muted-foreground"[39m
              [33mfill[39m=[32m"none"[39m
              [33mheight[39m=[32m"24"[39m
              [33mstroke[39m=[32m"currentColor"[39m
              [33mstroke-linecap[39m=[32m"round"[39m
              [33mstroke-linejoin[39m=[32m"round"[39m
              [33mstroke-width[39m=[32m"2"[39m
              [33mviewBox[39m=[32m"0 0 24 24"[39m
              [33mwidth[39m=[32m"24"[39m
              [33mxmlns[39m=[32m"http://www.w3.org/2000/svg"[39m
            [36m>[39m
              [36m<circle[39m
                [33mcx[39m=[32m"12"[39m
                [33mcy[39m=[32m"12"[39m
                [33mr[39m=[32m"10"[39m
              [36m/>[39m
              [36m<circle[39m
                [33mcx[39m=[32m"12"[39m
                [33mcy[39m=[32m"12"[39m
                [33mr[39m=[32m"6"[39m
              [36m/>[39m
              [36m<circle[39m
                [33mcx[39m=[32m"12"[39m
                [33mcy[39m=[32m"12"[39m
                [33mr[39m=[32m"2"[39m
              [36m/>[39m
            [36m</svg>[39m
            [36m<span>[39m
              [0m8[0m
              [0m of [0m
              [0m12[0m
              [0m sets completed[0m
            [36m</span>[39m
          [36m</div>[39m
          [36m<div[39m
            [33mclass[39m=[32m"flex items-center gap-2 text-sm 
text-amber-700 dark:text-amber-300"[39m
          [36m>[39m
            [36m<svg[39m
              [33mclass[39m=[32m"lucide lucide-triangle-alert h-4 
w-4"[39m
              [33mfill[39m=[32m"none"[39m
              [33mheight[39m=[32m"24"[39m
              [33mstroke[39m=[32m"currentColor"[39m
              [33mstroke-linecap[39m=[32m"round"[39m
              [33mstroke-linejoin[39m=[32m"round"[39m
              [33mstroke-width[39m=[32m"2"[39m
              [33mviewBox[39m=[32m"0 0 24 24"[39m
              [33mwidth[39m=[32m"24"[39m
              [33mxmlns[39m=[32m"http://www.w3.org/2000/svg"[39m
            [36m>[39m
              [36m<path[39m
                [33md[39m=[32m"m21.73 18-8-14a2 2 0 0 0-3.48 0l-8 14A2 
2 0 0 0 4 21h16a2 2 0 0 0 1.73-3"[39m
              [36m/>[39m
              [36m<path[39m
                [33md[39m=[32m"M12 9v4"[39m
              [36m/>[39m
              [36m<path[39m
                [33md[39m=[32m"M12 17h.01"[39m
              [36m/>[39m
            [36m</svg>[39m
            [36m<span>[39m
              [0m4[0m
              [0m set[0m
              [0ms[0m
              [0m remaining[0m
            [36m</span>[39m
          [36m</div>[39m
        [36m</div>[39m
        [36m<div[39m
          [33mclass[39m=[32m"bg-amber-50 dark:bg-amber-950/20 border 
border-amber-200 dark:border-amber-800 rounded-lg p-3"[39m
        [36m>[39m
          [36m<p[39m
            [33mclass[39m=[32m"text-sm text-amber-800 
dark:text-amber-200"[39m
          [36m>[39m
            [36m<strong>[39m
              [0mNote:[0m
            [36m</strong>[39m
            [0m Finishing with incomplete sets will still save your 
progress, but you won't get the full benefit of the workout.[0m
          [36m</p>[39m
        [36m</div>[39m
      [36m</div>[39m
    [36m</div>[39m
    [36m<div[39m
      [33mclass[39m=[32m"flex flex-col-reverse gap-2 sm:flex-row 
sm:justify-end"[39m
      [33mdata-slot[39m=[32m"alert-dialog-footer"[39m
    [36m>[39m
      [36m<button[39m
        [33mclass[39m=[32m"inline-flex items-center justify-center 
gap-2 whitespace-nowrap rounded-md text-sm font-medium transition-all 
disabled:pointer-events-none disabled:opacity-50 
[&_svg]:pointer-events-none [&_svg:not([class*='size-'])]:size-4 shrink-0 
[&_svg]:shrink-0 outline-none focus-visible:border-ring 
focus-visible:ring-ring/50 focus-visible:ring-[3px] 
aria-invalid:ring-destructive/20 dark:aria-invalid:ring-destructive/40 
aria-invalid:border-destructive active:translate-y-[1px] border 
bg-background shadow-xs hover:bg-accent hover:text-accent-foreground 
dark:bg-input/30 dark:border-input dark:hover:bg-input/50 h-9 px-4 py-2 
has-[>svg]:px-3"[39m
        [33mtype[39m=[32m"button"[39m
      [36m>[39m
        [0mCancel[0m
      [36m</button>[39m
      [36m<button[39m
        [33mclass[39m=[32m"inline-flex items-center justify-center 
gap-2 whitespace-nowrap rounded-md text-sm font-medium transition-all 
disabled:pointer-events-none disabled:opacity-50 
[&_svg]:pointer-events-none [&_svg:not([class*='size-'])]:size-4 shrink-0 
[&_svg]:shrink-0 outline-none focus-visible:border-ring 
focus-visible:ring-ring/50 focus-visible:ring-[3px] 
aria-invalid:ring-destructive/20 dark:aria-invalid:ring-destructive/40 
aria-invalid:border-destructive active:translate-y-[1px] 
text-primary-foreground shadow-xs h-9 px-4 py-2 has-[>svg]:px-3 
bg-amber-600 hover:bg-amber-700 dark:bg-amber-700 
dark:hover:bg-amber-800"[39m
        [33mtype[39m=[32m"button"[39m
      [36m>[39m
        [0mFinish Session[0m
      [36m</button>[39m
    [36m</div>[39m
  [36m</div>[39m
  [36m<span[39m
    [33maria-hidden[39m=[32m"true"[39m
    [33mdata-aria-hidden[39m=[32m"true"[39m
    [33mdata-radix-focus-guard[39m=[32m""[39m
    [33mstyle[39m=[32m"outline: none; opacity: 0; position: fixed; 
pointer-events: none;"[39m
    [33mtabindex[39m=[32m"0"[39m
  [36m/>[39m
[36m</body>[39m
[90m [2mÔØ»[22m Object.getElementError 
node_modules/@testing-library/dom/dist/config.js:[2m37:19[22m[39m
[90m [2mÔØ»[22m getElementError 
node_modules/@testing-library/dom/dist/query-helpers.js:[2m20:35[22m[39m
[90m [2mÔØ»[22m getMultipleElementsFoundError 
node_modules/@testing-library/dom/dist/query-helpers.js:[2m23:10[22m[39m
[90m [2mÔØ»[22m 
node_modules/@testing-library/dom/dist/query-helpers.js:[2m55:13[22m[39m
[90m [2mÔØ»[22m 
node_modules/@testing-library/dom/dist/query-helpers.js:[2m95:19[22m[39m
[36m [2mÔØ»[22m __tests__/components/workout/session-confirmation-dialog
.test.tsx:[2m26:17[22m[39m
    [90m 24| [39m  
[34mrender[39m([33m<[39m[33mSessionConfirmationDialog[39m 
[33m{[39m[33m...[39mdefaultProps[33m}[39m [33m/[39m[33m>[39m)
    [90m 25| [39m
    [90m 26| [39m  
[34mexpect[39m(screen[33m.[39m[34mgetByText[39m([32m'Finish 
Session'[39m))[33m.[39m[34mtoBeInTheDocument[39m()
    [90m   | [39m                [31m^[39m
    [90m 27| [39m  
[34mexpect[39m(screen[33m.[39m[34mgetByText[39m([32m'Push 
Day'[39m))[33m.[39m[34mtoBeInTheDocument[39m()
    [90m 28| [39m })

[31m[2mÔÄ»ÔÄ»ÔÄ»ÔÄ»ÔÄ»ÔÄ»ÔÄ»ÔÄ»ÔÄ»ÔÄ»ÔÄ»ÔÄ»ÔÄ»ÔÄ»ÔÄ»ÔÄ»ÔÄ»ÔÄ»ÔÄ»ÔÄ»ÔÄ»ÔÄ»
ÔÄ»[1/16]ÔÄ»[22m[39m

[31m[1m[7m FAIL [27m[22m[39m 
__tests__/components/workout/session-confirmation-dialog.test.tsx[2m > 
[22mSessionConfirmationDialog[2m > [22mshould display progress 
information
[31m[1mTestingLibraryElementError[22m[39m: Unable to find an element 
with the text: 8 / 12 sets completed (67%). This could be because the text 
is broken up by multiple elements. In this case, you can provide a 
function for your text matcher to make your matcher more flexible.

Ignored nodes: comments, script, style
[36m<body[39m
  [33mdata-scroll-locked[39m=[32m"1"[39m
  [33mstyle[39m=[32m"pointer-events: none;"[39m
[36m>[39m
  [36m<span[39m
    [33maria-hidden[39m=[32m"true"[39m
    [33mdata-aria-hidden[39m=[32m"true"[39m
    [33mdata-radix-focus-guard[39m=[32m""[39m
    [33mstyle[39m=[32m"outline: none; opacity: 0; position: fixed; 
pointer-events: none;"[39m
    [33mtabindex[39m=[32m"0"[39m
  [36m/>[39m
  [36m<div[39m
    [33maria-hidden[39m=[32m"true"[39m
    [33mdata-aria-hidden[39m=[32m"true"[39m
  [36m/>[39m
  [36m<div[39m
    [33maria-hidden[39m=[32m"true"[39m
    [33mclass[39m=[32m"data-[state=open]:animate-in 
data-[state=closed]:animate-out data-[state=closed]:fade-out-0 
data-[state=open]:fade-in-0 fixed inset-0 z-50 bg-black/50"[39m
    [33mdata-aria-hidden[39m=[32m"true"[39m
    [33mdata-slot[39m=[32m"alert-dialog-overlay"[39m
    [33mdata-state[39m=[32m"open"[39m
    [33mstyle[39m=[32m"pointer-events: auto;"[39m
  [36m/>[39m
  [36m<div[39m
    [33maria-describedby[39m=[32m"radix-:r8:"[39m
    [33maria-labelledby[39m=[32m"radix-:r7:"[39m
    [33mclass[39m=[32m"bg-background data-[state=open]:animate-in 
data-[state=closed]:animate-out data-[state=closed]:fade-out-0 
data-[state=open]:fade-in-0 data-[state=closed]:zoom-out-95 
data-[state=open]:zoom-in-95 fixed top-[50%] left-[50%] z-50 grid w-full 
translate-x-[-50%] translate-y-[-50%] gap-4 rounded-lg border p-6 
shadow-lg duration-200 sm:max-w-lg max-w-md"[39m
    [33mdata-slot[39m=[32m"alert-dialog-content"[39m
    [33mdata-state[39m=[32m"open"[39m
    [33mid[39m=[32m"radix-:r6:"[39m
    [33mrole[39m=[32m"alertdialog"[39m
    [33mstyle[39m=[32m"pointer-events: auto;"[39m
    [33mtabindex[39m=[32m"-1"[39m
  [36m>[39m
    [36m<div[39m
      [33mclass[39m=[32m"flex flex-col gap-2 text-center 
sm:text-left"[39m
      [33mdata-slot[39m=[32m"alert-dialog-header"[39m
    [36m>[39m
      [36m<h2[39m
        [33mclass[39m=[32m"text-lg font-semibold flex items-center 
gap-2"[39m
        [33mdata-slot[39m=[32m"alert-dialog-title"[39m
        [33mid[39m=[32m"radix-:r7:"[39m
      [36m>[39m
        [36m<svg[39m
          [33mclass[39m=[32m"lucide lucide-triangle-alert h-5 w-5 
text-amber-600"[39m
          [33mfill[39m=[32m"none"[39m
          [33mheight[39m=[32m"24"[39m
          [33mstroke[39m=[32m"currentColor"[39m
          [33mstroke-linecap[39m=[32m"round"[39m
          [33mstroke-linejoin[39m=[32m"round"[39m
          [33mstroke-width[39m=[32m"2"[39m
          [33mviewBox[39m=[32m"0 0 24 24"[39m
          [33mwidth[39m=[32m"24"[39m
          [33mxmlns[39m=[32m"http://www.w3.org/2000/svg"[39m
        [36m>[39m
          [36m<path[39m
            [33md[39m=[32m"m21.73 18-8-14a2 2 0 0 0-3.48 0l-8 14A2 2 0 
0 0 4 21h16a2 2 0 0 0 1.73-3"[39m
          [36m/>[39m
          [36m<path[39m
            [33md[39m=[32m"M12 9v4"[39m
          [36m/>[39m
          [36m<path[39m
            [33md[39m=[32m"M12 17h.01"[39m
          [36m/>[39m
        [36m</svg>[39m
        [0mFinish Session[0m
      [36m</h2>[39m
      [36m<div[39m
        [33mclass[39m=[32m"text-muted-foreground text-sm space-y-3"[39m
        [33mdata-slot[39m=[32m"alert-dialog-description"[39m
        [33mid[39m=[32m"radix-:r8:"[39m
      [36m>[39m
        [36m<p>[39m
          [0mAre you sure you want to finish your workout session for[0m
          [0m [0m
          [36m<span[39m
            [33mclass[39m=[32m"font-medium"[39m
          [36m>[39m
            [0mPush Day[0m
          [36m</span>[39m
          [0m?[0m
        [36m</p>[39m
        [36m<div[39m
          [33mclass[39m=[32m"bg-muted/50 rounded-lg p-3 space-y-2"[39m
        [36m>[39m
          [36m<div[39m
            [33mclass[39m=[32m"flex items-center justify-between"[39m
          [36m>[39m
            [36m<span[39m
              [33mclass[39m=[32m"text-sm font-medium"[39m
            [36m>[39m
              [0mProgress[0m
            [36m</span>[39m
            [36m<span[39m
              [33mclass[39m=[32m"inline-flex items-center 
justify-center rounded-md border px-2 py-0.5 text-xs font-medium w-fit 
whitespace-nowrap shrink-0 [&>svg]:size-3 gap-1 
[&>svg]:pointer-events-none focus-visible:border-ring 
focus-visible:ring-ring/50 focus-visible:ring-[3px] 
aria-invalid:ring-destructive/20 dark:aria-invalid:ring-destructive/40 
aria-invalid:border-destructive transition-[color,box-shadow] 
overflow-hidden border-transparent bg-secondary text-secondary-foreground 
[a&]:hover:bg-secondary/90"[39m
              [33mdata-slot[39m=[32m"badge"[39m
            [36m>[39m
              [0m67[0m
              [0m%[0m
            [36m</span>[39m
          [36m</div>[39m
          [36m<div[39m
            [33mclass[39m=[32m"flex items-center gap-2 text-sm"[39m
          [36m>[39m
            [36m<svg[39m
              [33mclass[39m=[32m"lucide lucide-target h-4 w-4 
text-muted-foreground"[39m
              [33mfill[39m=[32m"none"[39m
              [33mheight[39m=[32m"24"[39m
              [33mstroke[39m=[32m"currentColor"[39m
              [33mstroke-linecap[39m=[32m"round"[39m
              [33mstroke-linejoin[39m=[32m"round"[39m
              [33mstroke-width[39m=[32m"2"[39m
              [33mviewBox[39m=[32m"0 0 24 24"[39m
              [33mwidth[39m=[32m"24"[39m
              [33mxmlns[39m=[32m"http://www.w3.org/2000/svg"[39m
            [36m>[39m
              [36m<circle[39m
                [33mcx[39m=[32m"12"[39m
                [33mcy[39m=[32m"12"[39m
                [33mr[39m=[32m"10"[39m
              [36m/>[39m
              [36m<circle[39m
                [33mcx[39m=[32m"12"[39m
                [33mcy[39m=[32m"12"[39m
                [33mr[39m=[32m"6"[39m
              [36m/>[39m
              [36m<circle[39m
                [33mcx[39m=[32m"12"[39m
                [33mcy[39m=[32m"12"[39m
                [33mr[39m=[32m"2"[39m
              [36m/>[39m
            [36m</svg>[39m
            [36m<span>[39m
              [0m8[0m
              [0m of [0m
              [0m12[0m
              [0m sets completed[0m
            [36m</span>[39m
          [36m</div>[39m
          [36m<div[39m
            [33mclass[39m=[32m"flex items-center gap-2 text-sm 
text-amber-700 dark:text-amber-300"[39m
          [36m>[39m
            [36m<svg[39m
              [33mclass[39m=[32m"lucide lucide-triangle-alert h-4 
w-4"[39m
              [33mfill[39m=[32m"none"[39m
              [33mheight[39m=[32m"24"[39m
              [33mstroke[39m=[32m"currentColor"[39m
              [33mstroke-linecap[39m=[32m"round"[39m
              [33mstroke-linejoin[39m=[32m"round"[39m
              [33mstroke-width[39m=[32m"2"[39m
              [33mviewBox[39m=[32m"0 0 24 24"[39m
              [33mwidth[39m=[32m"24"[39m
              [33mxmlns[39m=[32m"http://www.w3.org/2000/svg"[39m
            [36m>[39m
              [36m<path[39m
                [33md[39m=[32m"m21.73 18-8-14a2 2 0 0 0-3.48 0l-8 14A2 
2 0 0 0 4 21h16a2 2 0 0 0 1.73-3"[39m
              [36m/>[39m
              [36m<path[39m
                [33md[39m=[32m"M12 9v4"[39m
              [36m/>[39m
              [36m<path[39m
                [33md[39m=[32m"M12 17h.01"[39m
              [36m/>[39m
            [36m</svg>[39m
            [36m<span>[39m
              [0m4[0m
              [0m set[0m
              [0ms[0m
              [0m remaining[0m
            [36m</span>[39m
          [36m</div>[39m
        [36m</div>[39m
        [36m<div[39m
          [33mclass[39m=[32m"bg-amber-50 dark:bg-amber-950/20 border 
border-amber-200 dark:border-amber-800 rounded-lg p-3"[39m
        [36m>[39m
          [36m<p[39m
            [33mclass[39m=[32m"text-sm text-amber-800 
dark:text-amber-200"[39m
          [36m>[39m
            [36m<strong>[39m
              [0mNote:[0m
            [36m</strong>[39m
            [0m Finishing with incomplete sets will still save your 
progress, but you won't get the full benefit of the workout.[0m
          [36m</p>[39m
        [36m</div>[39m
      [36m</div>[39m
    [36m</div>[39m
    [36m<div[39m
      [33mclass[39m=[32m"flex flex-col-reverse gap-2 sm:flex-row 
sm:justify-end"[39m
      [33mdata-slot[39m=[32m"alert-dialog-footer"[39m
    [36m>[39m
      [36m<button[39m
        [33mclass[39m=[32m"inline-flex items-center justify-center 
gap-2 whitespace-nowrap rounded-md text-sm font-medium transition-all 
disabled:pointer-events-none disabled:opacity-50 
[&_svg]:pointer-events-none [&_svg:not([class*='size-'])]:size-4 shrink-0 
[&_svg]:shrink-0 outline-none focus-visible:border-ring 
focus-visible:ring-ring/50 focus-visible:ring-[3px] 
aria-invalid:ring-destructive/20 dark:aria-invalid:ring-destructive/40 
aria-invalid:border-destructive active:translate-y-[1px] border 
bg-background shadow-xs hover:bg-accent hover:text-accent-foreground 
dark:bg-input/30 dark:border-input dark:hover:bg-input/50 h-9 px-4 py-2 
has-[>svg]:px-3"[39m
        [33mtype[39m=[32m"button"[39m
      [36m>[39m
        [0mCancel[0m
      [36m</button>[39m
      [36m<button[39m
        [33mclass[39m=[32m"inline-flex items-center justify-center 
gap-2 whitespace-nowrap rounded-md text-sm font-medium transition-all 
disabled:pointer-events-none disabled:opacity-50 
[&_svg]:pointer-events-none [&_svg:not([class*='size-'])]:size-4 shrink-0 
[&_svg]:shrink-0 outline-none focus-visible:border-ring 
focus-visible:ring-ring/50 focus-visible:ring-[3px] 
aria-invalid:ring-destructive/20 dark:aria-invalid:ring-destructive/40 
aria-invalid:border-destructive active:translate-y-[1px] 
text-primary-foreground shadow-xs h-9 px-4 py-2 has-[>svg]:px-3 
bg-amber-600 hover:bg-amber-700 dark:bg-amber-700 
dark:hover:bg-amber-800"[39m
        [33mtype[39m=[32m"button"[39m
      [36m>[39m
        [0mFinish Session[0m
      [36m</button>[39m
    [36m</div>[39m
  [36m</div>[39m
  [36m<span[39m
    [33maria-hidden[39m=[32m"true"[39m
    [33mdata-aria-hidden[39m=[32m"true"[39m
    [33mdata-radix-focus-guard[39m=[32m""[39m
    [33mstyle[39m=[32m"outline: none; opacity: 0; position: fixed; 
pointer-events: none;"[39m
    [33mtabindex[39m=[32m"0"[39m
  [36m/>[39m
[36m</body>[39m
[90m [2mÔØ»[22m Object.getElementError 
node_modules/@testing-library/dom/dist/config.js:[2m37:19[22m[39m
[90m [2mÔØ»[22m 
node_modules/@testing-library/dom/dist/query-helpers.js:[2m76:38[22m[39m
[90m [2mÔØ»[22m 
node_modules/@testing-library/dom/dist/query-helpers.js:[2m52:17[22m[39m
[90m [2mÔØ»[22m 
node_modules/@testing-library/dom/dist/query-helpers.js:[2m95:19[22m[39m
[36m [2mÔØ»[22m __tests__/components/workout/session-confirmation-dialog
.test.tsx:[2m39:17[22m[39m
    [90m 37| [39m  
[34mrender[39m([33m<[39m[33mSessionConfirmationDialog[39m 
[33m{[39m[33m...[39mdefaultProps[33m}[39m [33m/[39m[33m>[39m)
    [90m 38| [39m
    [90m 39| [39m  
[34mexpect[39m(screen[33m.[39m[34mgetByText[39m([32m'8 / 12 sets 
completed (67%)'[39m))[33m.[39m[34mtoBeInTheDoc[39mÔÇª
    [90m   | [39m                [31m^[39m
    [90m 40| [39m })
    [90m 41| [39m

[31m[2mÔÄ»ÔÄ»ÔÄ»ÔÄ»ÔÄ»ÔÄ»ÔÄ»ÔÄ»ÔÄ»ÔÄ»ÔÄ»ÔÄ»ÔÄ»ÔÄ»ÔÄ»ÔÄ»ÔÄ»ÔÄ»ÔÄ»ÔÄ»ÔÄ»ÔÄ»
ÔÄ»[2/16]ÔÄ»[22m[39m

[31m[1m[7m FAIL [27m[22m[39m 
__tests__/components/workout/session-confirmation-dialog.test.tsx[2m > 
[22mSessionConfirmationDialog[2m > [22mshould show incomplete session 
warning
[31m[1mTestingLibraryElementError[22m[39m: Unable to find an element 
with the text: /You have incomplete sets/. This could be because the text 
is broken up by multiple elements. In this case, you can provide a 
function for your text matcher to make your matcher more flexible.

Ignored nodes: comments, script, style
[36m<body[39m
  [33mdata-scroll-locked[39m=[32m"1"[39m
  [33mstyle[39m=[32m"pointer-events: none;"[39m
[36m>[39m
  [36m<span[39m
    [33maria-hidden[39m=[32m"true"[39m
    [33mdata-aria-hidden[39m=[32m"true"[39m
    [33mdata-radix-focus-guard[39m=[32m""[39m
    [33mstyle[39m=[32m"outline: none; opacity: 0; position: fixed; 
pointer-events: none;"[39m
    [33mtabindex[39m=[32m"0"[39m
  [36m/>[39m
  [36m<div[39m
    [33maria-hidden[39m=[32m"true"[39m
    [33mdata-aria-hidden[39m=[32m"true"[39m
  [36m/>[39m
  [36m<div[39m
    [33maria-hidden[39m=[32m"true"[39m
    [33mclass[39m=[32m"data-[state=open]:animate-in 
data-[state=closed]:animate-out data-[state=closed]:fade-out-0 
data-[state=open]:fade-in-0 fixed inset-0 z-50 bg-black/50"[39m
    [33mdata-aria-hidden[39m=[32m"true"[39m
    [33mdata-slot[39m=[32m"alert-dialog-overlay"[39m
    [33mdata-state[39m=[32m"open"[39m
    [33mstyle[39m=[32m"pointer-events: auto;"[39m
  [36m/>[39m
  [36m<div[39m
    [33maria-describedby[39m=[32m"radix-:rb:"[39m
    [33maria-labelledby[39m=[32m"radix-:ra:"[39m
    [33mclass[39m=[32m"bg-background data-[state=open]:animate-in 
data-[state=closed]:animate-out data-[state=closed]:fade-out-0 
data-[state=open]:fade-in-0 data-[state=closed]:zoom-out-95 
data-[state=open]:zoom-in-95 fixed top-[50%] left-[50%] z-50 grid w-full 
translate-x-[-50%] translate-y-[-50%] gap-4 rounded-lg border p-6 
shadow-lg duration-200 sm:max-w-lg max-w-md"[39m
    [33mdata-slot[39m=[32m"alert-dialog-content"[39m
    [33mdata-state[39m=[32m"open"[39m
    [33mid[39m=[32m"radix-:r9:"[39m
    [33mrole[39m=[32m"alertdialog"[39m
    [33mstyle[39m=[32m"pointer-events: auto;"[39m
    [33mtabindex[39m=[32m"-1"[39m
  [36m>[39m
    [36m<div[39m
      [33mclass[39m=[32m"flex flex-col gap-2 text-center 
sm:text-left"[39m
      [33mdata-slot[39m=[32m"alert-dialog-header"[39m
    [36m>[39m
      [36m<h2[39m
        [33mclass[39m=[32m"text-lg font-semibold flex items-center 
gap-2"[39m
        [33mdata-slot[39m=[32m"alert-dialog-title"[39m
        [33mid[39m=[32m"radix-:ra:"[39m
      [36m>[39m
        [36m<svg[39m
          [33mclass[39m=[32m"lucide lucide-triangle-alert h-5 w-5 
text-amber-600"[39m
          [33mfill[39m=[32m"none"[39m
          [33mheight[39m=[32m"24"[39m
          [33mstroke[39m=[32m"currentColor"[39m
          [33mstroke-linecap[39m=[32m"round"[39m
          [33mstroke-linejoin[39m=[32m"round"[39m
          [33mstroke-width[39m=[32m"2"[39m
          [33mviewBox[39m=[32m"0 0 24 24"[39m
          [33mwidth[39m=[32m"24"[39m
          [33mxmlns[39m=[32m"http://www.w3.org/2000/svg"[39m
        [36m>[39m
          [36m<path[39m
            [33md[39m=[32m"m21.73 18-8-14a2 2 0 0 0-3.48 0l-8 14A2 2 0 
0 0 4 21h16a2 2 0 0 0 1.73-3"[39m
          [36m/>[39m
          [36m<path[39m
            [33md[39m=[32m"M12 9v4"[39m
          [36m/>[39m
          [36m<path[39m
            [33md[39m=[32m"M12 17h.01"[39m
          [36m/>[39m
        [36m</svg>[39m
        [0mFinish Session[0m
      [36m</h2>[39m
      [36m<div[39m
        [33mclass[39m=[32m"text-muted-foreground text-sm space-y-3"[39m
        [33mdata-slot[39m=[32m"alert-dialog-description"[39m
        [33mid[39m=[32m"radix-:rb:"[39m
      [36m>[39m
        [36m<p>[39m
          [0mAre you sure you want to finish your workout session for[0m
          [0m [0m
          [36m<span[39m
            [33mclass[39m=[32m"font-medium"[39m
          [36m>[39m
            [0mPush Day[0m
          [36m</span>[39m
          [0m?[0m
        [36m</p>[39m
        [36m<div[39m
          [33mclass[39m=[32m"bg-muted/50 rounded-lg p-3 space-y-2"[39m
        [36m>[39m
          [36m<div[39m
            [33mclass[39m=[32m"flex items-center justify-between"[39m
          [36m>[39m
            [36m<span[39m
              [33mclass[39m=[32m"text-sm font-medium"[39m
            [36m>[39m
              [0mProgress[0m
            [36m</span>[39m
            [36m<span[39m
              [33mclass[39m=[32m"inline-flex items-center 
justify-center rounded-md border px-2 py-0.5 text-xs font-medium w-fit 
whitespace-nowrap shrink-0 [&>svg]:size-3 gap-1 
[&>svg]:pointer-events-none focus-visible:border-ring 
focus-visible:ring-ring/50 focus-visible:ring-[3px] 
aria-invalid:ring-destructive/20 dark:aria-invalid:ring-destructive/40 
aria-invalid:border-destructive transition-[color,box-shadow] 
overflow-hidden border-transparent bg-secondary text-secondary-foreground 
[a&]:hover:bg-secondary/90"[39m
              [33mdata-slot[39m=[32m"badge"[39m
            [36m>[39m
              [0m67[0m
              [0m%[0m
            [36m</span>[39m
          [36m</div>[39m
          [36m<div[39m
            [33mclass[39m=[32m"flex items-center gap-2 text-sm"[39m
          [36m>[39m
            [36m<svg[39m
              [33mclass[39m=[32m"lucide lucide-target h-4 w-4 
text-muted-foreground"[39m
              [33mfill[39m=[32m"none"[39m
              [33mheight[39m=[32m"24"[39m
              [33mstroke[39m=[32m"currentColor"[39m
              [33mstroke-linecap[39m=[32m"round"[39m
              [33mstroke-linejoin[39m=[32m"round"[39m
              [33mstroke-width[39m=[32m"2"[39m
              [33mviewBox[39m=[32m"0 0 24 24"[39m
              [33mwidth[39m=[32m"24"[39m
              [33mxmlns[39m=[32m"http://www.w3.org/2000/svg"[39m
            [36m>[39m
              [36m<circle[39m
                [33mcx[39m=[32m"12"[39m
                [33mcy[39m=[32m"12"[39m
                [33mr[39m=[32m"10"[39m
              [36m/>[39m
              [36m<circle[39m
                [33mcx[39m=[32m"12"[39m
                [33mcy[39m=[32m"12"[39m
                [33mr[39m=[32m"6"[39m
              [36m/>[39m
              [36m<circle[39m
                [33mcx[39m=[32m"12"[39m
                [33mcy[39m=[32m"12"[39m
                [33mr[39m=[32m"2"[39m
              [36m/>[39m
            [36m</svg>[39m
            [36m<span>[39m
              [0m8[0m
              [0m of [0m
              [0m12[0m
              [0m sets completed[0m
            [36m</span>[39m
          [36m</div>[39m
          [36m<div[39m
            [33mclass[39m=[32m"flex items-center gap-2 text-sm 
text-amber-700 dark:text-amber-300"[39m
          [36m>[39m
            [36m<svg[39m
              [33mclass[39m=[32m"lucide lucide-triangle-alert h-4 
w-4"[39m
              [33mfill[39m=[32m"none"[39m
              [33mheight[39m=[32m"24"[39m
              [33mstroke[39m=[32m"currentColor"[39m
              [33mstroke-linecap[39m=[32m"round"[39m
              [33mstroke-linejoin[39m=[32m"round"[39m
              [33mstroke-width[39m=[32m"2"[39m
              [33mviewBox[39m=[32m"0 0 24 24"[39m
              [33mwidth[39m=[32m"24"[39m
              [33mxmlns[39m=[32m"http://www.w3.org/2000/svg"[39m
            [36m>[39m
              [36m<path[39m
                [33md[39m=[32m"m21.73 18-8-14a2 2 0 0 0-3.48 0l-8 14A2 
2 0 0 0 4 21h16a2 2 0 0 0 1.73-3"[39m
              [36m/>[39m
              [36m<path[39m
                [33md[39m=[32m"M12 9v4"[39m
              [36m/>[39m
              [36m<path[39m
                [33md[39m=[32m"M12 17h.01"[39m
              [36m/>[39m
            [36m</svg>[39m
            [36m<span>[39m
              [0m4[0m
              [0m set[0m
              [0ms[0m
              [0m remaining[0m
            [36m</span>[39m
          [36m</div>[39m
        [36m</div>[39m
        [36m<div[39m
          [33mclass[39m=[32m"bg-amber-50 dark:bg-amber-950/20 border 
border-amber-200 dark:border-amber-800 rounded-lg p-3"[39m
        [36m>[39m
          [36m<p[39m
            [33mclass[39m=[32m"text-sm text-amber-800 
dark:text-amber-200"[39m
          [36m>[39m
            [36m<strong>[39m
              [0mNote:[0m
            [36m</strong>[39m
            [0m Finishing with incomplete sets will still save your 
progress, but you won't get the full benefit of the workout.[0m
          [36m</p>[39m
        [36m</div>[39m
      [36m</div>[39m
    [36m</div>[39m
    [36m<div[39m
      [33mclass[39m=[32m"flex flex-col-reverse gap-2 sm:flex-row 
sm:justify-end"[39m
      [33mdata-slot[39m=[32m"alert-dialog-footer"[39m
    [36m>[39m
      [36m<button[39m
        [33mclass[39m=[32m"inline-flex items-center justify-center 
gap-2 whitespace-nowrap rounded-md text-sm font-medium transition-all 
disabled:pointer-events-none disabled:opacity-50 
[&_svg]:pointer-events-none [&_svg:not([class*='size-'])]:size-4 shrink-0 
[&_svg]:shrink-0 outline-none focus-visible:border-ring 
focus-visible:ring-ring/50 focus-visible:ring-[3px] 
aria-invalid:ring-destructive/20 dark:aria-invalid:ring-destructive/40 
aria-invalid:border-destructive active:translate-y-[1px] border 
bg-background shadow-xs hover:bg-accent hover:text-accent-foreground 
dark:bg-input/30 dark:border-input dark:hover:bg-input/50 h-9 px-4 py-2 
has-[>svg]:px-3"[39m
        [33mtype[39m=[32m"button"[39m
      [36m>[39m
        [0mCancel[0m
      [36m</button>[39m
      [36m<button[39m
        [33mclass[39m=[32m"inline-flex items-center justify-center 
gap-2 whitespace-nowrap rounded-md text-sm font-medium transition-all 
disabled:pointer-events-none disabled:opacity-50 
[&_svg]:pointer-events-none [&_svg:not([class*='size-'])]:size-4 shrink-0 
[&_svg]:shrink-0 outline-none focus-visible:border-ring 
focus-visible:ring-ring/50 focus-visible:ring-[3px] 
aria-invalid:ring-destructive/20 dark:aria-invalid:ring-destructive/40 
aria-invalid:border-destructive active:translate-y-[1px] 
text-primary-foreground shadow-xs h-9 px-4 py-2 has-[>svg]:px-3 
bg-amber-600 hover:bg-amber-700 dark:bg-amber-700 
dark:hover:bg-amber-800"[39m
        [33mtype[39m=[32m"button"[39m
      [36m>[39m
        [0mFinish Session[0m
      [36m</button>[39m
    [36m</div>[39m
  [36m</div>[39m
  [36m<span[39m
    [33maria-hidden[39m=[32m"true"[39m
    [33mdata-aria-hidden[39m=[32m"true"[39m
    [33mdata-radix-focus-guard[39m=[32m""[39m
    [33mstyle[39m=[32m"outline: none; opacity: 0; position: fixed; 
pointer-events: none;"[39m
    [33mtabindex[39m=[32m"0"[39m
  [36m/>[39m
[36m</body>[39m
[90m [2mÔØ»[22m Object.getElementError 
node_modules/@testing-library/dom/dist/config.js:[2m37:19[22m[39m
[90m [2mÔØ»[22m 
node_modules/@testing-library/dom/dist/query-helpers.js:[2m76:38[22m[39m
[90m [2mÔØ»[22m 
node_modules/@testing-library/dom/dist/query-helpers.js:[2m52:17[22m[39m
[90m [2mÔØ»[22m 
node_modules/@testing-library/dom/dist/query-helpers.js:[2m95:19[22m[39m
[36m [2mÔØ»[22m __tests__/components/workout/session-confirmation-dialog
.test.tsx:[2m45:17[22m[39m
    [90m 43| [39m  
[34mrender[39m([33m<[39m[33mSessionConfirmationDialog[39m 
[33m{[39m[33m...[39mdefaultProps[33m}[39m [33m/[39m[33m>[39m)
    [90m 44| [39m
    [90m 45| [39m  
[34mexpect[39m(screen[33m.[39m[34mgetByText[39m([36m/You have 
incomplete sets/[39m))[33m.[39m[34mtoBeInTheDocume[39mÔÇª
    [90m   | [39m                [31m^[39m
    [90m 46| [39m  
[34mexpect[39m(screen[33m.[39m[34mgetByText[39m([36m/Are you sure 
you want to finish/[39m))[33m.[39m[34mtoBeInTh[39mÔÇª
    [90m 47| [39m })

[31m[2mÔÄ»ÔÄ»ÔÄ»ÔÄ»ÔÄ»ÔÄ»ÔÄ»ÔÄ»ÔÄ»ÔÄ»ÔÄ»ÔÄ»ÔÄ»ÔÄ»ÔÄ»ÔÄ»ÔÄ»ÔÄ»ÔÄ»ÔÄ»ÔÄ»ÔÄ»
ÔÄ»[3/16]ÔÄ»[22m[39m

[31m[1m[7m FAIL [27m[22m[39m 
__tests__/components/workout/session-confirmation-dialog.test.tsx[2m > 
[22mSessionConfirmationDialog[2m > [22mshould show complete session 
message when all sets are done
[31m[1mTestingLibraryElementError[22m[39m: Unable to find an element 
with the text: /Great job! You've completed all sets/. This could be 
because the text is broken up by multiple elements. In this case, you can 
provide a function for your text matcher to make your matcher more 
flexible.

Ignored nodes: comments, script, style
[36m<body[39m
  [33mdata-scroll-locked[39m=[32m"1"[39m
  [33mstyle[39m=[32m"pointer-events: none;"[39m
[36m>[39m
  [36m<span[39m
    [33maria-hidden[39m=[32m"true"[39m
    [33mdata-aria-hidden[39m=[32m"true"[39m
    [33mdata-radix-focus-guard[39m=[32m""[39m
    [33mstyle[39m=[32m"outline: none; opacity: 0; position: fixed; 
pointer-events: none;"[39m
    [33mtabindex[39m=[32m"0"[39m
  [36m/>[39m
  [36m<div[39m
    [33maria-hidden[39m=[32m"true"[39m
    [33mdata-aria-hidden[39m=[32m"true"[39m
  [36m/>[39m
  [36m<div[39m
    [33maria-hidden[39m=[32m"true"[39m
    [33mclass[39m=[32m"data-[state=open]:animate-in 
data-[state=closed]:animate-out data-[state=closed]:fade-out-0 
data-[state=open]:fade-in-0 fixed inset-0 z-50 bg-black/50"[39m
    [33mdata-aria-hidden[39m=[32m"true"[39m
    [33mdata-slot[39m=[32m"alert-dialog-overlay"[39m
    [33mdata-state[39m=[32m"open"[39m
    [33mstyle[39m=[32m"pointer-events: auto;"[39m
  [36m/>[39m
  [36m<div[39m
    [33maria-describedby[39m=[32m"radix-:re:"[39m
    [33maria-labelledby[39m=[32m"radix-:rd:"[39m
    [33mclass[39m=[32m"bg-background data-[state=open]:animate-in 
data-[state=closed]:animate-out data-[state=closed]:fade-out-0 
data-[state=open]:fade-in-0 data-[state=closed]:zoom-out-95 
data-[state=open]:zoom-in-95 fixed top-[50%] left-[50%] z-50 grid w-full 
translate-x-[-50%] translate-y-[-50%] gap-4 rounded-lg border p-6 
shadow-lg duration-200 sm:max-w-lg max-w-md"[39m
    [33mdata-slot[39m=[32m"alert-dialog-content"[39m
    [33mdata-state[39m=[32m"open"[39m
    [33mid[39m=[32m"radix-:rc:"[39m
    [33mrole[39m=[32m"alertdialog"[39m
    [33mstyle[39m=[32m"pointer-events: auto;"[39m
    [33mtabindex[39m=[32m"-1"[39m
  [36m>[39m
    [36m<div[39m
      [33mclass[39m=[32m"flex flex-col gap-2 text-center 
sm:text-left"[39m
      [33mdata-slot[39m=[32m"alert-dialog-header"[39m
    [36m>[39m
      [36m<h2[39m
        [33mclass[39m=[32m"text-lg font-semibold flex items-center 
gap-2"[39m
        [33mdata-slot[39m=[32m"alert-dialog-title"[39m
        [33mid[39m=[32m"radix-:rd:"[39m
      [36m>[39m
        [36m<svg[39m
          [33mclass[39m=[32m"lucide lucide-circle-check-big h-5 w-5 
text-green-600"[39m
          [33mfill[39m=[32m"none"[39m
          [33mheight[39m=[32m"24"[39m
          [33mstroke[39m=[32m"currentColor"[39m
          [33mstroke-linecap[39m=[32m"round"[39m
          [33mstroke-linejoin[39m=[32m"round"[39m
          [33mstroke-width[39m=[32m"2"[39m
          [33mviewBox[39m=[32m"0 0 24 24"[39m
          [33mwidth[39m=[32m"24"[39m
          [33mxmlns[39m=[32m"http://www.w3.org/2000/svg"[39m
        [36m>[39m
          [36m<path[39m
            [33md[39m=[32m"M21.801 10A10 10 0 1 1 17 3.335"[39m
          [36m/>[39m
          [36m<path[39m
            [33md[39m=[32m"m9 11 3 3L22 4"[39m
          [36m/>[39m
        [36m</svg>[39m
        [0mFinish Session[0m
      [36m</h2>[39m
      [36m<div[39m
        [33mclass[39m=[32m"text-muted-foreground text-sm space-y-3"[39m
        [33mdata-slot[39m=[32m"alert-dialog-description"[39m
        [33mid[39m=[32m"radix-:re:"[39m
      [36m>[39m
        [36m<p>[39m
          [0mAre you sure you want to finish your workout session for[0m
          [0m [0m
          [36m<span[39m
            [33mclass[39m=[32m"font-medium"[39m
          [36m>[39m
            [0mPush Day[0m
          [36m</span>[39m
          [0m?[0m
        [36m</p>[39m
        [36m<div[39m
          [33mclass[39m=[32m"bg-muted/50 rounded-lg p-3 space-y-2"[39m
        [36m>[39m
          [36m<div[39m
            [33mclass[39m=[32m"flex items-center justify-between"[39m
          [36m>[39m
            [36m<span[39m
              [33mclass[39m=[32m"text-sm font-medium"[39m
            [36m>[39m
              [0mProgress[0m
            [36m</span>[39m
            [36m<span[39m
              [33mclass[39m=[32m"inline-flex items-center 
justify-center rounded-md border px-2 py-0.5 text-xs font-medium w-fit 
whitespace-nowrap shrink-0 [&>svg]:size-3 gap-1 
[&>svg]:pointer-events-none focus-visible:border-ring 
focus-visible:ring-ring/50 focus-visible:ring-[3px] 
aria-invalid:ring-destructive/20 dark:aria-invalid:ring-destructive/40 
aria-invalid:border-destructive transition-[color,box-shadow] 
overflow-hidden border-transparent bg-primary text-primary-foreground 
[a&]:hover:bg-primary/90"[39m
              [33mdata-slot[39m=[32m"badge"[39m
            [36m>[39m
              [0m100[0m
              [0m%[0m
            [36m</span>[39m
          [36m</div>[39m
          [36m<div[39m
            [33mclass[39m=[32m"flex items-center gap-2 text-sm"[39m
          [36m>[39m
            [36m<svg[39m
              [33mclass[39m=[32m"lucide lucide-target h-4 w-4 
text-muted-foreground"[39m
              [33mfill[39m=[32m"none"[39m
              [33mheight[39m=[32m"24"[39m
              [33mstroke[39m=[32m"currentColor"[39m
              [33mstroke-linecap[39m=[32m"round"[39m
              [33mstroke-linejoin[39m=[32m"round"[39m
              [33mstroke-width[39m=[32m"2"[39m
              [33mviewBox[39m=[32m"0 0 24 24"[39m
              [33mwidth[39m=[32m"24"[39m
              [33mxmlns[39m=[32m"http://www.w3.org/2000/svg"[39m
            [36m>[39m
              [36m<circle[39m
                [33mcx[39m=[32m"12"[39m
                [33mcy[39m=[32m"12"[39m
                [33mr[39m=[32m"10"[39m
              [36m/>[39m
              [36m<circle[39m
                [33mcx[39m=[32m"12"[39m
                [33mcy[39m=[32m"12"[39m
                [33mr[39m=[32m"6"[39m
              [36m/>[39m
              [36m<circle[39m
                [33mcx[39m=[32m"12"[39m
                [33mcy[39m=[32m"12"[39m
                [33mr[39m=[32m"2"[39m
              [36m/>[39m
            [36m</svg>[39m
            [36m<span>[39m
              [0m12[0m
              [0m of [0m
              [0m12[0m
              [0m sets completed[0m
            [36m</span>[39m
          [36m</div>[39m
        [36m</div>[39m
        [36m<div[39m
          [33mclass[39m=[32m"bg-green-50 dark:bg-green-950/20 border 
border-green-200 dark:border-green-800 rounded-lg p-3"[39m
        [36m>[39m
          [36m<p[39m
            [33mclass[39m=[32m"text-sm text-green-800 
dark:text-green-200"[39m
          [36m>[39m
            [36m<strong>[39m
              [0mGreat job![0m
            [36m</strong>[39m
            [0m You've completed all sets. Your progress will be saved 
and applied to future workouts.[0m
          [36m</p>[39m
        [36m</div>[39m
      [36m</div>[39m
    [36m</div>[39m
    [36m<div[39m
      [33mclass[39m=[32m"flex flex-col-reverse gap-2 sm:flex-row 
sm:justify-end"[39m
      [33mdata-slot[39m=[32m"alert-dialog-footer"[39m
    [36m>[39m
      [36m<button[39m
        [33mclass[39m=[32m"inline-flex items-center justify-center 
gap-2 whitespace-nowrap rounded-md text-sm font-medium transition-all 
disabled:pointer-events-none disabled:opacity-50 
[&_svg]:pointer-events-none [&_svg:not([class*='size-'])]:size-4 shrink-0 
[&_svg]:shrink-0 outline-none focus-visible:border-ring 
focus-visible:ring-ring/50 focus-visible:ring-[3px] 
aria-invalid:ring-destructive/20 dark:aria-invalid:ring-destructive/40 
aria-invalid:border-destructive active:translate-y-[1px] border 
bg-background shadow-xs hover:bg-accent hover:text-accent-foreground 
dark:bg-input/30 dark:border-input dark:hover:bg-input/50 h-9 px-4 py-2 
has-[>svg]:px-3"[39m
        [33mtype[39m=[32m"button"[39m
      [36m>[39m
        [0mCancel[0m
      [36m</button>[39m
      [36m<button[39m
        [33mclass[39m=[32m"inline-flex items-center justify-center 
gap-2 whitespace-nowrap rounded-md text-sm font-medium transition-all 
disabled:pointer-events-none disabled:opacity-50 
[&_svg]:pointer-events-none [&_svg:not([class*='size-'])]:size-4 shrink-0 
[&_svg]:shrink-0 outline-none focus-visible:border-ring 
focus-visible:ring-ring/50 focus-visible:ring-[3px] 
aria-invalid:ring-destructive/20 dark:aria-invalid:ring-destructive/40 
aria-invalid:border-destructive active:translate-y-[1px] 
text-primary-foreground shadow-xs h-9 px-4 py-2 has-[>svg]:px-3 
bg-green-600 hover:bg-green-700 dark:bg-green-700 
dark:hover:bg-green-800"[39m
        [33mtype[39m=[32m"button"[39m
      [36m>[39m
        [0mFinish Session[0m
      [36m</button>[39m
    [36m</div>[39m
  [36m</div>[39m
  [36m<span[39m
    [33maria-hidden[39m=[32m"true"[39m
    [33mdata-aria-hidden[39m=[32m"true"[39m
    [33mdata-radix-focus-guard[39m=[32m""[39m
    [33mstyle[39m=[32m"outline: none; opacity: 0; position: fixed; 
pointer-events: none;"[39m
    [33mtabindex[39m=[32m"0"[39m
  [36m/>[39m
[36m</body>[39m
[90m [2mÔØ»[22m Object.getElementError 
node_modules/@testing-library/dom/dist/config.js:[2m37:19[22m[39m
[90m [2mÔØ»[22m 
node_modules/@testing-library/dom/dist/query-helpers.js:[2m76:38[22m[39m
[90m [2mÔØ»[22m 
node_modules/@testing-library/dom/dist/query-helpers.js:[2m52:17[22m[39m
[90m [2mÔØ»[22m 
node_modules/@testing-library/dom/dist/query-helpers.js:[2m95:19[22m[39m
[36m [2mÔØ»[22m __tests__/components/workout/session-confirmation-dialog
.test.tsx:[2m61:17[22m[39m
    [90m 59| [39m  
[34mrender[39m([33m<[39m[33mSessionConfirmationDialog[39m 
[33m{[39m[33m...[39mcompletedProps[33m}[39m [33m/[39m[33m>[39m)
    [90m 60| [39m
    [90m 61| [39m  
[34mexpect[39m(screen[33m.[39m[34mgetByText[39m([36m/Great job! 
You've completed all sets/[39m))[33m.[39m[34mtoB[39mÔÇª
    [90m   | [39m                [31m^[39m
    [90m 62| [39m  
[34mexpect[39m(screen[33m.[39m[34mqueryByText[39m([36m/You have 
incomplete sets/[39m))[33m.[39mnot[33m.[39m[34mtoBeInThe[39mÔÇª
    [90m 63| [39m })

[31m[2mÔÄ»ÔÄ»ÔÄ»ÔÄ»ÔÄ»ÔÄ»ÔÄ»ÔÄ»ÔÄ»ÔÄ»ÔÄ»ÔÄ»ÔÄ»ÔÄ»ÔÄ»ÔÄ»ÔÄ»ÔÄ»ÔÄ»ÔÄ»ÔÄ»ÔÄ»
ÔÄ»[4/16]ÔÄ»[22m[39m

[31m[1m[7m FAIL [27m[22m[39m 
__tests__/components/workout/session-confirmation-dialog.test.tsx[2m > 
[22mSessionConfirmationDialog[2m > [22mshould call onConfirm when 
finish button is clicked
[31m[1mTestingLibraryElementError[22m[39m: Found multiple elements 
with the text: Finish Session

Here are the matching elements:

Ignored nodes: comments, script, style
[36m<h2[39m
  [33mclass[39m=[32m"text-lg font-semibold flex items-center gap-2"[39m
  [33mdata-slot[39m=[32m"alert-dialog-title"[39m
  [33mid[39m=[32m"radix-:rj:"[39m
[36m>[39m
  [36m<svg[39m
    [33mclass[39m=[32m"lucide lucide-triangle-alert h-5 w-5 
text-amber-600"[39m
    [33mfill[39m=[32m"none"[39m
    [33mheight[39m=[32m"24"[39m
    [33mstroke[39m=[32m"currentColor"[39m
    [33mstroke-linecap[39m=[32m"round"[39m
    [33mstroke-linejoin[39m=[32m"round"[39m
    [33mstroke-width[39m=[32m"2"[39m
    [33mviewBox[39m=[32m"0 0 24 24"[39m
    [33mwidth[39m=[32m"24"[39m
    [33mxmlns[39m=[32m"http://www.w3.org/2000/svg"[39m
  [36m>[39m
    [36m<path[39m
      [33md[39m=[32m"m21.73 18-8-14a2 2 0 0 0-3.48 0l-8 14A2 2 0 0 0 4 
21h16a2 2 0 0 0 1.73-3"[39m
    [36m/>[39m
    [36m<path[39m
      [33md[39m=[32m"M12 9v4"[39m
    [36m/>[39m
    [36m<path[39m
      [33md[39m=[32m"M12 17h.01"[39m
    [36m/>[39m
  [36m</svg>[39m
  [0mFinish Session[0m
[36m</h2>[39m

Ignored nodes: comments, script, style
[36m<button[39m
  [33mclass[39m=[32m"inline-flex items-center justify-center gap-2 
whitespace-nowrap rounded-md text-sm font-medium transition-all 
disabled:pointer-events-none disabled:opacity-50 
[&_svg]:pointer-events-none [&_svg:not([class*='size-'])]:size-4 shrink-0 
[&_svg]:shrink-0 outline-none focus-visible:border-ring 
focus-visible:ring-ring/50 focus-visible:ring-[3px] 
aria-invalid:ring-destructive/20 dark:aria-invalid:ring-destructive/40 
aria-invalid:border-destructive active:translate-y-[1px] 
text-primary-foreground shadow-xs h-9 px-4 py-2 has-[>svg]:px-3 
bg-amber-600 hover:bg-amber-700 dark:bg-amber-700 
dark:hover:bg-amber-800"[39m
  [33mtype[39m=[32m"button"[39m
[36m>[39m
  [0mFinish Session[0m
[36m</button>[39m

(If this is intentional, then use the `*AllBy*` variant of the query (like 
`queryAllByText`, `getAllByText`, or `findAllByText`)).

Ignored nodes: comments, script, style
[36m<body[39m
  [33mdata-scroll-locked[39m=[32m"1"[39m
  [33mstyle[39m=[32m"pointer-events: none;"[39m
[36m>[39m
  [36m<span[39m
    [33maria-hidden[39m=[32m"true"[39m
    [33mdata-aria-hidden[39m=[32m"true"[39m
    [33mdata-radix-focus-guard[39m=[32m""[39m
    [33mstyle[39m=[32m"outline: none; opacity: 0; position: fixed; 
pointer-events: none;"[39m
    [33mtabindex[39m=[32m"0"[39m
  [36m/>[39m
  [36m<div[39m
    [33maria-hidden[39m=[32m"true"[39m
    [33mdata-aria-hidden[39m=[32m"true"[39m
  [36m/>[39m
  [36m<div[39m
    [33maria-hidden[39m=[32m"true"[39m
    [33mclass[39m=[32m"data-[state=open]:animate-in 
data-[state=closed]:animate-out data-[state=closed]:fade-out-0 
data-[state=open]:fade-in-0 fixed inset-0 z-50 bg-black/50"[39m
    [33mdata-aria-hidden[39m=[32m"true"[39m
    [33mdata-slot[39m=[32m"alert-dialog-overlay"[39m
    [33mdata-state[39m=[32m"open"[39m
    [33mstyle[39m=[32m"pointer-events: auto;"[39m
  [36m/>[39m
  [36m<div[39m
    [33maria-describedby[39m=[32m"radix-:rk:"[39m
    [33maria-labelledby[39m=[32m"radix-:rj:"[39m
    [33mclass[39m=[32m"bg-background data-[state=open]:animate-in 
data-[state=closed]:animate-out data-[state=closed]:fade-out-0 
data-[state=open]:fade-in-0 data-[state=closed]:zoom-out-95 
data-[state=open]:zoom-in-95 fixed top-[50%] left-[50%] z-50 grid w-full 
translate-x-[-50%] translate-y-[-50%] gap-4 rounded-lg border p-6 
shadow-lg duration-200 sm:max-w-lg max-w-md"[39m
    [33mdata-slot[39m=[32m"alert-dialog-content"[39m
    [33mdata-state[39m=[32m"open"[39m
    [33mid[39m=[32m"radix-:ri:"[39m
    [33mrole[39m=[32m"alertdialog"[39m
    [33mstyle[39m=[32m"pointer-events: auto;"[39m
    [33mtabindex[39m=[32m"-1"[39m
  [36m>[39m
    [36m<div[39m
      [33mclass[39m=[32m"flex flex-col gap-2 text-center 
sm:text-left"[39m
      [33mdata-slot[39m=[32m"alert-dialog-header"[39m
    [36m>[39m
      [36m<h2[39m
        [33mclass[39m=[32m"text-lg font-semibold flex items-center 
gap-2"[39m
        [33mdata-slot[39m=[32m"alert-dialog-title"[39m
        [33mid[39m=[32m"radix-:rj:"[39m
      [36m>[39m
        [36m<svg[39m
          [33mclass[39m=[32m"lucide lucide-triangle-alert h-5 w-5 
text-amber-600"[39m
          [33mfill[39m=[32m"none"[39m
          [33mheight[39m=[32m"24"[39m
          [33mstroke[39m=[32m"currentColor"[39m
          [33mstroke-linecap[39m=[32m"round"[39m
          [33mstroke-linejoin[39m=[32m"round"[39m
          [33mstroke-width[39m=[32m"2"[39m
          [33mviewBox[39m=[32m"0 0 24 24"[39m
          [33mwidth[39m=[32m"24"[39m
          [33mxmlns[39m=[32m"http://www.w3.org/2000/svg"[39m
        [36m>[39m
          [36m<path[39m
            [33md[39m=[32m"m21.73 18-8-14a2 2 0 0 0-3.48 0l-8 14A2 2 0 
0 0 4 21h16a2 2 0 0 0 1.73-3"[39m
          [36m/>[39m
          [36m<path[39m
            [33md[39m=[32m"M12 9v4"[39m
          [36m/>[39m
          [36m<path[39m
            [33md[39m=[32m"M12 17h.01"[39m
          [36m/>[39m
        [36m</svg>[39m
        [0mFinish Session[0m
      [36m</h2>[39m
      [36m<div[39m
        [33mclass[39m=[32m"text-muted-foreground text-sm space-y-3"[39m
        [33mdata-slot[39m=[32m"alert-dialog-description"[39m
        [33mid[39m=[32m"radix-:rk:"[39m
      [36m>[39m
        [36m<p>[39m
          [0mAre you sure you want to finish your workout session for[0m
          [0m [0m
          [36m<span[39m
            [33mclass[39m=[32m"font-medium"[39m
          [36m>[39m
            [0mPush Day[0m
          [36m</span>[39m
          [0m?[0m
        [36m</p>[39m
        [36m<div[39m
          [33mclass[39m=[32m"bg-muted/50 rounded-lg p-3 space-y-2"[39m
        [36m>[39m
          [36m<div[39m
            [33mclass[39m=[32m"flex items-center justify-between"[39m
          [36m>[39m
            [36m<span[39m
              [33mclass[39m=[32m"text-sm font-medium"[39m
            [36m>[39m
              [0mProgress[0m
            [36m</span>[39m
            [36m<span[39m
              [33mclass[39m=[32m"inline-flex items-center 
justify-center rounded-md border px-2 py-0.5 text-xs font-medium w-fit 
whitespace-nowrap shrink-0 [&>svg]:size-3 gap-1 
[&>svg]:pointer-events-none focus-visible:border-ring 
focus-visible:ring-ring/50 focus-visible:ring-[3px] 
aria-invalid:ring-destructive/20 dark:aria-invalid:ring-destructive/40 
aria-invalid:border-destructive transition-[color,box-shadow] 
overflow-hidden border-transparent bg-secondary text-secondary-foreground 
[a&]:hover:bg-secondary/90"[39m
              [33mdata-slot[39m=[32m"badge"[39m
            [36m>[39m
              [0m67[0m
              [0m%[0m
            [36m</span>[39m
          [36m</div>[39m
          [36m<div[39m
            [33mclass[39m=[32m"flex items-center gap-2 text-sm"[39m
          [36m>[39m
            [36m<svg[39m
              [33mclass[39m=[32m"lucide lucide-target h-4 w-4 
text-muted-foreground"[39m
              [33mfill[39m=[32m"none"[39m
              [33mheight[39m=[32m"24"[39m
              [33mstroke[39m=[32m"currentColor"[39m
              [33mstroke-linecap[39m=[32m"round"[39m
              [33mstroke-linejoin[39m=[32m"round"[39m
              [33mstroke-width[39m=[32m"2"[39m
              [33mviewBox[39m=[32m"0 0 24 24"[39m
              [33mwidth[39m=[32m"24"[39m
              [33mxmlns[39m=[32m"http://www.w3.org/2000/svg"[39m
            [36m>[39m
              [36m<circle[39m
                [33mcx[39m=[32m"12"[39m
                [33mcy[39m=[32m"12"[39m
                [33mr[39m=[32m"10"[39m
              [36m/>[39m
              [36m<circle[39m
                [33mcx[39m=[32m"12"[39m
                [33mcy[39m=[32m"12"[39m
                [33mr[39m=[32m"6"[39m
              [36m/>[39m
              [36m<circle[39m
                [33mcx[39m=[32m"12"[39m
                [33mcy[39m=[32m"12"[39m
                [33mr[39m=[32m"2"[39m
              [36m/>[39m
            [36m</svg>[39m
            [36m<span>[39m
              [0m8[0m
              [0m of [0m
              [0m12[0m
              [0m sets completed[0m
            [36m</span>[39m
          [36m</div>[39m
          [36m<div[39m
            [33mclass[39m=[32m"flex items-center gap-2 text-sm 
text-amber-700 dark:text-amber-300"[39m
          [36m>[39m
            [36m<svg[39m
              [33mclass[39m=[32m"lucide lucide-triangle-alert h-4 
w-4"[39m
              [33mfill[39m=[32m"none"[39m
              [33mheight[39m=[32m"24"[39m
              [33mstroke[39m=[32m"currentColor"[39m
              [33mstroke-linecap[39m=[32m"round"[39m
              [33mstroke-linejoin[39m=[32m"round"[39m
              [33mstroke-width[39m=[32m"2"[39m
              [33mviewBox[39m=[32m"0 0 24 24"[39m
              [33mwidth[39m=[32m"24"[39m
              [33mxmlns[39m=[32m"http://www.w3.org/2000/svg"[39m
            [36m>[39m
              [36m<path[39m
                [33md[39m=[32m"m21.73 18-8-14a2 2 0 0 0-3.48 0l-8 14A2 
2 0 0 0 4 21h16a2 2 0 0 0 1.73-3"[39m
              [36m/>[39m
              [36m<path[39m
                [33md[39m=[32m"M12 9v4"[39m
              [36m/>[39m
              [36m<path[39m
                [33md[39m=[32m"M12 17h.01"[39m
              [36m/>[39m
            [36m</svg>[39m
            [36m<span>[39m
              [0m4[0m
              [0m set[0m
              [0ms[0m
              [0m remaining[0m
            [36m</span>[39m
          [36m</div>[39m
        [36m</div>[39m
        [36m<div[39m
          [33mclass[39m=[32m"bg-amber-50 dark:bg-amber-950/20 border 
border-amber-200 dark:border-amber-800 rounded-lg p-3"[39m
        [36m>[39m
          [36m<p[39m
            [33mclass[39m=[32m"text-sm text-amber-800 
dark:text-amber-200"[39m
          [36m>[39m
            [36m<strong>[39m
              [0mNote:[0m
            [36m</strong>[39m
            [0m Finishing with incomplete sets will still save your 
progress, but you won't get the full benefit of the workout.[0m
          [36m</p>[39m
        [36m</div>[39m
      [36m</div>[39m
    [36m</div>[39m
    [36m<div[39m
      [33mclass[39m=[32m"flex flex-col-reverse gap-2 sm:flex-row 
sm:justify-end"[39m
      [33mdata-slot[39m=[32m"alert-dialog-footer"[39m
    [36m>[39m
      [36m<button[39m
        [33mclass[39m=[32m"inline-flex items-center justify-center 
gap-2 whitespace-nowrap rounded-md text-sm font-medium transition-all 
disabled:pointer-events-none disabled:opacity-50 
[&_svg]:pointer-events-none [&_svg:not([class*='size-'])]:size-4 shrink-0 
[&_svg]:shrink-0 outline-none focus-visible:border-ring 
focus-visible:ring-ring/50 focus-visible:ring-[3px] 
aria-invalid:ring-destructive/20 dark:aria-invalid:ring-destructive/40 
aria-invalid:border-destructive active:translate-y-[1px] border 
bg-background shadow-xs hover:bg-accent hover:text-accent-foreground 
dark:bg-input/30 dark:border-input dark:hover:bg-input/50 h-9 px-4 py-2 
has-[>svg]:px-3"[39m
        [33mtype[39m=[32m"button"[39m
      [36m>[39m
        [0mCancel[0m
      [36m</button>[39m
      [36m<button[39m
        [33mclass[39m=[32m"inline-flex items-center justify-center 
gap-2 whitespace-nowrap rounded-md text-sm font-medium transition-all 
disabled:pointer-events-none disabled:opacity-50 
[&_svg]:pointer-events-none [&_svg:not([class*='size-'])]:size-4 shrink-0 
[&_svg]:shrink-0 outline-none focus-visible:border-ring 
focus-visible:ring-ring/50 focus-visible:ring-[3px] 
aria-invalid:ring-destructive/20 dark:aria-invalid:ring-destructive/40 
aria-invalid:border-destructive active:translate-y-[1px] 
text-primary-foreground shadow-xs h-9 px-4 py-2 has-[>svg]:px-3 
bg-amber-600 hover:bg-amber-700 dark:bg-amber-700 
dark:hover:bg-amber-800"[39m
        [33mtype[39m=[32m"button"[39m
      [36m>[39m
        [0mFinish Session[0m
      [36m</button>[39m
    [36m</div>[39m
  [36m</div>[39m
  [36m<span[39m
    [33maria-hidden[39m=[32m"true"[39m
    [33mdata-aria-hidden[39m=[32m"true"[39m
    [33mdata-radix-focus-guard[39m=[32m""[39m
    [33mstyle[39m=[32m"outline: none; opacity: 0; position: fixed; 
pointer-events: none;"[39m
    [33mtabindex[39m=[32m"0"[39m
  [36m/>[39m
[36m</body>[39m
[90m [2mÔØ»[22m Object.getElementError 
node_modules/@testing-library/dom/dist/config.js:[2m37:19[22m[39m
[90m [2mÔØ»[22m getElementError 
node_modules/@testing-library/dom/dist/query-helpers.js:[2m20:35[22m[39m
[90m [2mÔØ»[22m getMultipleElementsFoundError 
node_modules/@testing-library/dom/dist/query-helpers.js:[2m23:10[22m[39m
[90m [2mÔØ»[22m 
node_modules/@testing-library/dom/dist/query-helpers.js:[2m55:13[22m[39m
[90m [2mÔØ»[22m 
node_modules/@testing-library/dom/dist/query-helpers.js:[2m95:19[22m[39m
[36m [2mÔØ»[22m __tests__/components/workout/session-confirmation-dialog
.test.tsx:[2m79:31[22m[39m
    [90m 77| [39m  
[34mrender[39m([33m<[39m[33mSessionConfirmationDialog[39m 
[33m{[39m[33m...[39mdefaultProps[33m}[39m 
[33monConfirm[39m[33m=[39m[33m{[39monConÔÇª
    [90m 78| [39m
    [90m 79| [39m  [35mconst[39m finishButton [33m=[39m 
screen[33m.[39m[34mgetByText[39m([32m'Finish Session'[39m)
    [90m   | [39m                              [31m^[39m
    [90m 80| [39m  fireEvent[33m.[39m[34mclick[39m(finishButton)
    [90m 81| [39m

[31m[2mÔÄ»ÔÄ»ÔÄ»ÔÄ»ÔÄ»ÔÄ»ÔÄ»ÔÄ»ÔÄ»ÔÄ»ÔÄ»ÔÄ»ÔÄ»ÔÄ»ÔÄ»ÔÄ»ÔÄ»ÔÄ»ÔÄ»ÔÄ»ÔÄ»ÔÄ»
ÔÄ»[5/16]ÔÄ»[22m[39m

[31m[1m[7m FAIL [27m[22m[39m 
__tests__/components/workout/session-confirmation-dialog.test.tsx[2m > 
[22mSessionConfirmationDialog[2m > [22mshould show loading state when 
finishing
[31m[1mError[22m: 
[2mexpect([22m[31melement[31m[2m).not.toBeInTheDocument()[22m

[31mexpected document not to contain element, found <h2
  class="text-lg font-semibold flex items-center gap-2"
  data-slot="alert-dialog-title"
  id="radix-:rp:"
>
  <svg
    class="lucide lucide-triangle-alert h-5 w-5 text-amber-600"
    fill="none"
    height="24"
    stroke="currentColor"
    stroke-linecap="round"
    stroke-linejoin="round"
    stroke-width="2"
    viewBox="0 0 24 24"
    width="24"
    xmlns="http://www.w3.org/2000/svg"
  >
    <path
      d="m21.73 18-8-14a2 2 0 0 0-3.48 0l-8 14A2 2 0 0 0 4 21h16a2 2 0 0 0 
1.73-3"
    />
    <path
      d="M12 9v4"
    />
    <path
      d="M12 17h.01"
    />
  </svg>
  Finish Session
</h2> instead[31m[39m
[36m [2mÔØ»[22m __tests__/components/workout/session-confirmation-dialog
.test.tsx:[2m96:52[22m[39m
    [90m 94| [39m
    [90m 95| [39m  [34mexpect[39m(screen[33m.[39m[34mgetByText[39m(
[32m'Finishing...'[39m))[33m.[39m[34mtoBeInTheDocument[39m()
    [90m 96| [39m  
[34mexpect[39m(screen[33m.[39m[34mqueryByText[39m([32m'Finish 
Session'[39m))[33m.[39mnot[33m.[39m[34mtoBeInTheDocument[39m()
    [90m   | [39m                                                   
[31m^[39m
    [90m 97| [39m })
    [90m 98| [39m

[31m[2mÔÄ»ÔÄ»ÔÄ»ÔÄ»ÔÄ»ÔÄ»ÔÄ»ÔÄ»ÔÄ»ÔÄ»ÔÄ»ÔÄ»ÔÄ»ÔÄ»ÔÄ»ÔÄ»ÔÄ»ÔÄ»ÔÄ»ÔÄ»ÔÄ»ÔÄ»
ÔÄ»[6/16]ÔÄ»[22m[39m

[31m[1m[7m FAIL [27m[22m[39m 
__tests__/components/workout/session-confirmation-dialog.test.tsx[2m > 
[22mSessionConfirmationDialog[2m > [22mshould handle zero progress
[31m[1mTestingLibraryElementError[22m[39m: Unable to find an element 
with the text: 0 / 10 sets completed (0%). This could be because the text 
is broken up by multiple elements. In this case, you can provide a 
function for your text matcher to make your matcher more flexible.

Ignored nodes: comments, script, style
[36m<body[39m
  [33mdata-scroll-locked[39m=[32m"1"[39m
  [33mstyle[39m=[32m"pointer-events: none;"[39m
[36m>[39m
  [36m<span[39m
    [33maria-hidden[39m=[32m"true"[39m
    [33mdata-aria-hidden[39m=[32m"true"[39m
    [33mdata-radix-focus-guard[39m=[32m""[39m
    [33mstyle[39m=[32m"outline: none; opacity: 0; position: fixed; 
pointer-events: none;"[39m
    [33mtabindex[39m=[32m"0"[39m
  [36m/>[39m
  [36m<div[39m
    [33maria-hidden[39m=[32m"true"[39m
    [33mdata-aria-hidden[39m=[32m"true"[39m
  [36m/>[39m
  [36m<div[39m
    [33maria-hidden[39m=[32m"true"[39m
    [33mclass[39m=[32m"data-[state=open]:animate-in 
data-[state=closed]:animate-out data-[state=closed]:fade-out-0 
data-[state=open]:fade-in-0 fixed inset-0 z-50 bg-black/50"[39m
    [33mdata-aria-hidden[39m=[32m"true"[39m
    [33mdata-slot[39m=[32m"alert-dialog-overlay"[39m
    [33mdata-state[39m=[32m"open"[39m
    [33mstyle[39m=[32m"pointer-events: auto;"[39m
  [36m/>[39m
  [36m<div[39m
    [33maria-describedby[39m=[32m"radix-:rt:"[39m
    [33maria-labelledby[39m=[32m"radix-:rs:"[39m
    [33mclass[39m=[32m"bg-background data-[state=open]:animate-in 
data-[state=closed]:animate-out data-[state=closed]:fade-out-0 
data-[state=open]:fade-in-0 data-[state=closed]:zoom-out-95 
data-[state=open]:zoom-in-95 fixed top-[50%] left-[50%] z-50 grid w-full 
translate-x-[-50%] translate-y-[-50%] gap-4 rounded-lg border p-6 
shadow-lg duration-200 sm:max-w-lg max-w-md"[39m
    [33mdata-slot[39m=[32m"alert-dialog-content"[39m
    [33mdata-state[39m=[32m"open"[39m
    [33mid[39m=[32m"radix-:rr:"[39m
    [33mrole[39m=[32m"alertdialog"[39m
    [33mstyle[39m=[32m"pointer-events: auto;"[39m
    [33mtabindex[39m=[32m"-1"[39m
  [36m>[39m
    [36m<div[39m
      [33mclass[39m=[32m"flex flex-col gap-2 text-center 
sm:text-left"[39m
      [33mdata-slot[39m=[32m"alert-dialog-header"[39m
    [36m>[39m
      [36m<h2[39m
        [33mclass[39m=[32m"text-lg font-semibold flex items-center 
gap-2"[39m
        [33mdata-slot[39m=[32m"alert-dialog-title"[39m
        [33mid[39m=[32m"radix-:rs:"[39m
      [36m>[39m
        [36m<svg[39m
          [33mclass[39m=[32m"lucide lucide-triangle-alert h-5 w-5 
text-amber-600"[39m
          [33mfill[39m=[32m"none"[39m
          [33mheight[39m=[32m"24"[39m
          [33mstroke[39m=[32m"currentColor"[39m
          [33mstroke-linecap[39m=[32m"round"[39m
          [33mstroke-linejoin[39m=[32m"round"[39m
          [33mstroke-width[39m=[32m"2"[39m
          [33mviewBox[39m=[32m"0 0 24 24"[39m
          [33mwidth[39m=[32m"24"[39m
          [33mxmlns[39m=[32m"http://www.w3.org/2000/svg"[39m
        [36m>[39m
          [36m<path[39m
            [33md[39m=[32m"m21.73 18-8-14a2 2 0 0 0-3.48 0l-8 14A2 2 0 
0 0 4 21h16a2 2 0 0 0 1.73-3"[39m
          [36m/>[39m
          [36m<path[39m
            [33md[39m=[32m"M12 9v4"[39m
          [36m/>[39m
          [36m<path[39m
            [33md[39m=[32m"M12 17h.01"[39m
          [36m/>[39m
        [36m</svg>[39m
        [0mFinish Session[0m
      [36m</h2>[39m
      [36m<div[39m
        [33mclass[39m=[32m"text-muted-foreground text-sm space-y-3"[39m
        [33mdata-slot[39m=[32m"alert-dialog-description"[39m
        [33mid[39m=[32m"radix-:rt:"[39m
      [36m>[39m
        [36m<p>[39m
          [0mAre you sure you want to finish your workout session for[0m
          [0m [0m
          [36m<span[39m
            [33mclass[39m=[32m"font-medium"[39m
          [36m>[39m
            [0mPush Day[0m
          [36m</span>[39m
          [0m?[0m
        [36m</p>[39m
        [36m<div[39m
          [33mclass[39m=[32m"bg-muted/50 rounded-lg p-3 space-y-2"[39m
        [36m>[39m
          [36m<div[39m
            [33mclass[39m=[32m"flex items-center justify-between"[39m
          [36m>[39m
            [36m<span[39m
              [33mclass[39m=[32m"text-sm font-medium"[39m
            [36m>[39m
              [0mProgress[0m
            [36m</span>[39m
            [36m<span[39m
              [33mclass[39m=[32m"inline-flex items-center 
justify-center rounded-md border px-2 py-0.5 text-xs font-medium w-fit 
whitespace-nowrap shrink-0 [&>svg]:size-3 gap-1 
[&>svg]:pointer-events-none focus-visible:border-ring 
focus-visible:ring-ring/50 focus-visible:ring-[3px] 
aria-invalid:ring-destructive/20 dark:aria-invalid:ring-destructive/40 
aria-invalid:border-destructive transition-[color,box-shadow] 
overflow-hidden border-transparent bg-secondary text-secondary-foreground 
[a&]:hover:bg-secondary/90"[39m
              [33mdata-slot[39m=[32m"badge"[39m
            [36m>[39m
              [0m0[0m
              [0m%[0m
            [36m</span>[39m
          [36m</div>[39m
          [36m<div[39m
            [33mclass[39m=[32m"flex items-center gap-2 text-sm"[39m
          [36m>[39m
            [36m<svg[39m
              [33mclass[39m=[32m"lucide lucide-target h-4 w-4 
text-muted-foreground"[39m
              [33mfill[39m=[32m"none"[39m
              [33mheight[39m=[32m"24"[39m
              [33mstroke[39m=[32m"currentColor"[39m
              [33mstroke-linecap[39m=[32m"round"[39m
              [33mstroke-linejoin[39m=[32m"round"[39m
              [33mstroke-width[39m=[32m"2"[39m
              [33mviewBox[39m=[32m"0 0 24 24"[39m
              [33mwidth[39m=[32m"24"[39m
              [33mxmlns[39m=[32m"http://www.w3.org/2000/svg"[39m
            [36m>[39m
              [36m<circle[39m
                [33mcx[39m=[32m"12"[39m
                [33mcy[39m=[32m"12"[39m
                [33mr[39m=[32m"10"[39m
              [36m/>[39m
              [36m<circle[39m
                [33mcx[39m=[32m"12"[39m
                [33mcy[39m=[32m"12"[39m
                [33mr[39m=[32m"6"[39m
              [36m/>[39m
              [36m<circle[39m
                [33mcx[39m=[32m"12"[39m
                [33mcy[39m=[32m"12"[39m
                [33mr[39m=[32m"2"[39m
              [36m/>[39m
            [36m</svg>[39m
            [36m<span>[39m
              [0m0[0m
              [0m of [0m
              [0m10[0m
              [0m sets completed[0m
            [36m</span>[39m
          [36m</div>[39m
          [36m<div[39m
            [33mclass[39m=[32m"flex items-center gap-2 text-sm 
text-amber-700 dark:text-amber-300"[39m
          [36m>[39m
            [36m<svg[39m
              [33mclass[39m=[32m"lucide lucide-triangle-alert h-4 
w-4"[39m
              [33mfill[39m=[32m"none"[39m
              [33mheight[39m=[32m"24"[39m
              [33mstroke[39m=[32m"currentColor"[39m
              [33mstroke-linecap[39m=[32m"round"[39m
              [33mstroke-linejoin[39m=[32m"round"[39m
              [33mstroke-width[39m=[32m"2"[39m
              [33mviewBox[39m=[32m"0 0 24 24"[39m
              [33mwidth[39m=[32m"24"[39m
              [33mxmlns[39m=[32m"http://www.w3.org/2000/svg"[39m
            [36m>[39m
              [36m<path[39m
                [33md[39m=[32m"m21.73 18-8-14a2 2 0 0 0-3.48 0l-8 14A2 
2 0 0 0 4 21h16a2 2 0 0 0 1.73-3"[39m
              [36m/>[39m
              [36m<path[39m
                [33md[39m=[32m"M12 9v4"[39m
              [36m/>[39m
              [36m<path[39m
                [33md[39m=[32m"M12 17h.01"[39m
              [36m/>[39m
            [36m</svg>[39m
            [36m<span>[39m
              [0m10[0m
              [0m set[0m
              [0ms[0m
              [0m remaining[0m
            [36m</span>[39m
          [36m</div>[39m
        [36m</div>[39m
        [36m<div[39m
          [33mclass[39m=[32m"bg-amber-50 dark:bg-amber-950/20 border 
border-amber-200 dark:border-amber-800 rounded-lg p-3"[39m
        [36m>[39m
          [36m<p[39m
            [33mclass[39m=[32m"text-sm text-amber-800 
dark:text-amber-200"[39m
          [36m>[39m
            [36m<strong>[39m
              [0mNote:[0m
            [36m</strong>[39m
            [0m Finishing with incomplete sets will still save your 
progress, but you won't get the full benefit of the workout.[0m
          [36m</p>[39m
        [36m</div>[39m
      [36m</div>[39m
    [36m</div>[39m
    [36m<div[39m
      [33mclass[39m=[32m"flex flex-col-reverse gap-2 sm:flex-row 
sm:justify-end"[39m
      [33mdata-slot[39m=[32m"alert-dialog-footer"[39m
    [36m>[39m
      [36m<button[39m
        [33mclass[39m=[32m"inline-flex items-center justify-center 
gap-2 whitespace-nowrap rounded-md text-sm font-medium transition-all 
disabled:pointer-events-none disabled:opacity-50 
[&_svg]:pointer-events-none [&_svg:not([class*='size-'])]:size-4 shrink-0 
[&_svg]:shrink-0 outline-none focus-visible:border-ring 
focus-visible:ring-ring/50 focus-visible:ring-[3px] 
aria-invalid:ring-destructive/20 dark:aria-invalid:ring-destructive/40 
aria-invalid:border-destructive active:translate-y-[1px] border 
bg-background shadow-xs hover:bg-accent hover:text-accent-foreground 
dark:bg-input/30 dark:border-input dark:hover:bg-input/50 h-9 px-4 py-2 
has-[>svg]:px-3"[39m
        [33mtype[39m=[32m"button"[39m
      [36m>[39m
        [0mCancel[0m
      [36m</button>[39m
      [36m<button[39m
        [33mclass[39m=[32m"inline-flex items-center justify-center 
gap-2 whitespace-nowrap rounded-md text-sm font-medium transition-all 
disabled:pointer-events-none disabled:opacity-50 
[&_svg]:pointer-events-none [&_svg:not([class*='size-'])]:size-4 shrink-0 
[&_svg]:shrink-0 outline-none focus-visible:border-ring 
focus-visible:ring-ring/50 focus-visible:ring-[3px] 
aria-invalid:ring-destructive/20 dark:aria-invalid:ring-destructive/40 
aria-invalid:border-destructive active:translate-y-[1px] 
text-primary-foreground shadow-xs h-9 px-4 py-2 has-[>svg]:px-3 
bg-amber-600 hover:bg-amber-700 dark:bg-amber-700 
dark:hover:bg-amber-800"[39m
        [33mtype[39m=[32m"button"[39m
      [36m>[39m
        [0mFinish Session[0m
      [36m</button>[39m
    [36m</div>[39m
  [36m</div>[39m
  [36m<span[39m
    [33maria-hidden[39m=[32m"true"[39m
    [33mdata-aria-hidden[39m=[32m"true"[39m
    [33mdata-radix-focus-guard[39m=[32m""[39m
    [33mstyle[39m=[32m"outline: none; opacity: 0; position: fixed; 
pointer-events: none;"[39m
    [33mtabindex[39m=[32m"0"[39m
  [36m/>[39m
[36m</body>[39m
[90m [2mÔØ»[22m Object.getElementError 
node_modules/@testing-library/dom/dist/config.js:[2m37:19[22m[39m
[90m [2mÔØ»[22m 
node_modules/@testing-library/dom/dist/query-helpers.js:[2m76:38[22m[39m
[90m [2mÔØ»[22m 
node_modules/@testing-library/dom/dist/query-helpers.js:[2m52:17[22m[39m
[90m [2mÔØ»[22m 
node_modules/@testing-library/dom/dist/query-helpers.js:[2m95:19[22m[39m
[36m [2mÔØ»[22m __tests__/components/workout/session-confirmation-dialog
.test.tsx:[2m111:17[22m[39m
    [90m109| [39m  
[34mrender[39m([33m<[39m[33mSessionConfirmationDialog[39m 
[33m{[39m[33m...[39mzeroProps[33m}[39m [33m/[39m[33m>[39m)
    [90m110| [39m
    [90m111| [39m  
[34mexpect[39m(screen[33m.[39m[34mgetByText[39m([32m'0 / 10 sets 
completed (0%)'[39m))[33m.[39m[34mtoBeInTheDocu[39mÔÇª
    [90m   | [39m                [31m^[39m
    [90m112| [39m  
[34mexpect[39m(screen[33m.[39m[34mgetByText[39m([36m/You have 
incomplete sets/[39m))[33m.[39m[34mtoBeInTheDocume[39mÔÇª
    [90m113| [39m })

[31m[2mÔÄ»ÔÄ»ÔÄ»ÔÄ»ÔÄ»ÔÄ»ÔÄ»ÔÄ»ÔÄ»ÔÄ»ÔÄ»ÔÄ»ÔÄ»ÔÄ»ÔÄ»ÔÄ»ÔÄ»ÔÄ»ÔÄ»ÔÄ»ÔÄ»ÔÄ»
ÔÄ»[7/16]ÔÄ»[22m[39m

[31m[1m[7m FAIL [27m[22m[39m 
__tests__/components/workout/session-confirmation-dialog.test.tsx[2m > 
[22mSessionConfirmationDialog[2m > [22mshould handle partial completion 
correctly
[31m[1mTestingLibraryElementError[22m[39m: Unable to find an element 
with the text: 3 / 8 sets completed (38%). This could be because the text 
is broken up by multiple elements. In this case, you can provide a 
function for your text matcher to make your matcher more flexible.

Ignored nodes: comments, script, style
[36m<body[39m
  [33mdata-scroll-locked[39m=[32m"1"[39m
  [33mstyle[39m=[32m"pointer-events: none;"[39m
[36m>[39m
  [36m<span[39m
    [33maria-hidden[39m=[32m"true"[39m
    [33mdata-aria-hidden[39m=[32m"true"[39m
    [33mdata-radix-focus-guard[39m=[32m""[39m
    [33mstyle[39m=[32m"outline: none; opacity: 0; position: fixed; 
pointer-events: none;"[39m
    [33mtabindex[39m=[32m"0"[39m
  [36m/>[39m
  [36m<div[39m
    [33maria-hidden[39m=[32m"true"[39m
    [33mdata-aria-hidden[39m=[32m"true"[39m
  [36m/>[39m
  [36m<div[39m
    [33maria-hidden[39m=[32m"true"[39m
    [33mclass[39m=[32m"data-[state=open]:animate-in 
data-[state=closed]:animate-out data-[state=closed]:fade-out-0 
data-[state=open]:fade-in-0 fixed inset-0 z-50 bg-black/50"[39m
    [33mdata-aria-hidden[39m=[32m"true"[39m
    [33mdata-slot[39m=[32m"alert-dialog-overlay"[39m
    [33mdata-state[39m=[32m"open"[39m
    [33mstyle[39m=[32m"pointer-events: auto;"[39m
  [36m/>[39m
  [36m<div[39m
    [33maria-describedby[39m=[32m"radix-:r10:"[39m
    [33maria-labelledby[39m=[32m"radix-:rv:"[39m
    [33mclass[39m=[32m"bg-background data-[state=open]:animate-in 
data-[state=closed]:animate-out data-[state=closed]:fade-out-0 
data-[state=open]:fade-in-0 data-[state=closed]:zoom-out-95 
data-[state=open]:zoom-in-95 fixed top-[50%] left-[50%] z-50 grid w-full 
translate-x-[-50%] translate-y-[-50%] gap-4 rounded-lg border p-6 
shadow-lg duration-200 sm:max-w-lg max-w-md"[39m
    [33mdata-slot[39m=[32m"alert-dialog-content"[39m
    [33mdata-state[39m=[32m"open"[39m
    [33mid[39m=[32m"radix-:ru:"[39m
    [33mrole[39m=[32m"alertdialog"[39m
    [33mstyle[39m=[32m"pointer-events: auto;"[39m
    [33mtabindex[39m=[32m"-1"[39m
  [36m>[39m
    [36m<div[39m
      [33mclass[39m=[32m"flex flex-col gap-2 text-center 
sm:text-left"[39m
      [33mdata-slot[39m=[32m"alert-dialog-header"[39m
    [36m>[39m
      [36m<h2[39m
        [33mclass[39m=[32m"text-lg font-semibold flex items-center 
gap-2"[39m
        [33mdata-slot[39m=[32m"alert-dialog-title"[39m
        [33mid[39m=[32m"radix-:rv:"[39m
      [36m>[39m
        [36m<svg[39m
          [33mclass[39m=[32m"lucide lucide-triangle-alert h-5 w-5 
text-amber-600"[39m
          [33mfill[39m=[32m"none"[39m
          [33mheight[39m=[32m"24"[39m
          [33mstroke[39m=[32m"currentColor"[39m
          [33mstroke-linecap[39m=[32m"round"[39m
          [33mstroke-linejoin[39m=[32m"round"[39m
          [33mstroke-width[39m=[32m"2"[39m
          [33mviewBox[39m=[32m"0 0 24 24"[39m
          [33mwidth[39m=[32m"24"[39m
          [33mxmlns[39m=[32m"http://www.w3.org/2000/svg"[39m
        [36m>[39m
          [36m<path[39m
            [33md[39m=[32m"m21.73 18-8-14a2 2 0 0 0-3.48 0l-8 14A2 2 0 
0 0 4 21h16a2 2 0 0 0 1.73-3"[39m
          [36m/>[39m
          [36m<path[39m
            [33md[39m=[32m"M12 9v4"[39m
          [36m/>[39m
          [36m<path[39m
            [33md[39m=[32m"M12 17h.01"[39m
          [36m/>[39m
        [36m</svg>[39m
        [0mFinish Session[0m
      [36m</h2>[39m
      [36m<div[39m
        [33mclass[39m=[32m"text-muted-foreground text-sm space-y-3"[39m
        [33mdata-slot[39m=[32m"alert-dialog-description"[39m
        [33mid[39m=[32m"radix-:r10:"[39m
      [36m>[39m
        [36m<p>[39m
          [0mAre you sure you want to finish your workout session for[0m
          [0m [0m
          [36m<span[39m
            [33mclass[39m=[32m"font-medium"[39m
          [36m>[39m
            [0mPush Day[0m
          [36m</span>[39m
          [0m?[0m
        [36m</p>[39m
        [36m<div[39m
          [33mclass[39m=[32m"bg-muted/50 rounded-lg p-3 space-y-2"[39m
        [36m>[39m
          [36m<div[39m
            [33mclass[39m=[32m"flex items-center justify-between"[39m
          [36m>[39m
            [36m<span[39m
              [33mclass[39m=[32m"text-sm font-medium"[39m
            [36m>[39m
              [0mProgress[0m
            [36m</span>[39m
            [36m<span[39m
              [33mclass[39m=[32m"inline-flex items-center 
justify-center rounded-md border px-2 py-0.5 text-xs font-medium w-fit 
whitespace-nowrap shrink-0 [&>svg]:size-3 gap-1 
[&>svg]:pointer-events-none focus-visible:border-ring 
focus-visible:ring-ring/50 focus-visible:ring-[3px] 
aria-invalid:ring-destructive/20 dark:aria-invalid:ring-destructive/40 
aria-invalid:border-destructive transition-[color,box-shadow] 
overflow-hidden border-transparent bg-secondary text-secondary-foreground 
[a&]:hover:bg-secondary/90"[39m
              [33mdata-slot[39m=[32m"badge"[39m
            [36m>[39m
              [0m38[0m
              [0m%[0m
            [36m</span>[39m
          [36m</div>[39m
          [36m<div[39m
            [33mclass[39m=[32m"flex items-center gap-2 text-sm"[39m
          [36m>[39m
            [36m<svg[39m
              [33mclass[39m=[32m"lucide lucide-target h-4 w-4 
text-muted-foreground"[39m
              [33mfill[39m=[32m"none"[39m
              [33mheight[39m=[32m"24"[39m
              [33mstroke[39m=[32m"currentColor"[39m
              [33mstroke-linecap[39m=[32m"round"[39m
              [33mstroke-linejoin[39m=[32m"round"[39m
              [33mstroke-width[39m=[32m"2"[39m
              [33mviewBox[39m=[32m"0 0 24 24"[39m
              [33mwidth[39m=[32m"24"[39m
              [33mxmlns[39m=[32m"http://www.w3.org/2000/svg"[39m
            [36m>[39m
              [36m<circle[39m
                [33mcx[39m=[32m"12"[39m
                [33mcy[39m=[32m"12"[39m
                [33mr[39m=[32m"10"[39m
              [36m/>[39m
              [36m<circle[39m
                [33mcx[39m=[32m"12"[39m
                [33mcy[39m=[32m"12"[39m
                [33mr[39m=[32m"6"[39m
              [36m/>[39m
              [36m<circle[39m
                [33mcx[39m=[32m"12"[39m
                [33mcy[39m=[32m"12"[39m
                [33mr[39m=[32m"2"[39m
              [36m/>[39m
            [36m</svg>[39m
            [36m<span>[39m
              [0m3[0m
              [0m of [0m
              [0m8[0m
              [0m sets completed[0m
            [36m</span>[39m
          [36m</div>[39m
          [36m<div[39m
            [33mclass[39m=[32m"flex items-center gap-2 text-sm 
text-amber-700 dark:text-amber-300"[39m
          [36m>[39m
            [36m<svg[39m
              [33mclass[39m=[32m"lucide lucide-triangle-alert h-4 
w-4"[39m
              [33mfill[39m=[32m"none"[39m
              [33mheight[39m=[32m"24"[39m
              [33mstroke[39m=[32m"currentColor"[39m
              [33mstroke-linecap[39m=[32m"round"[39m
              [33mstroke-linejoin[39m=[32m"round"[39m
              [33mstroke-width[39m=[32m"2"[39m
              [33mviewBox[39m=[32m"0 0 24 24"[39m
              [33mwidth[39m=[32m"24"[39m
              [33mxmlns[39m=[32m"http://www.w3.org/2000/svg"[39m
            [36m>[39m
              [36m<path[39m
                [33md[39m=[32m"m21.73 18-8-14a2 2 0 0 0-3.48 0l-8 14A2 
2 0 0 0 4 21h16a2 2 0 0 0 1.73-3"[39m
              [36m/>[39m
              [36m<path[39m
                [33md[39m=[32m"M12 9v4"[39m
              [36m/>[39m
              [36m<path[39m
                [33md[39m=[32m"M12 17h.01"[39m
              [36m/>[39m
            [36m</svg>[39m
            [36m<span>[39m
              [0m5[0m
              [0m set[0m
              [0ms[0m
              [0m remaining[0m
            [36m</span>[39m
          [36m</div>[39m
        [36m</div>[39m
        [36m<div[39m
          [33mclass[39m=[32m"bg-amber-50 dark:bg-amber-950/20 border 
border-amber-200 dark:border-amber-800 rounded-lg p-3"[39m
        [36m>[39m
          [36m<p[39m
            [33mclass[39m=[32m"text-sm text-amber-800 
dark:text-amber-200"[39m
          [36m>[39m
            [36m<strong>[39m
              [0mNote:[0m
            [36m</strong>[39m
            [0m Finishing with incomplete sets will still save your 
progress, but you won't get the full benefit of the workout.[0m
          [36m</p>[39m
        [36m</div>[39m
      [36m</div>[39m
    [36m</div>[39m
    [36m<div[39m
      [33mclass[39m=[32m"flex flex-col-reverse gap-2 sm:flex-row 
sm:justify-end"[39m
      [33mdata-slot[39m=[32m"alert-dialog-footer"[39m
    [36m>[39m
      [36m<button[39m
        [33mclass[39m=[32m"inline-flex items-center justify-center 
gap-2 whitespace-nowrap rounded-md text-sm font-medium transition-all 
disabled:pointer-events-none disabled:opacity-50 
[&_svg]:pointer-events-none [&_svg:not([class*='size-'])]:size-4 shrink-0 
[&_svg]:shrink-0 outline-none focus-visible:border-ring 
focus-visible:ring-ring/50 focus-visible:ring-[3px] 
aria-invalid:ring-destructive/20 dark:aria-invalid:ring-destructive/40 
aria-invalid:border-destructive active:translate-y-[1px] border 
bg-background shadow-xs hover:bg-accent hover:text-accent-foreground 
dark:bg-input/30 dark:border-input dark:hover:bg-input/50 h-9 px-4 py-2 
has-[>svg]:px-3"[39m
        [33mtype[39m=[32m"button"[39m
      [36m>[39m
        [0mCancel[0m
      [36m</button>[39m
      [36m<button[39m
        [33mclass[39m=[32m"inline-flex items-center justify-center 
gap-2 whitespace-nowrap rounded-md text-sm font-medium transition-all 
disabled:pointer-events-none disabled:opacity-50 
[&_svg]:pointer-events-none [&_svg:not([class*='size-'])]:size-4 shrink-0 
[&_svg]:shrink-0 outline-none focus-visible:border-ring 
focus-visible:ring-ring/50 focus-visible:ring-[3px] 
aria-invalid:ring-destructive/20 dark:aria-invalid:ring-destructive/40 
aria-invalid:border-destructive active:translate-y-[1px] 
text-primary-foreground shadow-xs h-9 px-4 py-2 has-[>svg]:px-3 
bg-amber-600 hover:bg-amber-700 dark:bg-amber-700 
dark:hover:bg-amber-800"[39m
        [33mtype[39m=[32m"button"[39m
      [36m>[39m
        [0mFinish Session[0m
      [36m</button>[39m
    [36m</div>[39m
  [36m</div>[39m
  [36m<span[39m
    [33maria-hidden[39m=[32m"true"[39m
    [33mdata-aria-hidden[39m=[32m"true"[39m
    [33mdata-radix-focus-guard[39m=[32m""[39m
    [33mstyle[39m=[32m"outline: none; opacity: 0; position: fixed; 
pointer-events: none;"[39m
    [33mtabindex[39m=[32m"0"[39m
  [36m/>[39m
[36m</body>[39m
[90m [2mÔØ»[22m Object.getElementError 
node_modules/@testing-library/dom/dist/config.js:[2m37:19[22m[39m
[90m [2mÔØ»[22m 
node_modules/@testing-library/dom/dist/query-helpers.js:[2m76:38[22m[39m
[90m [2mÔØ»[22m 
node_modules/@testing-library/dom/dist/query-helpers.js:[2m52:17[22m[39m
[90m [2mÔØ»[22m 
node_modules/@testing-library/dom/dist/query-helpers.js:[2m95:19[22m[39m
[36m [2mÔØ»[22m __tests__/components/workout/session-confirmation-dialog
.test.tsx:[2m127:17[22m[39m
    [90m125| [39m  
[34mrender[39m([33m<[39m[33mSessionConfirmationDialog[39m 
[33m{[39m[33m...[39mpartialProps[33m}[39m [33m/[39m[33m>[39m)
    [90m126| [39m
    [90m127| [39m  
[34mexpect[39m(screen[33m.[39m[34mgetByText[39m([32m'3 / 8 sets 
completed (38%)'[39m))[33m.[39m[34mtoBeInTheDocu[39mÔÇª
    [90m   | [39m                [31m^[39m
    [90m128| [39m })
    [90m129| [39m

[31m[2mÔÄ»ÔÄ»ÔÄ»ÔÄ»ÔÄ»ÔÄ»ÔÄ»ÔÄ»ÔÄ»ÔÄ»ÔÄ»ÔÄ»ÔÄ»ÔÄ»ÔÄ»ÔÄ»ÔÄ»ÔÄ»ÔÄ»ÔÄ»ÔÄ»ÔÄ»
ÔÄ»[8/16]ÔÄ»[22m[39m

[31m[1m[7m FAIL [27m[22m[39m 
__tests__/components/workout/session-confirmation-dialog.test.tsx[2m > 
[22mSessionConfirmationDialog[2m > [22mshould show appropriate styling 
for incomplete sessions
[31m[1mTestingLibraryElementError[22m[39m: Unable to find an element 
with the text: 8 / 12 sets completed (67%). This could be because the text 
is broken up by multiple elements. In this case, you can provide a 
function for your text matcher to make your matcher more flexible.

Ignored nodes: comments, script, style
[36m<body[39m
  [33mdata-scroll-locked[39m=[32m"1"[39m
  [33mstyle[39m=[32m"pointer-events: none;"[39m
[36m>[39m
  [36m<span[39m
    [33maria-hidden[39m=[32m"true"[39m
    [33mdata-aria-hidden[39m=[32m"true"[39m
    [33mdata-radix-focus-guard[39m=[32m""[39m
    [33mstyle[39m=[32m"outline: none; opacity: 0; position: fixed; 
pointer-events: none;"[39m
    [33mtabindex[39m=[32m"0"[39m
  [36m/>[39m
  [36m<div[39m
    [33maria-hidden[39m=[32m"true"[39m
    [33mdata-aria-hidden[39m=[32m"true"[39m
  [36m/>[39m
  [36m<div[39m
    [33maria-hidden[39m=[32m"true"[39m
    [33mclass[39m=[32m"data-[state=open]:animate-in 
data-[state=closed]:animate-out data-[state=closed]:fade-out-0 
data-[state=open]:fade-in-0 fixed inset-0 z-50 bg-black/50"[39m
    [33mdata-aria-hidden[39m=[32m"true"[39m
    [33mdata-slot[39m=[32m"alert-dialog-overlay"[39m
    [33mdata-state[39m=[32m"open"[39m
    [33mstyle[39m=[32m"pointer-events: auto;"[39m
  [36m/>[39m
  [36m<div[39m
    [33maria-describedby[39m=[32m"radix-:r13:"[39m
    [33maria-labelledby[39m=[32m"radix-:r12:"[39m
    [33mclass[39m=[32m"bg-background data-[state=open]:animate-in 
data-[state=closed]:animate-out data-[state=closed]:fade-out-0 
data-[state=open]:fade-in-0 data-[state=closed]:zoom-out-95 
data-[state=open]:zoom-in-95 fixed top-[50%] left-[50%] z-50 grid w-full 
translate-x-[-50%] translate-y-[-50%] gap-4 rounded-lg border p-6 
shadow-lg duration-200 sm:max-w-lg max-w-md"[39m
    [33mdata-slot[39m=[32m"alert-dialog-content"[39m
    [33mdata-state[39m=[32m"open"[39m
    [33mid[39m=[32m"radix-:r11:"[39m
    [33mrole[39m=[32m"alertdialog"[39m
    [33mstyle[39m=[32m"pointer-events: auto;"[39m
    [33mtabindex[39m=[32m"-1"[39m
  [36m>[39m
    [36m<div[39m
      [33mclass[39m=[32m"flex flex-col gap-2 text-center 
sm:text-left"[39m
      [33mdata-slot[39m=[32m"alert-dialog-header"[39m
    [36m>[39m
      [36m<h2[39m
        [33mclass[39m=[32m"text-lg font-semibold flex items-center 
gap-2"[39m
        [33mdata-slot[39m=[32m"alert-dialog-title"[39m
        [33mid[39m=[32m"radix-:r12:"[39m
      [36m>[39m
        [36m<svg[39m
          [33mclass[39m=[32m"lucide lucide-triangle-alert h-5 w-5 
text-amber-600"[39m
          [33mfill[39m=[32m"none"[39m
          [33mheight[39m=[32m"24"[39m
          [33mstroke[39m=[32m"currentColor"[39m
          [33mstroke-linecap[39m=[32m"round"[39m
          [33mstroke-linejoin[39m=[32m"round"[39m
          [33mstroke-width[39m=[32m"2"[39m
          [33mviewBox[39m=[32m"0 0 24 24"[39m
          [33mwidth[39m=[32m"24"[39m
          [33mxmlns[39m=[32m"http://www.w3.org/2000/svg"[39m
        [36m>[39m
          [36m<path[39m
            [33md[39m=[32m"m21.73 18-8-14a2 2 0 0 0-3.48 0l-8 14A2 2 0 
0 0 4 21h16a2 2 0 0 0 1.73-3"[39m
          [36m/>[39m
          [36m<path[39m
            [33md[39m=[32m"M12 9v4"[39m
          [36m/>[39m
          [36m<path[39m
            [33md[39m=[32m"M12 17h.01"[39m
          [36m/>[39m
        [36m</svg>[39m
        [0mFinish Session[0m
      [36m</h2>[39m
      [36m<div[39m
        [33mclass[39m=[32m"text-muted-foreground text-sm space-y-3"[39m
        [33mdata-slot[39m=[32m"alert-dialog-description"[39m
        [33mid[39m=[32m"radix-:r13:"[39m
      [36m>[39m
        [36m<p>[39m
          [0mAre you sure you want to finish your workout session for[0m
          [0m [0m
          [36m<span[39m
            [33mclass[39m=[32m"font-medium"[39m
          [36m>[39m
            [0mPush Day[0m
          [36m</span>[39m
          [0m?[0m
        [36m</p>[39m
        [36m<div[39m
          [33mclass[39m=[32m"bg-muted/50 rounded-lg p-3 space-y-2"[39m
        [36m>[39m
          [36m<div[39m
            [33mclass[39m=[32m"flex items-center justify-between"[39m
          [36m>[39m
            [36m<span[39m
              [33mclass[39m=[32m"text-sm font-medium"[39m
            [36m>[39m
              [0mProgress[0m
            [36m</span>[39m
            [36m<span[39m
              [33mclass[39m=[32m"inline-flex items-center 
justify-center rounded-md border px-2 py-0.5 text-xs font-medium w-fit 
whitespace-nowrap shrink-0 [&>svg]:size-3 gap-1 
[&>svg]:pointer-events-none focus-visible:border-ring 
focus-visible:ring-ring/50 focus-visible:ring-[3px] 
aria-invalid:ring-destructive/20 dark:aria-invalid:ring-destructive/40 
aria-invalid:border-destructive transition-[color,box-shadow] 
overflow-hidden border-transparent bg-secondary text-secondary-foreground 
[a&]:hover:bg-secondary/90"[39m
              [33mdata-slot[39m=[32m"badge"[39m
            [36m>[39m
              [0m67[0m
              [0m%[0m
            [36m</span>[39m
          [36m</div>[39m
          [36m<div[39m
            [33mclass[39m=[32m"flex items-center gap-2 text-sm"[39m
          [36m>[39m
            [36m<svg[39m
              [33mclass[39m=[32m"lucide lucide-target h-4 w-4 
text-muted-foreground"[39m
              [33mfill[39m=[32m"none"[39m
              [33mheight[39m=[32m"24"[39m
              [33mstroke[39m=[32m"currentColor"[39m
              [33mstroke-linecap[39m=[32m"round"[39m
              [33mstroke-linejoin[39m=[32m"round"[39m
              [33mstroke-width[39m=[32m"2"[39m
              [33mviewBox[39m=[32m"0 0 24 24"[39m
              [33mwidth[39m=[32m"24"[39m
              [33mxmlns[39m=[32m"http://www.w3.org/2000/svg"[39m
            [36m>[39m
              [36m<circle[39m
                [33mcx[39m=[32m"12"[39m
                [33mcy[39m=[32m"12"[39m
                [33mr[39m=[32m"10"[39m
              [36m/>[39m
              [36m<circle[39m
                [33mcx[39m=[32m"12"[39m
                [33mcy[39m=[32m"12"[39m
                [33mr[39m=[32m"6"[39m
              [36m/>[39m
              [36m<circle[39m
                [33mcx[39m=[32m"12"[39m
                [33mcy[39m=[32m"12"[39m
                [33mr[39m=[32m"2"[39m
              [36m/>[39m
            [36m</svg>[39m
            [36m<span>[39m
              [0m8[0m
              [0m of [0m
              [0m12[0m
              [0m sets completed[0m
            [36m</span>[39m
          [36m</div>[39m
          [36m<div[39m
            [33mclass[39m=[32m"flex items-center gap-2 text-sm 
text-amber-700 dark:text-amber-300"[39m
          [36m>[39m
            [36m<svg[39m
              [33mclass[39m=[32m"lucide lucide-triangle-alert h-4 
w-4"[39m
              [33mfill[39m=[32m"none"[39m
              [33mheight[39m=[32m"24"[39m
              [33mstroke[39m=[32m"currentColor"[39m
              [33mstroke-linecap[39m=[32m"round"[39m
              [33mstroke-linejoin[39m=[32m"round"[39m
              [33mstroke-width[39m=[32m"2"[39m
              [33mviewBox[39m=[32m"0 0 24 24"[39m
              [33mwidth[39m=[32m"24"[39m
              [33mxmlns[39m=[32m"http://www.w3.org/2000/svg"[39m
            [36m>[39m
              [36m<path[39m
                [33md[39m=[32m"m21.73 18-8-14a2 2 0 0 0-3.48 0l-8 14A2 
2 0 0 0 4 21h16a2 2 0 0 0 1.73-3"[39m
              [36m/>[39m
              [36m<path[39m
                [33md[39m=[32m"M12 9v4"[39m
              [36m/>[39m
              [36m<path[39m
                [33md[39m=[32m"M12 17h.01"[39m
              [36m/>[39m
            [36m</svg>[39m
            [36m<span>[39m
              [0m4[0m
              [0m set[0m
              [0ms[0m
              [0m remaining[0m
            [36m</span>[39m
          [36m</div>[39m
        [36m</div>[39m
        [36m<div[39m
          [33mclass[39m=[32m"bg-amber-50 dark:bg-amber-950/20 border 
border-amber-200 dark:border-amber-800 rounded-lg p-3"[39m
        [36m>[39m
          [36m<p[39m
            [33mclass[39m=[32m"text-sm text-amber-800 
dark:text-amber-200"[39m
          [36m>[39m
            [36m<strong>[39m
              [0mNote:[0m
            [36m</strong>[39m
            [0m Finishing with incomplete sets will still save your 
progress, but you won't get the full benefit of the workout.[0m
          [36m</p>[39m
        [36m</div>[39m
      [36m</div>[39m
    [36m</div>[39m
    [36m<div[39m
      [33mclass[39m=[32m"flex flex-col-reverse gap-2 sm:flex-row 
sm:justify-end"[39m
      [33mdata-slot[39m=[32m"alert-dialog-footer"[39m
    [36m>[39m
      [36m<button[39m
        [33mclass[39m=[32m"inline-flex items-center justify-center 
gap-2 whitespace-nowrap rounded-md text-sm font-medium transition-all 
disabled:pointer-events-none disabled:opacity-50 
[&_svg]:pointer-events-none [&_svg:not([class*='size-'])]:size-4 shrink-0 
[&_svg]:shrink-0 outline-none focus-visible:border-ring 
focus-visible:ring-ring/50 focus-visible:ring-[3px] 
aria-invalid:ring-destructive/20 dark:aria-invalid:ring-destructive/40 
aria-invalid:border-destructive active:translate-y-[1px] border 
bg-background shadow-xs hover:bg-accent hover:text-accent-foreground 
dark:bg-input/30 dark:border-input dark:hover:bg-input/50 h-9 px-4 py-2 
has-[>svg]:px-3"[39m
        [33mtype[39m=[32m"button"[39m
      [36m>[39m
        [0mCancel[0m
      [36m</button>[39m
      [36m<button[39m
        [33mclass[39m=[32m"inline-flex items-center justify-center 
gap-2 whitespace-nowrap rounded-md text-sm font-medium transition-all 
disabled:pointer-events-none disabled:opacity-50 
[&_svg]:pointer-events-none [&_svg:not([class*='size-'])]:size-4 shrink-0 
[&_svg]:shrink-0 outline-none focus-visible:border-ring 
focus-visible:ring-ring/50 focus-visible:ring-[3px] 
aria-invalid:ring-destructive/20 dark:aria-invalid:ring-destructive/40 
aria-invalid:border-destructive active:translate-y-[1px] 
text-primary-foreground shadow-xs h-9 px-4 py-2 has-[>svg]:px-3 
bg-amber-600 hover:bg-amber-700 dark:bg-amber-700 
dark:hover:bg-amber-800"[39m
        [33mtype[39m=[32m"button"[39m
      [36m>[39m
        [0mFinish Session[0m
      [36m</button>[39m
    [36m</div>[39m
  [36m</div>[39m
  [36m<span[39m
    [33maria-hidden[39m=[32m"true"[39m
    [33mdata-aria-hidden[39m=[32m"true"[39m
    [33mdata-radix-focus-guard[39m=[32m""[39m
    [33mstyle[39m=[32m"outline: none; opacity: 0; position: fixed; 
pointer-events: none;"[39m
    [33mtabindex[39m=[32m"0"[39m
  [36m/>[39m
[36m</body>[39m
[90m [2mÔØ»[22m Object.getElementError 
node_modules/@testing-library/dom/dist/config.js:[2m37:19[22m[39m
[90m [2mÔØ»[22m 
node_modules/@testing-library/dom/dist/query-helpers.js:[2m76:38[22m[39m
[90m [2mÔØ»[22m 
node_modules/@testing-library/dom/dist/query-helpers.js:[2m52:17[22m[39m
[90m [2mÔØ»[22m 
node_modules/@testing-library/dom/dist/query-helpers.js:[2m95:19[22m[39m
[36m [2mÔØ»[22m __tests__/components/workout/session-confirmation-dialog
.test.tsx:[2m134:31[22m[39m
    [90m132| [39m
    [90m133| [39m  [90m// Check for warning styling (yellow/orange 
theme)[39m
    [90m134| [39m  [35mconst[39m progressText [33m=[39m 
screen[33m.[39m[34mgetByText[39m([32m'8 / 12 sets completed 
(67%)'[39m)
    [90m   | [39m                              [31m^[39m
    [90m135| [39m  [34mexpect[39m(progressText)[33m.[39m[34mtoHaveCl
ass[39m([32m'text-yellow-700'[39m)
    [90m136| [39m })

[31m[2mÔÄ»ÔÄ»ÔÄ»ÔÄ»ÔÄ»ÔÄ»ÔÄ»ÔÄ»ÔÄ»ÔÄ»ÔÄ»ÔÄ»ÔÄ»ÔÄ»ÔÄ»ÔÄ»ÔÄ»ÔÄ»ÔÄ»ÔÄ»ÔÄ»ÔÄ»
ÔÄ»[9/16]ÔÄ»[22m[39m

[31m[1m[7m FAIL [27m[22m[39m 
__tests__/components/workout/session-confirmation-dialog.test.tsx[2m > 
[22mSessionConfirmationDialog[2m > [22mshould show appropriate styling 
for complete sessions
[31m[1mTestingLibraryElementError[22m[39m: Unable to find an element 
with the text: 12 / 12 sets completed (100%). This could be because the 
text is broken up by multiple elements. In this case, you can provide a 
function for your text matcher to make your matcher more flexible.

Ignored nodes: comments, script, style
[36m<body[39m
  [33mdata-scroll-locked[39m=[32m"1"[39m
  [33mstyle[39m=[32m"pointer-events: none;"[39m
[36m>[39m
  [36m<span[39m
    [33maria-hidden[39m=[32m"true"[39m
    [33mdata-aria-hidden[39m=[32m"true"[39m
    [33mdata-radix-focus-guard[39m=[32m""[39m
    [33mstyle[39m=[32m"outline: none; opacity: 0; position: fixed; 
pointer-events: none;"[39m
    [33mtabindex[39m=[32m"0"[39m
  [36m/>[39m
  [36m<div[39m
    [33maria-hidden[39m=[32m"true"[39m
    [33mdata-aria-hidden[39m=[32m"true"[39m
  [36m/>[39m
  [36m<div[39m
    [33maria-hidden[39m=[32m"true"[39m
    [33mclass[39m=[32m"data-[state=open]:animate-in 
data-[state=closed]:animate-out data-[state=closed]:fade-out-0 
data-[state=open]:fade-in-0 fixed inset-0 z-50 bg-black/50"[39m
    [33mdata-aria-hidden[39m=[32m"true"[39m
    [33mdata-slot[39m=[32m"alert-dialog-overlay"[39m
    [33mdata-state[39m=[32m"open"[39m
    [33mstyle[39m=[32m"pointer-events: auto;"[39m
  [36m/>[39m
  [36m<div[39m
    [33maria-describedby[39m=[32m"radix-:r16:"[39m
    [33maria-labelledby[39m=[32m"radix-:r15:"[39m
    [33mclass[39m=[32m"bg-background data-[state=open]:animate-in 
data-[state=closed]:animate-out data-[state=closed]:fade-out-0 
data-[state=open]:fade-in-0 data-[state=closed]:zoom-out-95 
data-[state=open]:zoom-in-95 fixed top-[50%] left-[50%] z-50 grid w-full 
translate-x-[-50%] translate-y-[-50%] gap-4 rounded-lg border p-6 
shadow-lg duration-200 sm:max-w-lg max-w-md"[39m
    [33mdata-slot[39m=[32m"alert-dialog-content"[39m
    [33mdata-state[39m=[32m"open"[39m
    [33mid[39m=[32m"radix-:r14:"[39m
    [33mrole[39m=[32m"alertdialog"[39m
    [33mstyle[39m=[32m"pointer-events: auto;"[39m
    [33mtabindex[39m=[32m"-1"[39m
  [36m>[39m
    [36m<div[39m
      [33mclass[39m=[32m"flex flex-col gap-2 text-center 
sm:text-left"[39m
      [33mdata-slot[39m=[32m"alert-dialog-header"[39m
    [36m>[39m
      [36m<h2[39m
        [33mclass[39m=[32m"text-lg font-semibold flex items-center 
gap-2"[39m
        [33mdata-slot[39m=[32m"alert-dialog-title"[39m
        [33mid[39m=[32m"radix-:r15:"[39m
      [36m>[39m
        [36m<svg[39m
          [33mclass[39m=[32m"lucide lucide-circle-check-big h-5 w-5 
text-green-600"[39m
          [33mfill[39m=[32m"none"[39m
          [33mheight[39m=[32m"24"[39m
          [33mstroke[39m=[32m"currentColor"[39m
          [33mstroke-linecap[39m=[32m"round"[39m
          [33mstroke-linejoin[39m=[32m"round"[39m
          [33mstroke-width[39m=[32m"2"[39m
          [33mviewBox[39m=[32m"0 0 24 24"[39m
          [33mwidth[39m=[32m"24"[39m
          [33mxmlns[39m=[32m"http://www.w3.org/2000/svg"[39m
        [36m>[39m
          [36m<path[39m
            [33md[39m=[32m"M21.801 10A10 10 0 1 1 17 3.335"[39m
          [36m/>[39m
          [36m<path[39m
            [33md[39m=[32m"m9 11 3 3L22 4"[39m
          [36m/>[39m
        [36m</svg>[39m
        [0mFinish Session[0m
      [36m</h2>[39m
      [36m<div[39m
        [33mclass[39m=[32m"text-muted-foreground text-sm space-y-3"[39m
        [33mdata-slot[39m=[32m"alert-dialog-description"[39m
        [33mid[39m=[32m"radix-:r16:"[39m
      [36m>[39m
        [36m<p>[39m
          [0mAre you sure you want to finish your workout session for[0m
          [0m [0m
          [36m<span[39m
            [33mclass[39m=[32m"font-medium"[39m
          [36m>[39m
            [0mPush Day[0m
          [36m</span>[39m
          [0m?[0m
        [36m</p>[39m
        [36m<div[39m
          [33mclass[39m=[32m"bg-muted/50 rounded-lg p-3 space-y-2"[39m
        [36m>[39m
          [36m<div[39m
            [33mclass[39m=[32m"flex items-center justify-between"[39m
          [36m>[39m
            [36m<span[39m
              [33mclass[39m=[32m"text-sm font-medium"[39m
            [36m>[39m
              [0mProgress[0m
            [36m</span>[39m
            [36m<span[39m
              [33mclass[39m=[32m"inline-flex items-center 
justify-center rounded-md border px-2 py-0.5 text-xs font-medium w-fit 
whitespace-nowrap shrink-0 [&>svg]:size-3 gap-1 
[&>svg]:pointer-events-none focus-visible:border-ring 
focus-visible:ring-ring/50 focus-visible:ring-[3px] 
aria-invalid:ring-destructive/20 dark:aria-invalid:ring-destructive/40 
aria-invalid:border-destructive transition-[color,box-shadow] 
overflow-hidden border-transparent bg-primary text-primary-foreground 
[a&]:hover:bg-primary/90"[39m
              [33mdata-slot[39m=[32m"badge"[39m
            [36m>[39m
              [0m100[0m
              [0m%[0m
            [36m</span>[39m
          [36m</div>[39m
          [36m<div[39m
            [33mclass[39m=[32m"flex items-center gap-2 text-sm"[39m
          [36m>[39m
            [36m<svg[39m
              [33mclass[39m=[32m"lucide lucide-target h-4 w-4 
text-muted-foreground"[39m
              [33mfill[39m=[32m"none"[39m
              [33mheight[39m=[32m"24"[39m
              [33mstroke[39m=[32m"currentColor"[39m
              [33mstroke-linecap[39m=[32m"round"[39m
              [33mstroke-linejoin[39m=[32m"round"[39m
              [33mstroke-width[39m=[32m"2"[39m
              [33mviewBox[39m=[32m"0 0 24 24"[39m
              [33mwidth[39m=[32m"24"[39m
              [33mxmlns[39m=[32m"http://www.w3.org/2000/svg"[39m
            [36m>[39m
              [36m<circle[39m
                [33mcx[39m=[32m"12"[39m
                [33mcy[39m=[32m"12"[39m
                [33mr[39m=[32m"10"[39m
              [36m/>[39m
              [36m<circle[39m
                [33mcx[39m=[32m"12"[39m
                [33mcy[39m=[32m"12"[39m
                [33mr[39m=[32m"6"[39m
              [36m/>[39m
              [36m<circle[39m
                [33mcx[39m=[32m"12"[39m
                [33mcy[39m=[32m"12"[39m
                [33mr[39m=[32m"2"[39m
              [36m/>[39m
            [36m</svg>[39m
            [36m<span>[39m
              [0m12[0m
              [0m of [0m
              [0m12[0m
              [0m sets completed[0m
            [36m</span>[39m
          [36m</div>[39m
        [36m</div>[39m
        [36m<div[39m
          [33mclass[39m=[32m"bg-green-50 dark:bg-green-950/20 border 
border-green-200 dark:border-green-800 rounded-lg p-3"[39m
        [36m>[39m
          [36m<p[39m
            [33mclass[39m=[32m"text-sm text-green-800 
dark:text-green-200"[39m
          [36m>[39m
            [36m<strong>[39m
              [0mGreat job![0m
            [36m</strong>[39m
            [0m You've completed all sets. Your progress will be saved 
and applied to future workouts.[0m
          [36m</p>[39m
        [36m</div>[39m
      [36m</div>[39m
    [36m</div>[39m
    [36m<div[39m
      [33mclass[39m=[32m"flex flex-col-reverse gap-2 sm:flex-row 
sm:justify-end"[39m
      [33mdata-slot[39m=[32m"alert-dialog-footer"[39m
    [36m>[39m
      [36m<button[39m
        [33mclass[39m=[32m"inline-flex items-center justify-center 
gap-2 whitespace-nowrap rounded-md text-sm font-medium transition-all 
disabled:pointer-events-none disabled:opacity-50 
[&_svg]:pointer-events-none [&_svg:not([class*='size-'])]:size-4 shrink-0 
[&_svg]:shrink-0 outline-none focus-visible:border-ring 
focus-visible:ring-ring/50 focus-visible:ring-[3px] 
aria-invalid:ring-destructive/20 dark:aria-invalid:ring-destructive/40 
aria-invalid:border-destructive active:translate-y-[1px] border 
bg-background shadow-xs hover:bg-accent hover:text-accent-foreground 
dark:bg-input/30 dark:border-input dark:hover:bg-input/50 h-9 px-4 py-2 
has-[>svg]:px-3"[39m
        [33mtype[39m=[32m"button"[39m
      [36m>[39m
        [0mCancel[0m
      [36m</button>[39m
      [36m<button[39m
        [33mclass[39m=[32m"inline-flex items-center justify-center 
gap-2 whitespace-nowrap rounded-md text-sm font-medium transition-all 
disabled:pointer-events-none disabled:opacity-50 
[&_svg]:pointer-events-none [&_svg:not([class*='size-'])]:size-4 shrink-0 
[&_svg]:shrink-0 outline-none focus-visible:border-ring 
focus-visible:ring-ring/50 focus-visible:ring-[3px] 
aria-invalid:ring-destructive/20 dark:aria-invalid:ring-destructive/40 
aria-invalid:border-destructive active:translate-y-[1px] 
text-primary-foreground shadow-xs h-9 px-4 py-2 has-[>svg]:px-3 
bg-green-600 hover:bg-green-700 dark:bg-green-700 
dark:hover:bg-green-800"[39m
        [33mtype[39m=[32m"button"[39m
      [36m>[39m
        [0mFinish Session[0m
      [36m</button>[39m
    [36m</div>[39m
  [36m</div>[39m
  [36m<span[39m
    [33maria-hidden[39m=[32m"true"[39m
    [33mdata-aria-hidden[39m=[32m"true"[39m
    [33mdata-radix-focus-guard[39m=[32m""[39m
    [33mstyle[39m=[32m"outline: none; opacity: 0; position: fixed; 
pointer-events: none;"[39m
    [33mtabindex[39m=[32m"0"[39m
  [36m/>[39m
[36m</body>[39m
[90m [2mÔØ»[22m Object.getElementError 
node_modules/@testing-library/dom/dist/config.js:[2m37:19[22m[39m
[90m [2mÔØ»[22m 
node_modules/@testing-library/dom/dist/query-helpers.js:[2m76:38[22m[39m
[90m [2mÔØ»[22m 
node_modules/@testing-library/dom/dist/query-helpers.js:[2m52:17[22m[39m
[90m [2mÔØ»[22m 
node_modules/@testing-library/dom/dist/query-helpers.js:[2m95:19[22m[39m
[36m [2mÔØ»[22m __tests__/components/workout/session-confirmation-dialog
.test.tsx:[2m151:31[22m[39m
    [90m149| [39m
    [90m150| [39m  [90m// Check for success styling (green theme)[39m
    [90m151| [39m  [35mconst[39m progressText [33m=[39m 
screen[33m.[39m[34mgetByText[39m([32m'12 / 12 sets completed 
(100%)[39mÔÇª
    [90m   | [39m                              [31m^[39m
    [90m152| [39m  [34mexpect[39m(progressText)[33m.[39m[34mtoHaveCl
ass[39m([32m'text-green-700'[39m)
    [90m153| [39m })

[31m[2mÔÄ»ÔÄ»ÔÄ»ÔÄ»ÔÄ»ÔÄ»ÔÄ»ÔÄ»ÔÄ»ÔÄ»ÔÄ»ÔÄ»ÔÄ»ÔÄ»ÔÄ»ÔÄ»ÔÄ»ÔÄ»ÔÄ»ÔÄ»ÔÄ»ÔÄ»
[10/16]ÔÄ»[22m[39m

[31m[1m[7m FAIL [27m[22m[39m 
__tests__/components/workout/session-confirmation-dialog.test.tsx[2m > 
[22mSessionConfirmationDialog[2m > [22mshould close dialog when 
clicking outside (if supported)
[31m[1mTestingLibraryElementError[22m[39m: Unable to find an 
accessible element with the role "dialog"

Here are the accessible roles:

  alertdialog:

  Name "Finish Session":
  [36m<div[39m
    [33maria-describedby[39m=[32m"radix-:r19:"[39m
    [33maria-labelledby[39m=[32m"radix-:r18:"[39m
    [33mclass[39m=[32m"bg-background data-[state=open]:animate-in 
data-[state=closed]:animate-out data-[state=closed]:fade-out-0 
data-[state=open]:fade-in-0 data-[state=closed]:zoom-out-95 
data-[state=open]:zoom-in-95 fixed top-[50%] left-[50%] z-50 grid w-full 
translate-x-[-50%] translate-y-[-50%] gap-4 rounded-lg border p-6 
shadow-lg duration-200 sm:max-w-lg max-w-md"[39m
    [33mdata-slot[39m=[32m"alert-dialog-content"[39m
    [33mdata-state[39m=[32m"open"[39m
    [33mid[39m=[32m"radix-:r17:"[39m
    [33mrole[39m=[32m"alertdialog"[39m
    [33mstyle[39m=[32m"pointer-events: auto;"[39m
    [33mtabindex[39m=[32m"-1"[39m
  [36m/>[39m

  --------------------------------------------------
  heading:

  Name "Finish Session":
  [36m<h2[39m
    [33mclass[39m=[32m"text-lg font-semibold flex items-center 
gap-2"[39m
    [33mdata-slot[39m=[32m"alert-dialog-title"[39m
    [33mid[39m=[32m"radix-:r18:"[39m
  [36m/>[39m

  --------------------------------------------------
  paragraph:

  Name "":
  [36m<p />[39m

  Name "":
  [36m<p[39m
    [33mclass[39m=[32m"text-sm text-amber-800 dark:text-amber-200"[39m
  [36m/>[39m

  --------------------------------------------------
  strong:

  Name "":
  [36m<strong />[39m

  --------------------------------------------------
  button:

  Name "Cancel":
  [36m<button[39m
    [33mclass[39m=[32m"inline-flex items-center justify-center gap-2 
whitespace-nowrap rounded-md text-sm font-medium transition-all 
disabled:pointer-events-none disabled:opacity-50 
[&_svg]:pointer-events-none [&_svg:not([class*='size-'])]:size-4 shrink-0 
[&_svg]:shrink-0 outline-none focus-visible:border-ring 
focus-visible:ring-ring/50 focus-visible:ring-[3px] 
aria-invalid:ring-destructive/20 dark:aria-invalid:ring-destructive/40 
aria-invalid:border-destructive active:translate-y-[1px] border 
bg-background shadow-xs hover:bg-accent hover:text-accent-foreground 
dark:bg-input/30 dark:border-input dark:hover:bg-input/50 h-9 px-4 py-2 
has-[>svg]:px-3"[39m
    [33mtype[39m=[32m"button"[39m
  [36m/>[39m

  Name "Finish Session":
  [36m<button[39m
    [33mclass[39m=[32m"inline-flex items-center justify-center gap-2 
whitespace-nowrap rounded-md text-sm font-medium transition-all 
disabled:pointer-events-none disabled:opacity-50 
[&_svg]:pointer-events-none [&_svg:not([class*='size-'])]:size-4 shrink-0 
[&_svg]:shrink-0 outline-none focus-visible:border-ring 
focus-visible:ring-ring/50 focus-visible:ring-[3px] 
aria-invalid:ring-destructive/20 dark:aria-invalid:ring-destructive/40 
aria-invalid:border-destructive active:translate-y-[1px] 
text-primary-foreground shadow-xs h-9 px-4 py-2 has-[>svg]:px-3 
bg-amber-600 hover:bg-amber-700 dark:bg-amber-700 
dark:hover:bg-amber-800"[39m
    [33mtype[39m=[32m"button"[39m
  [36m/>[39m

  --------------------------------------------------

Ignored nodes: comments, script, style
[36m<body[39m
  [33mdata-scroll-locked[39m=[32m"1"[39m
  [33mstyle[39m=[32m"pointer-events: none;"[39m
[36m>[39m
  [36m<span[39m
    [33maria-hidden[39m=[32m"true"[39m
    [33mdata-aria-hidden[39m=[32m"true"[39m
    [33mdata-radix-focus-guard[39m=[32m""[39m
    [33mstyle[39m=[32m"outline: none; opacity: 0; position: fixed; 
pointer-events: none;"[39m
    [33mtabindex[39m=[32m"0"[39m
  [36m/>[39m
  [36m<div[39m
    [33maria-hidden[39m=[32m"true"[39m
    [33mdata-aria-hidden[39m=[32m"true"[39m
  [36m/>[39m
  [36m<div[39m
    [33maria-hidden[39m=[32m"true"[39m
    [33mclass[39m=[32m"data-[state=open]:animate-in 
data-[state=closed]:animate-out data-[state=closed]:fade-out-0 
data-[state=open]:fade-in-0 fixed inset-0 z-50 bg-black/50"[39m
    [33mdata-aria-hidden[39m=[32m"true"[39m
    [33mdata-slot[39m=[32m"alert-dialog-overlay"[39m
    [33mdata-state[39m=[32m"open"[39m
    [33mstyle[39m=[32m"pointer-events: auto;"[39m
  [36m/>[39m
  [36m<div[39m
    [33maria-describedby[39m=[32m"radix-:r19:"[39m
    [33maria-labelledby[39m=[32m"radix-:r18:"[39m
    [33mclass[39m=[32m"bg-background data-[state=open]:animate-in 
data-[state=closed]:animate-out data-[state=closed]:fade-out-0 
data-[state=open]:fade-in-0 data-[state=closed]:zoom-out-95 
data-[state=open]:zoom-in-95 fixed top-[50%] left-[50%] z-50 grid w-full 
translate-x-[-50%] translate-y-[-50%] gap-4 rounded-lg border p-6 
shadow-lg duration-200 sm:max-w-lg max-w-md"[39m
    [33mdata-slot[39m=[32m"alert-dialog-content"[39m
    [33mdata-state[39m=[32m"open"[39m
    [33mid[39m=[32m"radix-:r17:"[39m
    [33mrole[39m=[32m"alertdialog"[39m
    [33mstyle[39m=[32m"pointer-events: auto;"[39m
    [33mtabindex[39m=[32m"-1"[39m
  [36m>[39m
    [36m<div[39m
      [33mclass[39m=[32m"flex flex-col gap-2 text-center 
sm:text-left"[39m
      [33mdata-slot[39m=[32m"alert-dialog-header"[39m
    [36m>[39m
      [36m<h2[39m
        [33mclass[39m=[32m"text-lg font-semibold flex items-center 
gap-2"[39m
        [33mdata-slot[39m=[32m"alert-dialog-title"[39m
        [33mid[39m=[32m"radix-:r18:"[39m
      [36m>[39m
        [36m<svg[39m
          [33mclass[39m=[32m"lucide lucide-triangle-alert h-5 w-5 
text-amber-600"[39m
          [33mfill[39m=[32m"none"[39m
          [33mheight[39m=[32m"24"[39m
          [33mstroke[39m=[32m"currentColor"[39m
          [33mstroke-linecap[39m=[32m"round"[39m
          [33mstroke-linejoin[39m=[32m"round"[39m
          [33mstroke-width[39m=[32m"2"[39m
          [33mviewBox[39m=[32m"0 0 24 24"[39m
          [33mwidth[39m=[32m"24"[39m
          [33mxmlns[39m=[32m"http://www.w3.org/2000/svg"[39m
        [36m>[39m
          [36m<path[39m
            [33md[39m=[32m"m21.73 18-8-14a2 2 0 0 0-3.48 0l-8 14A2 2 0 
0 0 4 21h16a2 2 0 0 0 1.73-3"[39m
          [36m/>[39m
          [36m<path[39m
            [33md[39m=[32m"M12 9v4"[39m
          [36m/>[39m
          [36m<path[39m
            [33md[39m=[32m"M12 17h.01"[39m
          [36m/>[39m
        [36m</svg>[39m
        [0mFinish Session[0m
      [36m</h2>[39m
      [36m<div[39m
        [33mclass[39m=[32m"text-muted-foreground text-sm space-y-3"[39m
        [33mdata-slot[39m=[32m"alert-dialog-description"[39m
        [33mid[39m=[32m"radix-:r19:"[39m
      [36m>[39m
        [36m<p>[39m
          [0mAre you sure you want to finish your workout session for[0m
          [0m [0m
          [36m<span[39m
            [33mclass[39m=[32m"font-medium"[39m
          [36m>[39m
            [0mPush Day[0m
          [36m</span>[39m
          [0m?[0m
        [36m</p>[39m
        [36m<div[39m
          [33mclass[39m=[32m"bg-muted/50 rounded-lg p-3 space-y-2"[39m
        [36m>[39m
          [36m<div[39m
            [33mclass[39m=[32m"flex items-center justify-between"[39m
          [36m>[39m
            [36m<span[39m
              [33mclass[39m=[32m"text-sm font-medium"[39m
            [36m>[39m
              [0mProgress[0m
            [36m</span>[39m
            [36m<span[39m
              [33mclass[39m=[32m"inline-flex items-center 
justify-center rounded-md border px-2 py-0.5 text-xs font-medium w-fit 
whitespace-nowrap shrink-0 [&>svg]:size-3 gap-1 
[&>svg]:pointer-events-none focus-visible:border-ring 
focus-visible:ring-ring/50 focus-visible:ring-[3px] 
aria-invalid:ring-destructive/20 dark:aria-invalid:ring-destructive/40 
aria-invalid:border-destructive transition-[color,box-shadow] 
overflow-hidden border-transparent bg-secondary text-secondary-foreground 
[a&]:hover:bg-secondary/90"[39m
              [33mdata-slot[39m=[32m"badge"[39m
            [36m>[39m
              [0m67[0m
              [0m%[0m
            [36m</span>[39m
          [36m</div>[39m
          [36m<div[39m
            [33mclass[39m=[32m"flex items-center gap-2 text-sm"[39m
          [36m>[39m
            [36m<svg[39m
              [33mclass[39m=[32m"lucide lucide-target h-4 w-4 
text-muted-foreground"[39m
              [33mfill[39m=[32m"none"[39m
              [33mheight[39m=[32m"24"[39m
              [33mstroke[39m=[32m"currentColor"[39m
              [33mstroke-linecap[39m=[32m"round"[39m
              [33mstroke-linejoin[39m=[32m"round"[39m
              [33mstroke-width[39m=[32m"2"[39m
              [33mviewBox[39m=[32m"0 0 24 24"[39m
              [33mwidth[39m=[32m"24"[39m
              [33mxmlns[39m=[32m"http://www.w3.org/2000/svg"[39m
            [36m>[39m
              [36m<circle[39m
                [33mcx[39m=[32m"12"[39m
                [33mcy[39m=[32m"12"[39m
                [33mr[39m=[32m"10"[39m
              [36m/>[39m
              [36m<circle[39m
                [33mcx[39m=[32m"12"[39m
                [33mcy[39m=[32m"12"[39m
                [33mr[39m=[32m"6"[39m
              [36m/>[39m
              [36m<circle[39m
                [33mcx[39m=[32m"12"[39m
                [33mcy[39m=[32m"12"[39m
                [33mr[39m=[32m"2"[39m
              [36m/>[39m
            [36m</svg>[39m
            [36m<span>[39m
              [0m8[0m
              [0m of [0m
              [0m12[0m
              [0m sets completed[0m
            [36m</span>[39m
          [36m</div>[39m
          [36m<div[39m
            [33mclass[39m=[32m"flex items-center gap-2 text-sm 
text-amber-700 dark:text-amber-300"[39m
          [36m>[39m
            [36m<svg[39m
              [33mclass[39m=[32m"lucide lucide-triangle-alert h-4 
w-4"[39m
              [33mfill[39m=[32m"none"[39m
              [33mheight[39m=[32m"24"[39m
              [33mstroke[39m=[32m"currentColor"[39m
              [33mstroke-linecap[39m=[32m"round"[39m
              [33mstroke-linejoin[39m=[32m"round"[39m
              [33mstroke-width[39m=[32m"2"[39m
              [33mviewBox[39m=[32m"0 0 24 24"[39m
              [33mwidth[39m=[32m"24"[39m
              [33mxmlns[39m=[32m"http://www.w3.org/2000/svg"[39m
            [36m>[39m
              [36m<path[39m
                [33md[39m=[32m"m21.73 18-8-14a2 2 0 0 0-3.48 0l-8 14A2 
2 0 0 0 4 21h16a2 2 0 0 0 1.73-3"[39m
              [36m/>[39m
              [36m<path[39m
                [33md[39m=[32m"M12 9v4"[39m
              [36m/>[39m
              [36m<path[39m
                [33md[39m=[32m"M12 17h.01"[39m
              [36m/>[39m
            [36m</svg>[39m
            [36m<span>[39m
              [0m4[0m
              [0m set[0m
              [0ms[0m
              [0m remaining[0m
            [36m</span>[39m
          [36m</div>[39m
        [36m</div>[39m
        [36m<div[39m
          [33mclass[39m=[32m"bg-amber-50 dark:bg-amber-950/20 border 
border-amber-200 dark:border-amber-800 rounded-lg p-3"[39m
        [36m>[39m
          [36m<p[39m
            [33mclass[39m=[32m"text-sm text-amber-800 
dark:text-amber-200"[39m
          [36m>[39m
            [36m<strong>[39m
              [0mNote:[0m
            [36m</strong>[39m
            [0m Finishing with incomplete sets will still save your 
progress, but you won't get the full benefit of the workout.[0m
          [36m</p>[39m
        [36m</div>[39m
      [36m</div>[39m
    [36m</div>[39m
    [36m<div[39m
      [33mclass[39m=[32m"flex flex-col-reverse gap-2 sm:flex-row 
sm:justify-end"[39m
      [33mdata-slot[39m=[32m"alert-dialog-footer"[39m
    [36m>[39m
      [36m<button[39m
        [33mclass[39m=[32m"inline-flex items-center justify-center 
gap-2 whitespace-nowrap rounded-md text-sm font-medium transition-all 
disabled:pointer-events-none disabled:opacity-50 
[&_svg]:pointer-events-none [&_svg:not([class*='size-'])]:size-4 shrink-0 
[&_svg]:shrink-0 outline-none focus-visible:border-ring 
focus-visible:ring-ring/50 focus-visible:ring-[3px] 
aria-invalid:ring-destructive/20 dark:aria-invalid:ring-destructive/40 
aria-invalid:border-destructive active:translate-y-[1px] border 
bg-background shadow-xs hover:bg-accent hover:text-accent-foreground 
dark:bg-input/30 dark:border-input dark:hover:bg-input/50 h-9 px-4 py-2 
has-[>svg]:px-3"[39m
        [33mtype[39m=[32m"button"[39m
      [36m>[39m
        [0mCancel[0m
      [36m</button>[39m
      [36m<button[39m
        [33mclass[39m=[32m"inline-flex items-center justify-center 
gap-2 whitespace-nowrap rounded-md text-sm font-medium transition-all 
disabled:pointer-events-none disabled:opacity-50 
[&_svg]:pointer-events-none [&_svg:not([class*='size-'])]:size-4 shrink-0 
[&_svg]:shrink-0 outline-none focus-visible:border-ring 
focus-visible:ring-ring/50 focus-visible:ring-[3px] 
aria-invalid:ring-destructive/20 dark:aria-invalid:ring-destructive/40 
aria-invalid:border-destructive active:translate-y-[1px] 
text-primary-foreground shadow-xs h-9 px-4 py-2 has-[>svg]:px-3 
bg-amber-600 hover:bg-amber-700 dark:bg-amber-700 
dark:hover:bg-amber-800"[39m
        [33mtype[39m=[32m"button"[39m
      [36m>[39m
        [0mFinish Session[0m
      [36m</button>[39m
    [36m</div>[39m
  [36m</div>[39m
  [36m<span[39m
    [33maria-hidden[39m=[32m"true"[39m
    [33mdata-aria-hidden[39m=[32m"true"[39m
    [33mdata-radix-focus-guard[39m=[32m""[39m
    [33mstyle[39m=[32m"outline: none; opacity: 0; position: fixed; 
pointer-events: none;"[39m
    [33mtabindex[39m=[32m"0"[39m
  [36m/>[39m
[36m</body>[39m
[90m [2mÔØ»[22m Object.getElementError 
node_modules/@testing-library/dom/dist/config.js:[2m37:19[22m[39m
[90m [2mÔØ»[22m 
node_modules/@testing-library/dom/dist/query-helpers.js:[2m76:38[22m[39m
[90m [2mÔØ»[22m 
node_modules/@testing-library/dom/dist/query-helpers.js:[2m52:17[22m[39m
[90m [2mÔØ»[22m 
node_modules/@testing-library/dom/dist/query-helpers.js:[2m95:19[22m[39m
[36m [2mÔØ»[22m __tests__/components/workout/session-confirmation-dialog
.test.tsx:[2m161:25[22m[39m
    [90m159| [39m  [90m// This test depends on the dialog 
implementation[39m
    [90m160| [39m  [90m// Most dialog libraries support clicking 
outside to close[39m
    [90m161| [39m  [35mconst[39m dialog [33m=[39m 
screen[33m.[39m[34mgetByRole[39m([32m'dialog'[39m)
    [90m   | [39m                        [31m^[39m
    [90m162| [39m  
[34mexpect[39m(dialog)[33m.[39m[34mtoBeInTheDocument[39m()
    [90m163| [39m })

[31m[2mÔÄ»ÔÄ»ÔÄ»ÔÄ»ÔÄ»ÔÄ»ÔÄ»ÔÄ»ÔÄ»ÔÄ»ÔÄ»ÔÄ»ÔÄ»ÔÄ»ÔÄ»ÔÄ»ÔÄ»ÔÄ»ÔÄ»ÔÄ»ÔÄ»ÔÄ»
[11/16]ÔÄ»[22m[39m

[31m[1m[7m FAIL [27m[22m[39m 
__tests__/components/workout/session-confirmation-dialog.test.tsx[2m > 
[22mSessionConfirmationDialog[2m > [22mshould handle keyboard navigation
[31m[1mTestingLibraryElementError[22m[39m: Found multiple elements 
with the text: Finish Session

Here are the matching elements:

Ignored nodes: comments, script, style
[36m<h2[39m
  [33mclass[39m=[32m"text-lg font-semibold flex items-center gap-2"[39m
  [33mdata-slot[39m=[32m"alert-dialog-title"[39m
  [33mid[39m=[32m"radix-:r1b:"[39m
[36m>[39m
  [36m<svg[39m
    [33mclass[39m=[32m"lucide lucide-triangle-alert h-5 w-5 
text-amber-600"[39m
    [33mfill[39m=[32m"none"[39m
    [33mheight[39m=[32m"24"[39m
    [33mstroke[39m=[32m"currentColor"[39m
    [33mstroke-linecap[39m=[32m"round"[39m
    [33mstroke-linejoin[39m=[32m"round"[39m
    [33mstroke-width[39m=[32m"2"[39m
    [33mviewBox[39m=[32m"0 0 24 24"[39m
    [33mwidth[39m=[32m"24"[39m
    [33mxmlns[39m=[32m"http://www.w3.org/2000/svg"[39m
  [36m>[39m
    [36m<path[39m
      [33md[39m=[32m"m21.73 18-8-14a2 2 0 0 0-3.48 0l-8 14A2 2 0 0 0 4 
21h16a2 2 0 0 0 1.73-3"[39m
    [36m/>[39m
    [36m<path[39m
      [33md[39m=[32m"M12 9v4"[39m
    [36m/>[39m
    [36m<path[39m
      [33md[39m=[32m"M12 17h.01"[39m
    [36m/>[39m
  [36m</svg>[39m
  [0mFinish Session[0m
[36m</h2>[39m

Ignored nodes: comments, script, style
[36m<button[39m
  [33mclass[39m=[32m"inline-flex items-center justify-center gap-2 
whitespace-nowrap rounded-md text-sm font-medium transition-all 
disabled:pointer-events-none disabled:opacity-50 
[&_svg]:pointer-events-none [&_svg:not([class*='size-'])]:size-4 shrink-0 
[&_svg]:shrink-0 outline-none focus-visible:border-ring 
focus-visible:ring-ring/50 focus-visible:ring-[3px] 
aria-invalid:ring-destructive/20 dark:aria-invalid:ring-destructive/40 
aria-invalid:border-destructive active:translate-y-[1px] 
text-primary-foreground shadow-xs h-9 px-4 py-2 has-[>svg]:px-3 
bg-amber-600 hover:bg-amber-700 dark:bg-amber-700 
dark:hover:bg-amber-800"[39m
  [33mtype[39m=[32m"button"[39m
[36m>[39m
  [0mFinish Session[0m
[36m</button>[39m

(If this is intentional, then use the `*AllBy*` variant of the query (like 
`queryAllByText`, `getAllByText`, or `findAllByText`)).

Ignored nodes: comments, script, style
[36m<body[39m
  [33mdata-scroll-locked[39m=[32m"1"[39m
  [33mstyle[39m=[32m"pointer-events: none;"[39m
[36m>[39m
  [36m<span[39m
    [33maria-hidden[39m=[32m"true"[39m
    [33mdata-aria-hidden[39m=[32m"true"[39m
    [33mdata-radix-focus-guard[39m=[32m""[39m
    [33mstyle[39m=[32m"outline: none; opacity: 0; position: fixed; 
pointer-events: none;"[39m
    [33mtabindex[39m=[32m"0"[39m
  [36m/>[39m
  [36m<div[39m
    [33maria-hidden[39m=[32m"true"[39m
    [33mdata-aria-hidden[39m=[32m"true"[39m
  [36m/>[39m
  [36m<div[39m
    [33maria-hidden[39m=[32m"true"[39m
    [33mclass[39m=[32m"data-[state=open]:animate-in 
data-[state=closed]:animate-out data-[state=closed]:fade-out-0 
data-[state=open]:fade-in-0 fixed inset-0 z-50 bg-black/50"[39m
    [33mdata-aria-hidden[39m=[32m"true"[39m
    [33mdata-slot[39m=[32m"alert-dialog-overlay"[39m
    [33mdata-state[39m=[32m"open"[39m
    [33mstyle[39m=[32m"pointer-events: auto;"[39m
  [36m/>[39m
  [36m<div[39m
    [33maria-describedby[39m=[32m"radix-:r1c:"[39m
    [33maria-labelledby[39m=[32m"radix-:r1b:"[39m
    [33mclass[39m=[32m"bg-background data-[state=open]:animate-in 
data-[state=closed]:animate-out data-[state=closed]:fade-out-0 
data-[state=open]:fade-in-0 data-[state=closed]:zoom-out-95 
data-[state=open]:zoom-in-95 fixed top-[50%] left-[50%] z-50 grid w-full 
translate-x-[-50%] translate-y-[-50%] gap-4 rounded-lg border p-6 
shadow-lg duration-200 sm:max-w-lg max-w-md"[39m
    [33mdata-slot[39m=[32m"alert-dialog-content"[39m
    [33mdata-state[39m=[32m"open"[39m
    [33mid[39m=[32m"radix-:r1a:"[39m
    [33mrole[39m=[32m"alertdialog"[39m
    [33mstyle[39m=[32m"pointer-events: auto;"[39m
    [33mtabindex[39m=[32m"-1"[39m
  [36m>[39m
    [36m<div[39m
      [33mclass[39m=[32m"flex flex-col gap-2 text-center 
sm:text-left"[39m
      [33mdata-slot[39m=[32m"alert-dialog-header"[39m
    [36m>[39m
      [36m<h2[39m
        [33mclass[39m=[32m"text-lg font-semibold flex items-center 
gap-2"[39m
        [33mdata-slot[39m=[32m"alert-dialog-title"[39m
        [33mid[39m=[32m"radix-:r1b:"[39m
      [36m>[39m
        [36m<svg[39m
          [33mclass[39m=[32m"lucide lucide-triangle-alert h-5 w-5 
text-amber-600"[39m
          [33mfill[39m=[32m"none"[39m
          [33mheight[39m=[32m"24"[39m
          [33mstroke[39m=[32m"currentColor"[39m
          [33mstroke-linecap[39m=[32m"round"[39m
          [33mstroke-linejoin[39m=[32m"round"[39m
          [33mstroke-width[39m=[32m"2"[39m
          [33mviewBox[39m=[32m"0 0 24 24"[39m
          [33mwidth[39m=[32m"24"[39m
          [33mxmlns[39m=[32m"http://www.w3.org/2000/svg"[39m
        [36m>[39m
          [36m<path[39m
            [33md[39m=[32m"m21.73 18-8-14a2 2 0 0 0-3.48 0l-8 14A2 2 0 
0 0 4 21h16a2 2 0 0 0 1.73-3"[39m
          [36m/>[39m
          [36m<path[39m
            [33md[39m=[32m"M12 9v4"[39m
          [36m/>[39m
          [36m<path[39m
            [33md[39m=[32m"M12 17h.01"[39m
          [36m/>[39m
        [36m</svg>[39m
        [0mFinish Session[0m
      [36m</h2>[39m
      [36m<div[39m
        [33mclass[39m=[32m"text-muted-foreground text-sm space-y-3"[39m
        [33mdata-slot[39m=[32m"alert-dialog-description"[39m
        [33mid[39m=[32m"radix-:r1c:"[39m
      [36m>[39m
        [36m<p>[39m
          [0mAre you sure you want to finish your workout session for[0m
          [0m [0m
          [36m<span[39m
            [33mclass[39m=[32m"font-medium"[39m
          [36m>[39m
            [0mPush Day[0m
          [36m</span>[39m
          [0m?[0m
        [36m</p>[39m
        [36m<div[39m
          [33mclass[39m=[32m"bg-muted/50 rounded-lg p-3 space-y-2"[39m
        [36m>[39m
          [36m<div[39m
            [33mclass[39m=[32m"flex items-center justify-between"[39m
          [36m>[39m
            [36m<span[39m
              [33mclass[39m=[32m"text-sm font-medium"[39m
            [36m>[39m
              [0mProgress[0m
            [36m</span>[39m
            [36m<span[39m
              [33mclass[39m=[32m"inline-flex items-center 
justify-center rounded-md border px-2 py-0.5 text-xs font-medium w-fit 
whitespace-nowrap shrink-0 [&>svg]:size-3 gap-1 
[&>svg]:pointer-events-none focus-visible:border-ring 
focus-visible:ring-ring/50 focus-visible:ring-[3px] 
aria-invalid:ring-destructive/20 dark:aria-invalid:ring-destructive/40 
aria-invalid:border-destructive transition-[color,box-shadow] 
overflow-hidden border-transparent bg-secondary text-secondary-foreground 
[a&]:hover:bg-secondary/90"[39m
              [33mdata-slot[39m=[32m"badge"[39m
            [36m>[39m
              [0m67[0m
              [0m%[0m
            [36m</span>[39m
          [36m</div>[39m
          [36m<div[39m
            [33mclass[39m=[32m"flex items-center gap-2 text-sm"[39m
          [36m>[39m
            [36m<svg[39m
              [33mclass[39m=[32m"lucide lucide-target h-4 w-4 
text-muted-foreground"[39m
              [33mfill[39m=[32m"none"[39m
              [33mheight[39m=[32m"24"[39m
              [33mstroke[39m=[32m"currentColor"[39m
              [33mstroke-linecap[39m=[32m"round"[39m
              [33mstroke-linejoin[39m=[32m"round"[39m
              [33mstroke-width[39m=[32m"2"[39m
              [33mviewBox[39m=[32m"0 0 24 24"[39m
              [33mwidth[39m=[32m"24"[39m
              [33mxmlns[39m=[32m"http://www.w3.org/2000/svg"[39m
            [36m>[39m
              [36m<circle[39m
                [33mcx[39m=[32m"12"[39m
                [33mcy[39m=[32m"12"[39m
                [33mr[39m=[32m"10"[39m
              [36m/>[39m
              [36m<circle[39m
                [33mcx[39m=[32m"12"[39m
                [33mcy[39m=[32m"12"[39m
                [33mr[39m=[32m"6"[39m
              [36m/>[39m
              [36m<circle[39m
                [33mcx[39m=[32m"12"[39m
                [33mcy[39m=[32m"12"[39m
                [33mr[39m=[32m"2"[39m
              [36m/>[39m
            [36m</svg>[39m
            [36m<span>[39m
              [0m8[0m
              [0m of [0m
              [0m12[0m
              [0m sets completed[0m
            [36m</span>[39m
          [36m</div>[39m
          [36m<div[39m
            [33mclass[39m=[32m"flex items-center gap-2 text-sm 
text-amber-700 dark:text-amber-300"[39m
          [36m>[39m
            [36m<svg[39m
              [33mclass[39m=[32m"lucide lucide-triangle-alert h-4 
w-4"[39m
              [33mfill[39m=[32m"none"[39m
              [33mheight[39m=[32m"24"[39m
              [33mstroke[39m=[32m"currentColor"[39m
              [33mstroke-linecap[39m=[32m"round"[39m
              [33mstroke-linejoin[39m=[32m"round"[39m
              [33mstroke-width[39m=[32m"2"[39m
              [33mviewBox[39m=[32m"0 0 24 24"[39m
              [33mwidth[39m=[32m"24"[39m
              [33mxmlns[39m=[32m"http://www.w3.org/2000/svg"[39m
            [36m>[39m
              [36m<path[39m
                [33md[39m=[32m"m21.73 18-8-14a2 2 0 0 0-3.48 0l-8 14A2 
2 0 0 0 4 21h16a2 2 0 0 0 1.73-3"[39m
              [36m/>[39m
              [36m<path[39m
                [33md[39m=[32m"M12 9v4"[39m
              [36m/>[39m
              [36m<path[39m
                [33md[39m=[32m"M12 17h.01"[39m
              [36m/>[39m
            [36m</svg>[39m
            [36m<span>[39m
              [0m4[0m
              [0m set[0m
              [0ms[0m
              [0m remaining[0m
            [36m</span>[39m
          [36m</div>[39m
        [36m</div>[39m
        [36m<div[39m
          [33mclass[39m=[32m"bg-amber-50 dark:bg-amber-950/20 border 
border-amber-200 dark:border-amber-800 rounded-lg p-3"[39m
        [36m>[39m
          [36m<p[39m
            [33mclass[39m=[32m"text-sm text-amber-800 
dark:text-amber-200"[39m
          [36m>[39m
            [36m<strong>[39m
              [0mNote:[0m
            [36m</strong>[39m
            [0m Finishing with incomplete sets will still save your 
progress, but you won't get the full benefit of the workout.[0m
          [36m</p>[39m
        [36m</div>[39m
      [36m</div>[39m
    [36m</div>[39m
    [36m<div[39m
      [33mclass[39m=[32m"flex flex-col-reverse gap-2 sm:flex-row 
sm:justify-end"[39m
      [33mdata-slot[39m=[32m"alert-dialog-footer"[39m
    [36m>[39m
      [36m<button[39m
        [33mclass[39m=[32m"inline-flex items-center justify-center 
gap-2 whitespace-nowrap rounded-md text-sm font-medium transition-all 
disabled:pointer-events-none disabled:opacity-50 
[&_svg]:pointer-events-none [&_svg:not([class*='size-'])]:size-4 shrink-0 
[&_svg]:shrink-0 outline-none focus-visible:border-ring 
focus-visible:ring-ring/50 focus-visible:ring-[3px] 
aria-invalid:ring-destructive/20 dark:aria-invalid:ring-destructive/40 
aria-invalid:border-destructive active:translate-y-[1px] border 
bg-background shadow-xs hover:bg-accent hover:text-accent-foreground 
dark:bg-input/30 dark:border-input dark:hover:bg-input/50 h-9 px-4 py-2 
has-[>svg]:px-3"[39m
        [33mtype[39m=[32m"button"[39m
      [36m>[39m
        [0mCancel[0m
      [36m</button>[39m
      [36m<button[39m
        [33mclass[39m=[32m"inline-flex items-center justify-center 
gap-2 whitespace-nowrap rounded-md text-sm font-medium transition-all 
disabled:pointer-events-none disabled:opacity-50 
[&_svg]:pointer-events-none [&_svg:not([class*='size-'])]:size-4 shrink-0 
[&_svg]:shrink-0 outline-none focus-visible:border-ring 
focus-visible:ring-ring/50 focus-visible:ring-[3px] 
aria-invalid:ring-destructive/20 dark:aria-invalid:ring-destructive/40 
aria-invalid:border-destructive active:translate-y-[1px] 
text-primary-foreground shadow-xs h-9 px-4 py-2 has-[>svg]:px-3 
bg-amber-600 hover:bg-amber-700 dark:bg-amber-700 
dark:hover:bg-amber-800"[39m
        [33mtype[39m=[32m"button"[39m
      [36m>[39m
        [0mFinish Session[0m
      [36m</button>[39m
    [36m</div>[39m
  [36m</div>[39m
  [36m<span[39m
    [33maria-hidden[39m=[32m"true"[39m
    [33mdata-aria-hidden[39m=[32m"true"[39m
    [33mdata-radix-focus-guard[39m=[32m""[39m
    [33mstyle[39m=[32m"outline: none; opacity: 0; position: fixed; 
pointer-events: none;"[39m
    [33mtabindex[39m=[32m"0"[39m
  [36m/>[39m
[36m</body>[39m
[90m [2mÔØ»[22m Object.getElementError 
node_modules/@testing-library/dom/dist/config.js:[2m37:19[22m[39m
[90m [2mÔØ»[22m getElementError 
node_modules/@testing-library/dom/dist/query-helpers.js:[2m20:35[22m[39m
[90m [2mÔØ»[22m getMultipleElementsFoundError 
node_modules/@testing-library/dom/dist/query-helpers.js:[2m23:10[22m[39m
[90m [2mÔØ»[22m 
node_modules/@testing-library/dom/dist/query-helpers.js:[2m55:13[22m[39m
[90m [2mÔØ»[22m 
node_modules/@testing-library/dom/dist/query-helpers.js:[2m95:19[22m[39m
[36m [2mÔØ»[22m __tests__/components/workout/session-confirmation-dialog
.test.tsx:[2m178:31[22m[39m
    [90m176| [39m
    [90m177| [39m  [35mconst[39m cancelButton [33m=[39m 
screen[33m.[39m[34mgetByText[39m([32m'Cancel'[39m)
    [90m178| [39m  [35mconst[39m finishButton [33m=[39m 
screen[33m.[39m[34mgetByText[39m([32m'Finish Session'[39m)
    [90m   | [39m                              [31m^[39m
    [90m179| [39m
    [90m180| [39m  [90m// Test Tab navigation[39m

[31m[2mÔÄ»ÔÄ»ÔÄ»ÔÄ»ÔÄ»ÔÄ»ÔÄ»ÔÄ»ÔÄ»ÔÄ»ÔÄ»ÔÄ»ÔÄ»ÔÄ»ÔÄ»ÔÄ»ÔÄ»ÔÄ»ÔÄ»ÔÄ»ÔÄ»ÔÄ»
[12/16]ÔÄ»[22m[39m

[31m[1m[7m FAIL [27m[22m[39m 
__tests__/components/workout/session-confirmation-dialog.test.tsx[2m > 
[22mSessionConfirmationDialog[2m > [22mshould be accessible with proper 
ARIA attributes
[31m[1mTestingLibraryElementError[22m[39m: Unable to find an 
accessible element with the role "dialog"

Here are the accessible roles:

  alertdialog:

  Name "Finish Session":
  [36m<div[39m
    [33maria-describedby[39m=[32m"radix-:r1i:"[39m
    [33maria-labelledby[39m=[32m"radix-:r1h:"[39m
    [33mclass[39m=[32m"bg-background data-[state=open]:animate-in 
data-[state=closed]:animate-out data-[state=closed]:fade-out-0 
data-[state=open]:fade-in-0 data-[state=closed]:zoom-out-95 
data-[state=open]:zoom-in-95 fixed top-[50%] left-[50%] z-50 grid w-full 
translate-x-[-50%] translate-y-[-50%] gap-4 rounded-lg border p-6 
shadow-lg duration-200 sm:max-w-lg max-w-md"[39m
    [33mdata-slot[39m=[32m"alert-dialog-content"[39m
    [33mdata-state[39m=[32m"open"[39m
    [33mid[39m=[32m"radix-:r1g:"[39m
    [33mrole[39m=[32m"alertdialog"[39m
    [33mstyle[39m=[32m"pointer-events: auto;"[39m
    [33mtabindex[39m=[32m"-1"[39m
  [36m/>[39m

  --------------------------------------------------
  heading:

  Name "Finish Session":
  [36m<h2[39m
    [33mclass[39m=[32m"text-lg font-semibold flex items-center 
gap-2"[39m
    [33mdata-slot[39m=[32m"alert-dialog-title"[39m
    [33mid[39m=[32m"radix-:r1h:"[39m
  [36m/>[39m

  --------------------------------------------------
  paragraph:

  Name "":
  [36m<p />[39m

  Name "":
  [36m<p[39m
    [33mclass[39m=[32m"text-sm text-amber-800 dark:text-amber-200"[39m
  [36m/>[39m

  --------------------------------------------------
  strong:

  Name "":
  [36m<strong />[39m

  --------------------------------------------------
  button:

  Name "Cancel":
  [36m<button[39m
    [33mclass[39m=[32m"inline-flex items-center justify-center gap-2 
whitespace-nowrap rounded-md text-sm font-medium transition-all 
disabled:pointer-events-none disabled:opacity-50 
[&_svg]:pointer-events-none [&_svg:not([class*='size-'])]:size-4 shrink-0 
[&_svg]:shrink-0 outline-none focus-visible:border-ring 
focus-visible:ring-ring/50 focus-visible:ring-[3px] 
aria-invalid:ring-destructive/20 dark:aria-invalid:ring-destructive/40 
aria-invalid:border-destructive active:translate-y-[1px] border 
bg-background shadow-xs hover:bg-accent hover:text-accent-foreground 
dark:bg-input/30 dark:border-input dark:hover:bg-input/50 h-9 px-4 py-2 
has-[>svg]:px-3"[39m
    [33mtype[39m=[32m"button"[39m
  [36m/>[39m

  Name "Finish Session":
  [36m<button[39m
    [33mclass[39m=[32m"inline-flex items-center justify-center gap-2 
whitespace-nowrap rounded-md text-sm font-medium transition-all 
disabled:pointer-events-none disabled:opacity-50 
[&_svg]:pointer-events-none [&_svg:not([class*='size-'])]:size-4 shrink-0 
[&_svg]:shrink-0 outline-none focus-visible:border-ring 
focus-visible:ring-ring/50 focus-visible:ring-[3px] 
aria-invalid:ring-destructive/20 dark:aria-invalid:ring-destructive/40 
aria-invalid:border-destructive active:translate-y-[1px] 
text-primary-foreground shadow-xs h-9 px-4 py-2 has-[>svg]:px-3 
bg-amber-600 hover:bg-amber-700 dark:bg-amber-700 
dark:hover:bg-amber-800"[39m
    [33mtype[39m=[32m"button"[39m
  [36m/>[39m

  --------------------------------------------------

Ignored nodes: comments, script, style
[36m<body[39m
  [33mdata-scroll-locked[39m=[32m"1"[39m
  [33mstyle[39m=[32m"pointer-events: none;"[39m
[36m>[39m
  [36m<span[39m
    [33maria-hidden[39m=[32m"true"[39m
    [33mdata-aria-hidden[39m=[32m"true"[39m
    [33mdata-radix-focus-guard[39m=[32m""[39m
    [33mstyle[39m=[32m"outline: none; opacity: 0; position: fixed; 
pointer-events: none;"[39m
    [33mtabindex[39m=[32m"0"[39m
  [36m/>[39m
  [36m<div[39m
    [33maria-hidden[39m=[32m"true"[39m
    [33mdata-aria-hidden[39m=[32m"true"[39m
  [36m/>[39m
  [36m<div[39m
    [33maria-hidden[39m=[32m"true"[39m
    [33mclass[39m=[32m"data-[state=open]:animate-in 
data-[state=closed]:animate-out data-[state=closed]:fade-out-0 
data-[state=open]:fade-in-0 fixed inset-0 z-50 bg-black/50"[39m
    [33mdata-aria-hidden[39m=[32m"true"[39m
    [33mdata-slot[39m=[32m"alert-dialog-overlay"[39m
    [33mdata-state[39m=[32m"open"[39m
    [33mstyle[39m=[32m"pointer-events: auto;"[39m
  [36m/>[39m
  [36m<div[39m
    [33maria-describedby[39m=[32m"radix-:r1i:"[39m
    [33maria-labelledby[39m=[32m"radix-:r1h:"[39m
    [33mclass[39m=[32m"bg-background data-[state=open]:animate-in 
data-[state=closed]:animate-out data-[state=closed]:fade-out-0 
data-[state=open]:fade-in-0 data-[state=closed]:zoom-out-95 
data-[state=open]:zoom-in-95 fixed top-[50%] left-[50%] z-50 grid w-full 
translate-x-[-50%] translate-y-[-50%] gap-4 rounded-lg border p-6 
shadow-lg duration-200 sm:max-w-lg max-w-md"[39m
    [33mdata-slot[39m=[32m"alert-dialog-content"[39m
    [33mdata-state[39m=[32m"open"[39m
    [33mid[39m=[32m"radix-:r1g:"[39m
    [33mrole[39m=[32m"alertdialog"[39m
    [33mstyle[39m=[32m"pointer-events: auto;"[39m
    [33mtabindex[39m=[32m"-1"[39m
  [36m>[39m
    [36m<div[39m
      [33mclass[39m=[32m"flex flex-col gap-2 text-center 
sm:text-left"[39m
      [33mdata-slot[39m=[32m"alert-dialog-header"[39m
    [36m>[39m
      [36m<h2[39m
        [33mclass[39m=[32m"text-lg font-semibold flex items-center 
gap-2"[39m
        [33mdata-slot[39m=[32m"alert-dialog-title"[39m
        [33mid[39m=[32m"radix-:r1h:"[39m
      [36m>[39m
        [36m<svg[39m
          [33mclass[39m=[32m"lucide lucide-triangle-alert h-5 w-5 
text-amber-600"[39m
          [33mfill[39m=[32m"none"[39m
          [33mheight[39m=[32m"24"[39m
          [33mstroke[39m=[32m"currentColor"[39m
          [33mstroke-linecap[39m=[32m"round"[39m
          [33mstroke-linejoin[39m=[32m"round"[39m
          [33mstroke-width[39m=[32m"2"[39m
          [33mviewBox[39m=[32m"0 0 24 24"[39m
          [33mwidth[39m=[32m"24"[39m
          [33mxmlns[39m=[32m"http://www.w3.org/2000/svg"[39m
        [36m>[39m
          [36m<path[39m
            [33md[39m=[32m"m21.73 18-8-14a2 2 0 0 0-3.48 0l-8 14A2 2 0 
0 0 4 21h16a2 2 0 0 0 1.73-3"[39m
          [36m/>[39m
          [36m<path[39m
            [33md[39m=[32m"M12 9v4"[39m
          [36m/>[39m
          [36m<path[39m
            [33md[39m=[32m"M12 17h.01"[39m
          [36m/>[39m
        [36m</svg>[39m
        [0mFinish Session[0m
      [36m</h2>[39m
      [36m<div[39m
        [33mclass[39m=[32m"text-muted-foreground text-sm space-y-3"[39m
        [33mdata-slot[39m=[32m"alert-dialog-description"[39m
        [33mid[39m=[32m"radix-:r1i:"[39m
      [36m>[39m
        [36m<p>[39m
          [0mAre you sure you want to finish your workout session for[0m
          [0m [0m
          [36m<span[39m
            [33mclass[39m=[32m"font-medium"[39m
          [36m>[39m
            [0mPush Day[0m
          [36m</span>[39m
          [0m?[0m
        [36m</p>[39m
        [36m<div[39m
          [33mclass[39m=[32m"bg-muted/50 rounded-lg p-3 space-y-2"[39m
        [36m>[39m
          [36m<div[39m
            [33mclass[39m=[32m"flex items-center justify-between"[39m
          [36m>[39m
            [36m<span[39m
              [33mclass[39m=[32m"text-sm font-medium"[39m
            [36m>[39m
              [0mProgress[0m
            [36m</span>[39m
            [36m<span[39m
              [33mclass[39m=[32m"inline-flex items-center 
justify-center rounded-md border px-2 py-0.5 text-xs font-medium w-fit 
whitespace-nowrap shrink-0 [&>svg]:size-3 gap-1 
[&>svg]:pointer-events-none focus-visible:border-ring 
focus-visible:ring-ring/50 focus-visible:ring-[3px] 
aria-invalid:ring-destructive/20 dark:aria-invalid:ring-destructive/40 
aria-invalid:border-destructive transition-[color,box-shadow] 
overflow-hidden border-transparent bg-secondary text-secondary-foreground 
[a&]:hover:bg-secondary/90"[39m
              [33mdata-slot[39m=[32m"badge"[39m
            [36m>[39m
              [0m67[0m
              [0m%[0m
            [36m</span>[39m
          [36m</div>[39m
          [36m<div[39m
            [33mclass[39m=[32m"flex items-center gap-2 text-sm"[39m
          [36m>[39m
            [36m<svg[39m
              [33mclass[39m=[32m"lucide lucide-target h-4 w-4 
text-muted-foreground"[39m
              [33mfill[39m=[32m"none"[39m
              [33mheight[39m=[32m"24"[39m
              [33mstroke[39m=[32m"currentColor"[39m
              [33mstroke-linecap[39m=[32m"round"[39m
              [33mstroke-linejoin[39m=[32m"round"[39m
              [33mstroke-width[39m=[32m"2"[39m
              [33mviewBox[39m=[32m"0 0 24 24"[39m
              [33mwidth[39m=[32m"24"[39m
              [33mxmlns[39m=[32m"http://www.w3.org/2000/svg"[39m
            [36m>[39m
              [36m<circle[39m
                [33mcx[39m=[32m"12"[39m
                [33mcy[39m=[32m"12"[39m
                [33mr[39m=[32m"10"[39m
              [36m/>[39m
              [36m<circle[39m
                [33mcx[39m=[32m"12"[39m
                [33mcy[39m=[32m"12"[39m
                [33mr[39m=[32m"6"[39m
              [36m/>[39m
              [36m<circle[39m
                [33mcx[39m=[32m"12"[39m
                [33mcy[39m=[32m"12"[39m
                [33mr[39m=[32m"2"[39m
              [36m/>[39m
            [36m</svg>[39m
            [36m<span>[39m
              [0m8[0m
              [0m of [0m
              [0m12[0m
              [0m sets completed[0m
            [36m</span>[39m
          [36m</div>[39m
          [36m<div[39m
            [33mclass[39m=[32m"flex items-center gap-2 text-sm 
text-amber-700 dark:text-amber-300"[39m
          [36m>[39m
            [36m<svg[39m
              [33mclass[39m=[32m"lucide lucide-triangle-alert h-4 
w-4"[39m
              [33mfill[39m=[32m"none"[39m
              [33mheight[39m=[32m"24"[39m
              [33mstroke[39m=[32m"currentColor"[39m
              [33mstroke-linecap[39m=[32m"round"[39m
              [33mstroke-linejoin[39m=[32m"round"[39m
              [33mstroke-width[39m=[32m"2"[39m
              [33mviewBox[39m=[32m"0 0 24 24"[39m
              [33mwidth[39m=[32m"24"[39m
              [33mxmlns[39m=[32m"http://www.w3.org/2000/svg"[39m
            [36m>[39m
              [36m<path[39m
                [33md[39m=[32m"m21.73 18-8-14a2 2 0 0 0-3.48 0l-8 14A2 
2 0 0 0 4 21h16a2 2 0 0 0 1.73-3"[39m
              [36m/>[39m
              [36m<path[39m
                [33md[39m=[32m"M12 9v4"[39m
              [36m/>[39m
              [36m<path[39m
                [33md[39m=[32m"M12 17h.01"[39m
              [36m/>[39m
            [36m</svg>[39m
            [36m<span>[39m
              [0m4[0m
              [0m set[0m
              [0ms[0m
              [0m remaining[0m
            [36m</span>[39m
          [36m</div>[39m
        [36m</div>[39m
        [36m<div[39m
          [33mclass[39m=[32m"bg-amber-50 dark:bg-amber-950/20 border 
border-amber-200 dark:border-amber-800 rounded-lg p-3"[39m
        [36m>[39m
          [36m<p[39m
            [33mclass[39m=[32m"text-sm text-amber-800 
dark:text-amber-200"[39m
          [36m>[39m
            [36m<strong>[39m
              [0mNote:[0m
            [36m</strong>[39m
            [0m Finishing with incomplete sets will still save your 
progress, but you won't get the full benefit of the workout.[0m
          [36m</p>[39m
        [36m</div>[39m
      [36m</div>[39m
    [36m</div>[39m
    [36m<div[39m
      [33mclass[39m=[32m"flex flex-col-reverse gap-2 sm:flex-row 
sm:justify-end"[39m
      [33mdata-slot[39m=[32m"alert-dialog-footer"[39m
    [36m>[39m
      [36m<button[39m
        [33mclass[39m=[32m"inline-flex items-center justify-center 
gap-2 whitespace-nowrap rounded-md text-sm font-medium transition-all 
disabled:pointer-events-none disabled:opacity-50 
[&_svg]:pointer-events-none [&_svg:not([class*='size-'])]:size-4 shrink-0 
[&_svg]:shrink-0 outline-none focus-visible:border-ring 
focus-visible:ring-ring/50 focus-visible:ring-[3px] 
aria-invalid:ring-destructive/20 dark:aria-invalid:ring-destructive/40 
aria-invalid:border-destructive active:translate-y-[1px] border 
bg-background shadow-xs hover:bg-accent hover:text-accent-foreground 
dark:bg-input/30 dark:border-input dark:hover:bg-input/50 h-9 px-4 py-2 
has-[>svg]:px-3"[39m
        [33mtype[39m=[32m"button"[39m
      [36m>[39m
        [0mCancel[0m
      [36m</button>[39m
      [36m<button[39m
        [33mclass[39m=[32m"inline-flex items-center justify-center 
gap-2 whitespace-nowrap rounded-md text-sm font-medium transition-all 
disabled:pointer-events-none disabled:opacity-50 
[&_svg]:pointer-events-none [&_svg:not([class*='size-'])]:size-4 shrink-0 
[&_svg]:shrink-0 outline-none focus-visible:border-ring 
focus-visible:ring-ring/50 focus-visible:ring-[3px] 
aria-invalid:ring-destructive/20 dark:aria-invalid:ring-destructive/40 
aria-invalid:border-destructive active:translate-y-[1px] 
text-primary-foreground shadow-xs h-9 px-4 py-2 has-[>svg]:px-3 
bg-amber-600 hover:bg-amber-700 dark:bg-amber-700 
dark:hover:bg-amber-800"[39m
        [33mtype[39m=[32m"button"[39m
      [36m>[39m
        [0mFinish Session[0m
      [36m</button>[39m
    [36m</div>[39m
  [36m</div>[39m
  [36m<span[39m
    [33maria-hidden[39m=[32m"true"[39m
    [33mdata-aria-hidden[39m=[32m"true"[39m
    [33mdata-radix-focus-guard[39m=[32m""[39m
    [33mstyle[39m=[32m"outline: none; opacity: 0; position: fixed; 
pointer-events: none;"[39m
    [33mtabindex[39m=[32m"0"[39m
  [36m/>[39m
[36m</body>[39m
[90m [2mÔØ»[22m Object.getElementError 
node_modules/@testing-library/dom/dist/config.js:[2m37:19[22m[39m
[90m [2mÔØ»[22m 
node_modules/@testing-library/dom/dist/query-helpers.js:[2m76:38[22m[39m
[90m [2mÔØ»[22m 
node_modules/@testing-library/dom/dist/query-helpers.js:[2m52:17[22m[39m
[90m [2mÔØ»[22m 
node_modules/@testing-library/dom/dist/query-helpers.js:[2m95:19[22m[39m
[36m [2mÔØ»[22m __tests__/components/workout/session-confirmation-dialog
.test.tsx:[2m203:25[22m[39m
    [90m201| [39m  
[34mrender[39m([33m<[39m[33mSessionConfirmationDialog[39m 
[33m{[39m[33m...[39mdefaultProps[33m}[39m [33m/[39m[33m>[39m)
    [90m202| [39m
    [90m203| [39m  [35mconst[39m dialog [33m=[39m 
screen[33m.[39m[34mgetByRole[39m([32m'dialog'[39m)
    [90m   | [39m                        [31m^[39m
    [90m204| [39m  [34mexpect[39m(dialog)[33m.[39m[34mtoHaveAttribut
e[39m([32m'aria-labelledby'[39m)
    [90m205| [39m  [34mexpect[39m(dialog)[33m.[39m[34mtoHaveAttribut
e[39m([32m'aria-describedby'[39m)

[31m[2mÔÄ»ÔÄ»ÔÄ»ÔÄ»ÔÄ»ÔÄ»ÔÄ»ÔÄ»ÔÄ»ÔÄ»ÔÄ»ÔÄ»ÔÄ»ÔÄ»ÔÄ»ÔÄ»ÔÄ»ÔÄ»ÔÄ»ÔÄ»ÔÄ»ÔÄ»
[13/16]ÔÄ»[22m[39m

[31m[1m[7m FAIL [27m[22m[39m 
__tests__/components/workout/session-confirmation-dialog.test.tsx[2m > 
[22mSessionConfirmationDialog[2m > [22mshould show different button 
states correctly
[31m[1mTestingLibraryElementError[22m[39m: Found multiple elements 
with the text: Finish Session

Here are the matching elements:

Ignored nodes: comments, script, style
[36m<h2[39m
  [33mclass[39m=[32m"text-lg font-semibold flex items-center gap-2"[39m
  [33mdata-slot[39m=[32m"alert-dialog-title"[39m
  [33mid[39m=[32m"radix-:r1n:"[39m
[36m>[39m
  [36m<svg[39m
    [33mclass[39m=[32m"lucide lucide-triangle-alert h-5 w-5 
text-amber-600"[39m
    [33mfill[39m=[32m"none"[39m
    [33mheight[39m=[32m"24"[39m
    [33mstroke[39m=[32m"currentColor"[39m
    [33mstroke-linecap[39m=[32m"round"[39m
    [33mstroke-linejoin[39m=[32m"round"[39m
    [33mstroke-width[39m=[32m"2"[39m
    [33mviewBox[39m=[32m"0 0 24 24"[39m
    [33mwidth[39m=[32m"24"[39m
    [33mxmlns[39m=[32m"http://www.w3.org/2000/svg"[39m
  [36m>[39m
    [36m<path[39m
      [33md[39m=[32m"m21.73 18-8-14a2 2 0 0 0-3.48 0l-8 14A2 2 0 0 0 4 
21h16a2 2 0 0 0 1.73-3"[39m
    [36m/>[39m
    [36m<path[39m
      [33md[39m=[32m"M12 9v4"[39m
    [36m/>[39m
    [36m<path[39m
      [33md[39m=[32m"M12 17h.01"[39m
    [36m/>[39m
  [36m</svg>[39m
  [0mFinish Session[0m
[36m</h2>[39m

Ignored nodes: comments, script, style
[36m<button[39m
  [33mclass[39m=[32m"inline-flex items-center justify-center gap-2 
whitespace-nowrap rounded-md text-sm font-medium transition-all 
disabled:pointer-events-none disabled:opacity-50 
[&_svg]:pointer-events-none [&_svg:not([class*='size-'])]:size-4 shrink-0 
[&_svg]:shrink-0 outline-none focus-visible:border-ring 
focus-visible:ring-ring/50 focus-visible:ring-[3px] 
aria-invalid:ring-destructive/20 dark:aria-invalid:ring-destructive/40 
aria-invalid:border-destructive active:translate-y-[1px] 
text-primary-foreground shadow-xs h-9 px-4 py-2 has-[>svg]:px-3 
bg-amber-600 hover:bg-amber-700 dark:bg-amber-700 
dark:hover:bg-amber-800"[39m
  [33mtype[39m=[32m"button"[39m
[36m>[39m
  [0mFinish Session[0m
[36m</button>[39m

(If this is intentional, then use the `*AllBy*` variant of the query (like 
`queryAllByText`, `getAllByText`, or `findAllByText`)).

Ignored nodes: comments, script, style
[36m<body[39m
  [33mdata-scroll-locked[39m=[32m"1"[39m
  [33mstyle[39m=[32m"pointer-events: none;"[39m
[36m>[39m
  [36m<span[39m
    [33maria-hidden[39m=[32m"true"[39m
    [33mdata-aria-hidden[39m=[32m"true"[39m
    [33mdata-radix-focus-guard[39m=[32m""[39m
    [33mstyle[39m=[32m"outline: none; opacity: 0; position: fixed; 
pointer-events: none;"[39m
    [33mtabindex[39m=[32m"0"[39m
  [36m/>[39m
  [36m<div[39m
    [33maria-hidden[39m=[32m"true"[39m
    [33mdata-aria-hidden[39m=[32m"true"[39m
  [36m/>[39m
  [36m<div[39m
    [33maria-hidden[39m=[32m"true"[39m
    [33mclass[39m=[32m"data-[state=open]:animate-in 
data-[state=closed]:animate-out data-[state=closed]:fade-out-0 
data-[state=open]:fade-in-0 fixed inset-0 z-50 bg-black/50"[39m
    [33mdata-aria-hidden[39m=[32m"true"[39m
    [33mdata-slot[39m=[32m"alert-dialog-overlay"[39m
    [33mdata-state[39m=[32m"open"[39m
    [33mstyle[39m=[32m"pointer-events: auto;"[39m
  [36m/>[39m
  [36m<div[39m
    [33maria-describedby[39m=[32m"radix-:r1o:"[39m
    [33maria-labelledby[39m=[32m"radix-:r1n:"[39m
    [33mclass[39m=[32m"bg-background data-[state=open]:animate-in 
data-[state=closed]:animate-out data-[state=closed]:fade-out-0 
data-[state=open]:fade-in-0 data-[state=closed]:zoom-out-95 
data-[state=open]:zoom-in-95 fixed top-[50%] left-[50%] z-50 grid w-full 
translate-x-[-50%] translate-y-[-50%] gap-4 rounded-lg border p-6 
shadow-lg duration-200 sm:max-w-lg max-w-md"[39m
    [33mdata-slot[39m=[32m"alert-dialog-content"[39m
    [33mdata-state[39m=[32m"open"[39m
    [33mid[39m=[32m"radix-:r1m:"[39m
    [33mrole[39m=[32m"alertdialog"[39m
    [33mstyle[39m=[32m"pointer-events: auto;"[39m
    [33mtabindex[39m=[32m"-1"[39m
  [36m>[39m
    [36m<div[39m
      [33mclass[39m=[32m"flex flex-col gap-2 text-center 
sm:text-left"[39m
      [33mdata-slot[39m=[32m"alert-dialog-header"[39m
    [36m>[39m
      [36m<h2[39m
        [33mclass[39m=[32m"text-lg font-semibold flex items-center 
gap-2"[39m
        [33mdata-slot[39m=[32m"alert-dialog-title"[39m
        [33mid[39m=[32m"radix-:r1n:"[39m
      [36m>[39m
        [36m<svg[39m
          [33mclass[39m=[32m"lucide lucide-triangle-alert h-5 w-5 
text-amber-600"[39m
          [33mfill[39m=[32m"none"[39m
          [33mheight[39m=[32m"24"[39m
          [33mstroke[39m=[32m"currentColor"[39m
          [33mstroke-linecap[39m=[32m"round"[39m
          [33mstroke-linejoin[39m=[32m"round"[39m
          [33mstroke-width[39m=[32m"2"[39m
          [33mviewBox[39m=[32m"0 0 24 24"[39m
          [33mwidth[39m=[32m"24"[39m
          [33mxmlns[39m=[32m"http://www.w3.org/2000/svg"[39m
        [36m>[39m
          [36m<path[39m
            [33md[39m=[32m"m21.73 18-8-14a2 2 0 0 0-3.48 0l-8 14A2 2 0 
0 0 4 21h16a2 2 0 0 0 1.73-3"[39m
          [36m/>[39m
          [36m<path[39m
            [33md[39m=[32m"M12 9v4"[39m
          [36m/>[39m
          [36m<path[39m
            [33md[39m=[32m"M12 17h.01"[39m
          [36m/>[39m
        [36m</svg>[39m
        [0mFinish Session[0m
      [36m</h2>[39m
      [36m<div[39m
        [33mclass[39m=[32m"text-muted-foreground text-sm space-y-3"[39m
        [33mdata-slot[39m=[32m"alert-dialog-description"[39m
        [33mid[39m=[32m"radix-:r1o:"[39m
      [36m>[39m
        [36m<p>[39m
          [0mAre you sure you want to finish your workout session for[0m
          [0m [0m
          [36m<span[39m
            [33mclass[39m=[32m"font-medium"[39m
          [36m>[39m
            [0mPush Day[0m
          [36m</span>[39m
          [0m?[0m
        [36m</p>[39m
        [36m<div[39m
          [33mclass[39m=[32m"bg-muted/50 rounded-lg p-3 space-y-2"[39m
        [36m>[39m
          [36m<div[39m
            [33mclass[39m=[32m"flex items-center justify-between"[39m
          [36m>[39m
            [36m<span[39m
              [33mclass[39m=[32m"text-sm font-medium"[39m
            [36m>[39m
              [0mProgress[0m
            [36m</span>[39m
            [36m<span[39m
              [33mclass[39m=[32m"inline-flex items-center 
justify-center rounded-md border px-2 py-0.5 text-xs font-medium w-fit 
whitespace-nowrap shrink-0 [&>svg]:size-3 gap-1 
[&>svg]:pointer-events-none focus-visible:border-ring 
focus-visible:ring-ring/50 focus-visible:ring-[3px] 
aria-invalid:ring-destructive/20 dark:aria-invalid:ring-destructive/40 
aria-invalid:border-destructive transition-[color,box-shadow] 
overflow-hidden border-transparent bg-secondary text-secondary-foreground 
[a&]:hover:bg-secondary/90"[39m
              [33mdata-slot[39m=[32m"badge"[39m
            [36m>[39m
              [0m67[0m
              [0m%[0m
            [36m</span>[39m
          [36m</div>[39m
          [36m<div[39m
            [33mclass[39m=[32m"flex items-center gap-2 text-sm"[39m
          [36m>[39m
            [36m<svg[39m
              [33mclass[39m=[32m"lucide lucide-target h-4 w-4 
text-muted-foreground"[39m
              [33mfill[39m=[32m"none"[39m
              [33mheight[39m=[32m"24"[39m
              [33mstroke[39m=[32m"currentColor"[39m
              [33mstroke-linecap[39m=[32m"round"[39m
              [33mstroke-linejoin[39m=[32m"round"[39m
              [33mstroke-width[39m=[32m"2"[39m
              [33mviewBox[39m=[32m"0 0 24 24"[39m
              [33mwidth[39m=[32m"24"[39m
              [33mxmlns[39m=[32m"http://www.w3.org/2000/svg"[39m
            [36m>[39m
              [36m<circle[39m
                [33mcx[39m=[32m"12"[39m
                [33mcy[39m=[32m"12"[39m
                [33mr[39m=[32m"10"[39m
              [36m/>[39m
              [36m<circle[39m
                [33mcx[39m=[32m"12"[39m
                [33mcy[39m=[32m"12"[39m
                [33mr[39m=[32m"6"[39m
              [36m/>[39m
              [36m<circle[39m
                [33mcx[39m=[32m"12"[39m
                [33mcy[39m=[32m"12"[39m
                [33mr[39m=[32m"2"[39m
              [36m/>[39m
            [36m</svg>[39m
            [36m<span>[39m
              [0m8[0m
              [0m of [0m
              [0m12[0m
              [0m sets completed[0m
            [36m</span>[39m
          [36m</div>[39m
          [36m<div[39m
            [33mclass[39m=[32m"flex items-center gap-2 text-sm 
text-amber-700 dark:text-amber-300"[39m
          [36m>[39m
            [36m<svg[39m
              [33mclass[39m=[32m"lucide lucide-triangle-alert h-4 
w-4"[39m
              [33mfill[39m=[32m"none"[39m
              [33mheight[39m=[32m"24"[39m
              [33mstroke[39m=[32m"currentColor"[39m
              [33mstroke-linecap[39m=[32m"round"[39m
              [33mstroke-linejoin[39m=[32m"round"[39m
              [33mstroke-width[39m=[32m"2"[39m
              [33mviewBox[39m=[32m"0 0 24 24"[39m
              [33mwidth[39m=[32m"24"[39m
              [33mxmlns[39m=[32m"http://www.w3.org/2000/svg"[39m
            [36m>[39m
              [36m<path[39m
                [33md[39m=[32m"m21.73 18-8-14a2 2 0 0 0-3.48 0l-8 14A2 
2 0 0 0 4 21h16a2 2 0 0 0 1.73-3"[39m
              [36m/>[39m
              [36m<path[39m
                [33md[39m=[32m"M12 9v4"[39m
              [36m/>[39m
              [36m<path[39m
                [33md[39m=[32m"M12 17h.01"[39m
              [36m/>[39m
            [36m</svg>[39m
            [36m<span>[39m
              [0m4[0m
              [0m set[0m
              [0ms[0m
              [0m remaining[0m
            [36m</span>[39m
          [36m</div>[39m
        [36m</div>[39m
        [36m<div[39m
          [33mclass[39m=[32m"bg-amber-50 dark:bg-amber-950/20 border 
border-amber-200 dark:border-amber-800 rounded-lg p-3"[39m
        [36m>[39m
          [36m<p[39m
            [33mclass[39m=[32m"text-sm text-amber-800 
dark:text-amber-200"[39m
          [36m>[39m
            [36m<strong>[39m
              [0mNote:[0m
            [36m</strong>[39m
            [0m Finishing with incomplete sets will still save your 
progress, but you won't get the full benefit of the workout.[0m
          [36m</p>[39m
        [36m</div>[39m
      [36m</div>[39m
    [36m</div>[39m
    [36m<div[39m
      [33mclass[39m=[32m"flex flex-col-reverse gap-2 sm:flex-row 
sm:justify-end"[39m
      [33mdata-slot[39m=[32m"alert-dialog-footer"[39m
    [36m>[39m
      [36m<button[39m
        [33mclass[39m=[32m"inline-flex items-center justify-center 
gap-2 whitespace-nowrap rounded-md text-sm font-medium transition-all 
disabled:pointer-events-none disabled:opacity-50 
[&_svg]:pointer-events-none [&_svg:not([class*='size-'])]:size-4 shrink-0 
[&_svg]:shrink-0 outline-none focus-visible:border-ring 
focus-visible:ring-ring/50 focus-visible:ring-[3px] 
aria-invalid:ring-destructive/20 dark:aria-invalid:ring-destructive/40 
aria-invalid:border-destructive active:translate-y-[1px] border 
bg-background shadow-xs hover:bg-accent hover:text-accent-foreground 
dark:bg-input/30 dark:border-input dark:hover:bg-input/50 h-9 px-4 py-2 
has-[>svg]:px-3"[39m
        [33mtype[39m=[32m"button"[39m
      [36m>[39m
        [0mCancel[0m
      [36m</button>[39m
      [36m<button[39m
        [33mclass[39m=[32m"inline-flex items-center justify-center 
gap-2 whitespace-nowrap rounded-md text-sm font-medium transition-all 
disabled:pointer-events-none disabled:opacity-50 
[&_svg]:pointer-events-none [&_svg:not([class*='size-'])]:size-4 shrink-0 
[&_svg]:shrink-0 outline-none focus-visible:border-ring 
focus-visible:ring-ring/50 focus-visible:ring-[3px] 
aria-invalid:ring-destructive/20 dark:aria-invalid:ring-destructive/40 
aria-invalid:border-destructive active:translate-y-[1px] 
text-primary-foreground shadow-xs h-9 px-4 py-2 has-[>svg]:px-3 
bg-amber-600 hover:bg-amber-700 dark:bg-amber-700 
dark:hover:bg-amber-800"[39m
        [33mtype[39m=[32m"button"[39m
      [36m>[39m
        [0mFinish Session[0m
      [36m</button>[39m
    [36m</div>[39m
  [36m</div>[39m
  [36m<span[39m
    [33maria-hidden[39m=[32m"true"[39m
    [33mdata-aria-hidden[39m=[32m"true"[39m
    [33mdata-radix-focus-guard[39m=[32m""[39m
    [33mstyle[39m=[32m"outline: none; opacity: 0; position: fixed; 
pointer-events: none;"[39m
    [33mtabindex[39m=[32m"0"[39m
  [36m/>[39m
[36m</body>[39m
[90m [2mÔØ»[22m Object.getElementError 
node_modules/@testing-library/dom/dist/config.js:[2m37:19[22m[39m
[90m [2mÔØ»[22m getElementError 
node_modules/@testing-library/dom/dist/query-helpers.js:[2m20:35[22m[39m
[90m [2mÔØ»[22m getMultipleElementsFoundError 
node_modules/@testing-library/dom/dist/query-helpers.js:[2m23:10[22m[39m
[90m [2mÔØ»[22m 
node_modules/@testing-library/dom/dist/query-helpers.js:[2m55:13[22m[39m
[90m [2mÔØ»[22m 
node_modules/@testing-library/dom/dist/query-helpers.js:[2m95:19[22m[39m
[36m [2mÔØ»[22m __tests__/components/workout/session-confirmation-dialog
.test.tsx:[2m227:17[22m[39m
    [90m225| [39m
    [90m226| [39m  [90m// Normal state[39m
    [90m227| [39m  
[34mexpect[39m(screen[33m.[39m[34mgetByText[39m([32m'Finish 
Session'[39m))[33m.[39mnot[33m.[39m[34mtoBeDisabled[39m()
    [90m   | [39m                [31m^[39m
    [90m228| [39m  [34mexpect[39m(screen[33m.[39m[34mgetByText[39m(
[32m'Cancel'[39m))[33m.[39mnot[33m.[39m[34mtoBeDisabled[39m()
    [90m229| [39m

[31m[2mÔÄ»ÔÄ»ÔÄ»ÔÄ»ÔÄ»ÔÄ»ÔÄ»ÔÄ»ÔÄ»ÔÄ»ÔÄ»ÔÄ»ÔÄ»ÔÄ»ÔÄ»ÔÄ»ÔÄ»ÔÄ»ÔÄ»ÔÄ»ÔÄ»ÔÄ»
[14/16]ÔÄ»[22m[39m

[31m[1m[7m FAIL [27m[22m[39m 
__tests__/components/workout/session-confirmation-dialog.test.tsx[2m > 
[22mSessionConfirmationDialog[2m > [22mshould handle edge cases with 
progress data
[31m[1mTestingLibraryElementError[22m[39m: Unable to find an element 
with the text: 95 / 100 sets completed (95%). This could be because the 
text is broken up by multiple elements. In this case, you can provide a 
function for your text matcher to make your matcher more flexible.

Ignored nodes: comments, script, style
[36m<body[39m
  [33mdata-scroll-locked[39m=[32m"1"[39m
  [33mstyle[39m=[32m"pointer-events: none;"[39m
[36m>[39m
  [36m<span[39m
    [33maria-hidden[39m=[32m"true"[39m
    [33mdata-aria-hidden[39m=[32m"true"[39m
    [33mdata-radix-focus-guard[39m=[32m""[39m
    [33mstyle[39m=[32m"outline: none; opacity: 0; position: fixed; 
pointer-events: none;"[39m
    [33mtabindex[39m=[32m"0"[39m
  [36m/>[39m
  [36m<div[39m
    [33maria-hidden[39m=[32m"true"[39m
    [33mdata-aria-hidden[39m=[32m"true"[39m
  [36m/>[39m
  [36m<div[39m
    [33maria-hidden[39m=[32m"true"[39m
    [33mclass[39m=[32m"data-[state=open]:animate-in 
data-[state=closed]:animate-out data-[state=closed]:fade-out-0 
data-[state=open]:fade-in-0 fixed inset-0 z-50 bg-black/50"[39m
    [33mdata-aria-hidden[39m=[32m"true"[39m
    [33mdata-slot[39m=[32m"alert-dialog-overlay"[39m
    [33mdata-state[39m=[32m"open"[39m
    [33mstyle[39m=[32m"pointer-events: auto;"[39m
  [36m/>[39m
  [36m<div[39m
    [33maria-describedby[39m=[32m"radix-:r1r:"[39m
    [33maria-labelledby[39m=[32m"radix-:r1q:"[39m
    [33mclass[39m=[32m"bg-background data-[state=open]:animate-in 
data-[state=closed]:animate-out data-[state=closed]:fade-out-0 
data-[state=open]:fade-in-0 data-[state=closed]:zoom-out-95 
data-[state=open]:zoom-in-95 fixed top-[50%] left-[50%] z-50 grid w-full 
translate-x-[-50%] translate-y-[-50%] gap-4 rounded-lg border p-6 
shadow-lg duration-200 sm:max-w-lg max-w-md"[39m
    [33mdata-slot[39m=[32m"alert-dialog-content"[39m
    [33mdata-state[39m=[32m"open"[39m
    [33mid[39m=[32m"radix-:r1p:"[39m
    [33mrole[39m=[32m"alertdialog"[39m
    [33mstyle[39m=[32m"pointer-events: auto;"[39m
    [33mtabindex[39m=[32m"-1"[39m
  [36m>[39m
    [36m<div[39m
      [33mclass[39m=[32m"flex flex-col gap-2 text-center 
sm:text-left"[39m
      [33mdata-slot[39m=[32m"alert-dialog-header"[39m
    [36m>[39m
      [36m<h2[39m
        [33mclass[39m=[32m"text-lg font-semibold flex items-center 
gap-2"[39m
        [33mdata-slot[39m=[32m"alert-dialog-title"[39m
        [33mid[39m=[32m"radix-:r1q:"[39m
      [36m>[39m
        [36m<svg[39m
          [33mclass[39m=[32m"lucide lucide-triangle-alert h-5 w-5 
text-amber-600"[39m
          [33mfill[39m=[32m"none"[39m
          [33mheight[39m=[32m"24"[39m
          [33mstroke[39m=[32m"currentColor"[39m
          [33mstroke-linecap[39m=[32m"round"[39m
          [33mstroke-linejoin[39m=[32m"round"[39m
          [33mstroke-width[39m=[32m"2"[39m
          [33mviewBox[39m=[32m"0 0 24 24"[39m
          [33mwidth[39m=[32m"24"[39m
          [33mxmlns[39m=[32m"http://www.w3.org/2000/svg"[39m
        [36m>[39m
          [36m<path[39m
            [33md[39m=[32m"m21.73 18-8-14a2 2 0 0 0-3.48 0l-8 14A2 2 0 
0 0 4 21h16a2 2 0 0 0 1.73-3"[39m
          [36m/>[39m
          [36m<path[39m
            [33md[39m=[32m"M12 9v4"[39m
          [36m/>[39m
          [36m<path[39m
            [33md[39m=[32m"M12 17h.01"[39m
          [36m/>[39m
        [36m</svg>[39m
        [0mFinish Session[0m
      [36m</h2>[39m
      [36m<div[39m
        [33mclass[39m=[32m"text-muted-foreground text-sm space-y-3"[39m
        [33mdata-slot[39m=[32m"alert-dialog-description"[39m
        [33mid[39m=[32m"radix-:r1r:"[39m
      [36m>[39m
        [36m<p>[39m
          [0mAre you sure you want to finish your workout session for[0m
          [0m [0m
          [36m<span[39m
            [33mclass[39m=[32m"font-medium"[39m
          [36m>[39m
            [0mPush Day[0m
          [36m</span>[39m
          [0m?[0m
        [36m</p>[39m
        [36m<div[39m
          [33mclass[39m=[32m"bg-muted/50 rounded-lg p-3 space-y-2"[39m
        [36m>[39m
          [36m<div[39m
            [33mclass[39m=[32m"flex items-center justify-between"[39m
          [36m>[39m
            [36m<span[39m
              [33mclass[39m=[32m"text-sm font-medium"[39m
            [36m>[39m
              [0mProgress[0m
            [36m</span>[39m
            [36m<span[39m
              [33mclass[39m=[32m"inline-flex items-center 
justify-center rounded-md border px-2 py-0.5 text-xs font-medium w-fit 
whitespace-nowrap shrink-0 [&>svg]:size-3 gap-1 
[&>svg]:pointer-events-none focus-visible:border-ring 
focus-visible:ring-ring/50 focus-visible:ring-[3px] 
aria-invalid:ring-destructive/20 dark:aria-invalid:ring-destructive/40 
aria-invalid:border-destructive transition-[color,box-shadow] 
overflow-hidden border-transparent bg-secondary text-secondary-foreground 
[a&]:hover:bg-secondary/90"[39m
              [33mdata-slot[39m=[32m"badge"[39m
            [36m>[39m
              [0m95[0m
              [0m%[0m
            [36m</span>[39m
          [36m</div>[39m
          [36m<div[39m
            [33mclass[39m=[32m"flex items-center gap-2 text-sm"[39m
          [36m>[39m
            [36m<svg[39m
              [33mclass[39m=[32m"lucide lucide-target h-4 w-4 
text-muted-foreground"[39m
              [33mfill[39m=[32m"none"[39m
              [33mheight[39m=[32m"24"[39m
              [33mstroke[39m=[32m"currentColor"[39m
              [33mstroke-linecap[39m=[32m"round"[39m
              [33mstroke-linejoin[39m=[32m"round"[39m
              [33mstroke-width[39m=[32m"2"[39m
              [33mviewBox[39m=[32m"0 0 24 24"[39m
              [33mwidth[39m=[32m"24"[39m
              [33mxmlns[39m=[32m"http://www.w3.org/2000/svg"[39m
            [36m>[39m
              [36m<circle[39m
                [33mcx[39m=[32m"12"[39m
                [33mcy[39m=[32m"12"[39m
                [33mr[39m=[32m"10"[39m
              [36m/>[39m
              [36m<circle[39m
                [33mcx[39m=[32m"12"[39m
                [33mcy[39m=[32m"12"[39m
                [33mr[39m=[32m"6"[39m
              [36m/>[39m
              [36m<circle[39m
                [33mcx[39m=[32m"12"[39m
                [33mcy[39m=[32m"12"[39m
                [33mr[39m=[32m"2"[39m
              [36m/>[39m
            [36m</svg>[39m
            [36m<span>[39m
              [0m95[0m
              [0m of [0m
              [0m100[0m
              [0m sets completed[0m
            [36m</span>[39m
          [36m</div>[39m
          [36m<div[39m
            [33mclass[39m=[32m"flex items-center gap-2 text-sm 
text-amber-700 dark:text-amber-300"[39m
          [36m>[39m
            [36m<svg[39m
              [33mclass[39m=[32m"lucide lucide-triangle-alert h-4 
w-4"[39m
              [33mfill[39m=[32m"none"[39m
              [33mheight[39m=[32m"24"[39m
              [33mstroke[39m=[32m"currentColor"[39m
              [33mstroke-linecap[39m=[32m"round"[39m
              [33mstroke-linejoin[39m=[32m"round"[39m
              [33mstroke-width[39m=[32m"2"[39m
              [33mviewBox[39m=[32m"0 0 24 24"[39m
              [33mwidth[39m=[32m"24"[39m
              [33mxmlns[39m=[32m"http://www.w3.org/2000/svg"[39m
            [36m>[39m
              [36m<path[39m
                [33md[39m=[32m"m21.73 18-8-14a2 2 0 0 0-3.48 0l-8 14A2 
2 0 0 0 4 21h16a2 2 0 0 0 1.73-3"[39m
              [36m/>[39m
              [36m<path[39m
                [33md[39m=[32m"M12 9v4"[39m
              [36m/>[39m
              [36m<path[39m
                [33md[39m=[32m"M12 17h.01"[39m
              [36m/>[39m
            [36m</svg>[39m
            [36m<span>[39m
              [0m5[0m
              [0m set[0m
              [0ms[0m
              [0m remaining[0m
            [36m</span>[39m
          [36m</div>[39m
        [36m</div>[39m
        [36m<div[39m
          [33mclass[39m=[32m"bg-amber-50 dark:bg-amber-950/20 border 
border-amber-200 dark:border-amber-800 rounded-lg p-3"[39m
        [36m>[39m
          [36m<p[39m
            [33mclass[39m=[32m"text-sm text-amber-800 
dark:text-amber-200"[39m
          [36m>[39m
            [36m<strong>[39m
              [0mNote:[0m
            [36m</strong>[39m
            [0m Finishing with incomplete sets will still save your 
progress, but you won't get the full benefit of the workout.[0m
          [36m</p>[39m
        [36m</div>[39m
      [36m</div>[39m
    [36m</div>[39m
    [36m<div[39m
      [33mclass[39m=[32m"flex flex-col-reverse gap-2 sm:flex-row 
sm:justify-end"[39m
      [33mdata-slot[39m=[32m"alert-dialog-footer"[39m
    [36m>[39m
      [36m<button[39m
        [33mclass[39m=[32m"inline-flex items-center justify-center 
gap-2 whitespace-nowrap rounded-md text-sm font-medium transition-all 
disabled:pointer-events-none disabled:opacity-50 
[&_svg]:pointer-events-none [&_svg:not([class*='size-'])]:size-4 shrink-0 
[&_svg]:shrink-0 outline-none focus-visible:border-ring 
focus-visible:ring-ring/50 focus-visible:ring-[3px] 
aria-invalid:ring-destructive/20 dark:aria-invalid:ring-destructive/40 
aria-invalid:border-destructive active:translate-y-[1px] border 
bg-background shadow-xs hover:bg-accent hover:text-accent-foreground 
dark:bg-input/30 dark:border-input dark:hover:bg-input/50 h-9 px-4 py-2 
has-[>svg]:px-3"[39m
        [33mtype[39m=[32m"button"[39m
      [36m>[39m
        [0mCancel[0m
      [36m</button>[39m
      [36m<button[39m
        [33mclass[39m=[32m"inline-flex items-center justify-center 
gap-2 whitespace-nowrap rounded-md text-sm font-medium transition-all 
disabled:pointer-events-none disabled:opacity-50 
[&_svg]:pointer-events-none [&_svg:not([class*='size-'])]:size-4 shrink-0 
[&_svg]:shrink-0 outline-none focus-visible:border-ring 
focus-visible:ring-ring/50 focus-visible:ring-[3px] 
aria-invalid:ring-destructive/20 dark:aria-invalid:ring-destructive/40 
aria-invalid:border-destructive active:translate-y-[1px] 
text-primary-foreground shadow-xs h-9 px-4 py-2 has-[>svg]:px-3 
bg-amber-600 hover:bg-amber-700 dark:bg-amber-700 
dark:hover:bg-amber-800"[39m
        [33mtype[39m=[32m"button"[39m
      [36m>[39m
        [0mFinish Session[0m
      [36m</button>[39m
    [36m</div>[39m
  [36m</div>[39m
  [36m<span[39m
    [33maria-hidden[39m=[32m"true"[39m
    [33mdata-aria-hidden[39m=[32m"true"[39m
    [33mdata-radix-focus-guard[39m=[32m""[39m
    [33mstyle[39m=[32m"outline: none; opacity: 0; position: fixed; 
pointer-events: none;"[39m
    [33mtabindex[39m=[32m"0"[39m
  [36m/>[39m
[36m</body>[39m
[90m [2mÔØ»[22m Object.getElementError 
node_modules/@testing-library/dom/dist/config.js:[2m37:19[22m[39m
[90m [2mÔØ»[22m 
node_modules/@testing-library/dom/dist/query-helpers.js:[2m76:38[22m[39m
[90m [2mÔØ»[22m 
node_modules/@testing-library/dom/dist/query-helpers.js:[2m52:17[22m[39m
[90m [2mÔØ»[22m 
node_modules/@testing-library/dom/dist/query-helpers.js:[2m95:19[22m[39m
[36m [2mÔØ»[22m __tests__/components/workout/session-confirmation-dialog
.test.tsx:[2m250:17[22m[39m
    [90m248| [39m  
[34mrender[39m([33m<[39m[33mSessionConfirmationDialog[39m 
[33m{[39m[33m...[39mhighNumberProps[33m}[39m [33m/[39m[33m>[39m)
    [90m249| [39m
    [90m250| [39m  
[34mexpect[39m(screen[33m.[39m[34mgetByText[39m([32m'95 / 100 sets 
completed (95%)'[39m))[33m.[39m[34mtoBeInTheD[39mÔÇª
    [90m   | [39m                [31m^[39m
    [90m251| [39m })
    [90m252| [39m

[31m[2mÔÄ»ÔÄ»ÔÄ»ÔÄ»ÔÄ»ÔÄ»ÔÄ»ÔÄ»ÔÄ»ÔÄ»ÔÄ»ÔÄ»ÔÄ»ÔÄ»ÔÄ»ÔÄ»ÔÄ»ÔÄ»ÔÄ»ÔÄ»ÔÄ»ÔÄ»
[15/16]ÔÄ»[22m[39m

[31m[1m[7m FAIL [27m[22m[39m 
__tests__/components/workout/session-confirmation-dialog.test.tsx[2m > 
[22mSessionConfirmationDialog[2m > [22mshould maintain focus management 
when opening
[31m[1mTestingLibraryElementError[22m[39m: Unable to find an 
accessible element with the role "dialog"

Here are the accessible roles:

  alertdialog:

  Name "Finish Session":
  [36m<div[39m
    [33maria-describedby[39m=[32m"radix-:r1u:"[39m
    [33maria-labelledby[39m=[32m"radix-:r1t:"[39m
    [33mclass[39m=[32m"bg-background data-[state=open]:animate-in 
data-[state=closed]:animate-out data-[state=closed]:fade-out-0 
data-[state=open]:fade-in-0 data-[state=closed]:zoom-out-95 
data-[state=open]:zoom-in-95 fixed top-[50%] left-[50%] z-50 grid w-full 
translate-x-[-50%] translate-y-[-50%] gap-4 rounded-lg border p-6 
shadow-lg duration-200 sm:max-w-lg max-w-md"[39m
    [33mdata-slot[39m=[32m"alert-dialog-content"[39m
    [33mdata-state[39m=[32m"open"[39m
    [33mid[39m=[32m"radix-:r1s:"[39m
    [33mrole[39m=[32m"alertdialog"[39m
    [33mstyle[39m=[32m"pointer-events: auto;"[39m
    [33mtabindex[39m=[32m"-1"[39m
  [36m/>[39m

  --------------------------------------------------
  heading:

  Name "Finish Session":
  [36m<h2[39m
    [33mclass[39m=[32m"text-lg font-semibold flex items-center 
gap-2"[39m
    [33mdata-slot[39m=[32m"alert-dialog-title"[39m
    [33mid[39m=[32m"radix-:r1t:"[39m
  [36m/>[39m

  --------------------------------------------------
  paragraph:

  Name "":
  [36m<p />[39m

  Name "":
  [36m<p[39m
    [33mclass[39m=[32m"text-sm text-amber-800 dark:text-amber-200"[39m
  [36m/>[39m

  --------------------------------------------------
  strong:

  Name "":
  [36m<strong />[39m

  --------------------------------------------------
  button:

  Name "Cancel":
  [36m<button[39m
    [33mclass[39m=[32m"inline-flex items-center justify-center gap-2 
whitespace-nowrap rounded-md text-sm font-medium transition-all 
disabled:pointer-events-none disabled:opacity-50 
[&_svg]:pointer-events-none [&_svg:not([class*='size-'])]:size-4 shrink-0 
[&_svg]:shrink-0 outline-none focus-visible:border-ring 
focus-visible:ring-ring/50 focus-visible:ring-[3px] 
aria-invalid:ring-destructive/20 dark:aria-invalid:ring-destructive/40 
aria-invalid:border-destructive active:translate-y-[1px] border 
bg-background shadow-xs hover:bg-accent hover:text-accent-foreground 
dark:bg-input/30 dark:border-input dark:hover:bg-input/50 h-9 px-4 py-2 
has-[>svg]:px-3"[39m
    [33mtype[39m=[32m"button"[39m
  [36m/>[39m

  Name "Finish Session":
  [36m<button[39m
    [33mclass[39m=[32m"inline-flex items-center justify-center gap-2 
whitespace-nowrap rounded-md text-sm font-medium transition-all 
disabled:pointer-events-none disabled:opacity-50 
[&_svg]:pointer-events-none [&_svg:not([class*='size-'])]:size-4 shrink-0 
[&_svg]:shrink-0 outline-none focus-visible:border-ring 
focus-visible:ring-ring/50 focus-visible:ring-[3px] 
aria-invalid:ring-destructive/20 dark:aria-invalid:ring-destructive/40 
aria-invalid:border-destructive active:translate-y-[1px] 
text-primary-foreground shadow-xs h-9 px-4 py-2 has-[>svg]:px-3 
bg-amber-600 hover:bg-amber-700 dark:bg-amber-700 
dark:hover:bg-amber-800"[39m
    [33mtype[39m=[32m"button"[39m
  [36m/>[39m

  --------------------------------------------------

Ignored nodes: comments, script, style
[36m<body[39m
  [33mdata-scroll-locked[39m=[32m"1"[39m
  [33mstyle[39m=[32m"pointer-events: none;"[39m
[36m>[39m
  [36m<span[39m
    [33maria-hidden[39m=[32m"true"[39m
    [33mdata-aria-hidden[39m=[32m"true"[39m
    [33mdata-radix-focus-guard[39m=[32m""[39m
    [33mstyle[39m=[32m"outline: none; opacity: 0; position: fixed; 
pointer-events: none;"[39m
    [33mtabindex[39m=[32m"0"[39m
  [36m/>[39m
  [36m<div[39m
    [33maria-hidden[39m=[32m"true"[39m
    [33mdata-aria-hidden[39m=[32m"true"[39m
  [36m/>[39m
  [36m<div[39m
    [33maria-hidden[39m=[32m"true"[39m
    [33mclass[39m=[32m"data-[state=open]:animate-in 
data-[state=closed]:animate-out data-[state=closed]:fade-out-0 
data-[state=open]:fade-in-0 fixed inset-0 z-50 bg-black/50"[39m
    [33mdata-aria-hidden[39m=[32m"true"[39m
    [33mdata-slot[39m=[32m"alert-dialog-overlay"[39m
    [33mdata-state[39m=[32m"open"[39m
    [33mstyle[39m=[32m"pointer-events: auto;"[39m
  [36m/>[39m
  [36m<div[39m
    [33maria-describedby[39m=[32m"radix-:r1u:"[39m
    [33maria-labelledby[39m=[32m"radix-:r1t:"[39m
    [33mclass[39m=[32m"bg-background data-[state=open]:animate-in 
data-[state=closed]:animate-out data-[state=closed]:fade-out-0 
data-[state=open]:fade-in-0 data-[state=closed]:zoom-out-95 
data-[state=open]:zoom-in-95 fixed top-[50%] left-[50%] z-50 grid w-full 
translate-x-[-50%] translate-y-[-50%] gap-4 rounded-lg border p-6 
shadow-lg duration-200 sm:max-w-lg max-w-md"[39m
    [33mdata-slot[39m=[32m"alert-dialog-content"[39m
    [33mdata-state[39m=[32m"open"[39m
    [33mid[39m=[32m"radix-:r1s:"[39m
    [33mrole[39m=[32m"alertdialog"[39m
    [33mstyle[39m=[32m"pointer-events: auto;"[39m
    [33mtabindex[39m=[32m"-1"[39m
  [36m>[39m
    [36m<div[39m
      [33mclass[39m=[32m"flex flex-col gap-2 text-center 
sm:text-left"[39m
      [33mdata-slot[39m=[32m"alert-dialog-header"[39m
    [36m>[39m
      [36m<h2[39m
        [33mclass[39m=[32m"text-lg font-semibold flex items-center 
gap-2"[39m
        [33mdata-slot[39m=[32m"alert-dialog-title"[39m
        [33mid[39m=[32m"radix-:r1t:"[39m
      [36m>[39m
        [36m<svg[39m
          [33mclass[39m=[32m"lucide lucide-triangle-alert h-5 w-5 
text-amber-600"[39m
          [33mfill[39m=[32m"none"[39m
          [33mheight[39m=[32m"24"[39m
          [33mstroke[39m=[32m"currentColor"[39m
          [33mstroke-linecap[39m=[32m"round"[39m
          [33mstroke-linejoin[39m=[32m"round"[39m
          [33mstroke-width[39m=[32m"2"[39m
          [33mviewBox[39m=[32m"0 0 24 24"[39m
          [33mwidth[39m=[32m"24"[39m
          [33mxmlns[39m=[32m"http://www.w3.org/2000/svg"[39m
        [36m>[39m
          [36m<path[39m
            [33md[39m=[32m"m21.73 18-8-14a2 2 0 0 0-3.48 0l-8 14A2 2 0 
0 0 4 21h16a2 2 0 0 0 1.73-3"[39m
          [36m/>[39m
          [36m<path[39m
            [33md[39m=[32m"M12 9v4"[39m
          [36m/>[39m
          [36m<path[39m
            [33md[39m=[32m"M12 17h.01"[39m
          [36m/>[39m
        [36m</svg>[39m
        [0mFinish Session[0m
      [36m</h2>[39m
      [36m<div[39m
        [33mclass[39m=[32m"text-muted-foreground text-sm space-y-3"[39m
        [33mdata-slot[39m=[32m"alert-dialog-description"[39m
        [33mid[39m=[32m"radix-:r1u:"[39m
      [36m>[39m
        [36m<p>[39m
          [0mAre you sure you want to finish your workout session for[0m
          [0m [0m
          [36m<span[39m
            [33mclass[39m=[32m"font-medium"[39m
          [36m>[39m
            [0mPush Day[0m
          [36m</span>[39m
          [0m?[0m
        [36m</p>[39m
        [36m<div[39m
          [33mclass[39m=[32m"bg-muted/50 rounded-lg p-3 space-y-2"[39m
        [36m>[39m
          [36m<div[39m
            [33mclass[39m=[32m"flex items-center justify-between"[39m
          [36m>[39m
            [36m<span[39m
              [33mclass[39m=[32m"text-sm font-medium"[39m
            [36m>[39m
              [0mProgress[0m
            [36m</span>[39m
            [36m<span[39m
              [33mclass[39m=[32m"inline-flex items-center 
justify-center rounded-md border px-2 py-0.5 text-xs font-medium w-fit 
whitespace-nowrap shrink-0 [&>svg]:size-3 gap-1 
[&>svg]:pointer-events-none focus-visible:border-ring 
focus-visible:ring-ring/50 focus-visible:ring-[3px] 
aria-invalid:ring-destructive/20 dark:aria-invalid:ring-destructive/40 
aria-invalid:border-destructive transition-[color,box-shadow] 
overflow-hidden border-transparent bg-secondary text-secondary-foreground 
[a&]:hover:bg-secondary/90"[39m
              [33mdata-slot[39m=[32m"badge"[39m
            [36m>[39m
              [0m67[0m
              [0m%[0m
            [36m</span>[39m
          [36m</div>[39m
          [36m<div[39m
            [33mclass[39m=[32m"flex items-center gap-2 text-sm"[39m
          [36m>[39m
            [36m<svg[39m
              [33mclass[39m=[32m"lucide lucide-target h-4 w-4 
text-muted-foreground"[39m
              [33mfill[39m=[32m"none"[39m
              [33mheight[39m=[32m"24"[39m
              [33mstroke[39m=[32m"currentColor"[39m
              [33mstroke-linecap[39m=[32m"round"[39m
              [33mstroke-linejoin[39m=[32m"round"[39m
              [33mstroke-width[39m=[32m"2"[39m
              [33mviewBox[39m=[32m"0 0 24 24"[39m
              [33mwidth[39m=[32m"24"[39m
              [33mxmlns[39m=[32m"http://www.w3.org/2000/svg"[39m
            [36m>[39m
              [36m<circle[39m
                [33mcx[39m=[32m"12"[39m
                [33mcy[39m=[32m"12"[39m
                [33mr[39m=[32m"10"[39m
              [36m/>[39m
              [36m<circle[39m
                [33mcx[39m=[32m"12"[39m
                [33mcy[39m=[32m"12"[39m
                [33mr[39m=[32m"6"[39m
              [36m/>[39m
              [36m<circle[39m
                [33mcx[39m=[32m"12"[39m
                [33mcy[39m=[32m"12"[39m
                [33mr[39m=[32m"2"[39m
              [36m/>[39m
            [36m</svg>[39m
[2m Test Files [22m [1m[31m1 failed[39m[22m[90m (1)[39m
[2m      Tests [22m [1m[31m16 failed[39m[22m[2m | [22m[1m[32m6 passed[39m[22m[90m (22)[39m
[2m   Start at [22m 00:58:35
[2m   Duration [22m 11.66s[2m (transform 305ms, setup 504ms, collect 1.55s, tests 1.69s, environment 2.39s, prepare 359ms)[22m

            [36m<span>[39m
              [0m8[0m
              [0m of [0m
              [0m12[0m
              [0m sets completed[0m
            [36m</span>[39m
          [36m</div>[39m
          [36m<div[39m
            [33mclass[39m=[32m"flex items-center gap-2 text-sm 
text-amber-700 dark:text-amber-300"[39m
          [36m>[39m
            [36m<svg[39m
              [33mclass[39m=[32m"lucide lucide-triangle-alert h-4 
w-4"[39m
              [33mfill[39m=[32m"none"[39m
              [33mheight[39m=[32m"24"[39m
              [33mstroke[39m=[32m"currentColor"[39m
              [33mstroke-linecap[39m=[32m"round"[39m
              [33mstroke-linejoin[39m=[32m"round"[39m
              [33mstroke-width[39m=[32m"2"[39m
              [33mviewBox[39m=[32m"0 0 24 24"[39m
              [33mwidth[39m=[32m"24"[39m
              [33mxmlns[39m=[32m"http://www.w3.org/2000/svg"[39m
            [36m>[39m
              [36m<path[39m
                [33md[39m=[32m"m21.73 18-8-14a2 2 0 0 0-3.48 0l-8 14A2 
2 0 0 0 4 21h16a2 2 0 0 0 1.73-3"[39m
              [36m/>[39m
              [36m<path[39m
                [33md[39m=[32m"M12 9v4"[39m
              [36m/>[39m
              [36m<path[39m
                [33md[39m=[32m"M12 17h.01"[39m
              [36m/>[39m
            [36m</svg>[39m
            [36m<span>[39m
              [0m4[0m
              [0m set[0m
              [0ms[0m
              [0m remaining[0m
            [36m</span>[39m
          [36m</div>[39m
        [36m</div>[39m
        [36m<div[39m
          [33mclass[39m=[32m"bg-amber-50 dark:bg-amber-950/20 border 
border-amber-200 dark:border-amber-800 rounded-lg p-3"[39m
        [36m>[39m
          [36m<p[39m
            [33mclass[39m=[32m"text-sm text-amber-800 
dark:text-amber-200"[39m
          [36m>[39m
            [36m<strong>[39m
              [0mNote:[0m
            [36m</strong>[39m
            [0m Finishing with incomplete sets will still save your 
progress, but you won't get the full benefit of the workout.[0m
          [36m</p>[39m
        [36m</div>[39m
      [36m</div>[39m
    [36m</div>[39m
    [36m<div[39m
      [33mclass[39m=[32m"flex flex-col-reverse gap-2 sm:flex-row 
sm:justify-end"[39m
      [33mdata-slot[39m=[32m"alert-dialog-footer"[39m
    [36m>[39m
      [36m<button[39m
        [33mclass[39m=[32m"inline-flex items-center justify-center 
gap-2 whitespace-nowrap rounded-md text-sm font-medium transition-all 
disabled:pointer-events-none disabled:opacity-50 
[&_svg]:pointer-events-none [&_svg:not([class*='size-'])]:size-4 shrink-0 
[&_svg]:shrink-0 outline-none focus-visible:border-ring 
focus-visible:ring-ring/50 focus-visible:ring-[3px] 
aria-invalid:ring-destructive/20 dark:aria-invalid:ring-destructive/40 
aria-invalid:border-destructive active:translate-y-[1px] border 
bg-background shadow-xs hover:bg-accent hover:text-accent-foreground 
dark:bg-input/30 dark:border-input dark:hover:bg-input/50 h-9 px-4 py-2 
has-[>svg]:px-3"[39m
        [33mtype[39m=[32m"button"[39m
      [36m>[39m
        [0mCancel[0m
      [36m</button>[39m
      [36m<button[39m
        [33mclass[39m=[32m"inline-flex items-center justify-center 
gap-2 whitespace-nowrap rounded-md text-sm font-medium transition-all 
disabled:pointer-events-none disabled:opacity-50 
[&_svg]:pointer-events-none [&_svg:not([class*='size-'])]:size-4 shrink-0 
[&_svg]:shrink-0 outline-none focus-visible:border-ring 
focus-visible:ring-ring/50 focus-visible:ring-[3px] 
aria-invalid:ring-destructive/20 dark:aria-invalid:ring-destructive/40 
aria-invalid:border-destructive active:translate-y-[1px] 
text-primary-foreground shadow-xs h-9 px-4 py-2 has-[>svg]:px-3 
bg-amber-600 hover:bg-amber-700 dark:bg-amber-700 
dark:hover:bg-amber-800"[39m
        [33mtype[39m=[32m"button"[39m
      [36m>[39m
        [0mFinish Session[0m
      [36m</button>[39m
    [36m</div>[39m
  [36m</div>[39m
  [36m<span[39m
    [33maria-hidden[39m=[32m"true"[39m
    [33mdata-aria-hidden[39m=[32m"true"[39m
    [33mdata-radix-focus-guard[39m=[32m""[39m
    [33mstyle[39m=[32m"outline: none; opacity: 0; position: fixed; 
pointer-events: none;"[39m
    [33mtabindex[39m=[32m"0"[39m
  [36m/>[39m
[36m</body>[39m
[90m [2mÔØ»[22m Object.getElementError 
node_modules/@testing-library/dom/dist/config.js:[2m37:19[22m[39m
[90m [2mÔØ»[22m 
node_modules/@testing-library/dom/dist/query-helpers.js:[2m76:38[22m[39m
[90m [2mÔØ»[22m 
node_modules/@testing-library/dom/dist/query-helpers.js:[2m52:17[22m[39m
[90m [2mÔØ»[22m 
node_modules/@testing-library/dom/dist/query-helpers.js:[2m95:19[22m[39m
[36m [2mÔØ»[22m __tests__/components/workout/session-confirmation-dialog
.test.tsx:[2m262:25[22m[39m
    [90m260| [39m
    [90m261| [39m  [90m// Focus should be managed by the dialog 
(usually on the first focus[39mÔÇª
    [90m262| [39m  [35mconst[39m dialog [33m=[39m 
screen[33m.[39m[34mgetByRole[39m([32m'dialog'[39m)
    [90m   | [39m                        [31m^[39m
    [90m263| [39m  
[34mexpect[39m(dialog)[33m.[39m[34mtoBeInTheDocument[39m()
    [90m264| [39m })

[31m[2mÔÄ»ÔÄ»ÔÄ»ÔÄ»ÔÄ»ÔÄ»ÔÄ»ÔÄ»ÔÄ»ÔÄ»ÔÄ»ÔÄ»ÔÄ»ÔÄ»ÔÄ»ÔÄ»ÔÄ»ÔÄ»ÔÄ»ÔÄ»ÔÄ»ÔÄ»
[16/16]ÔÄ»[22m[39m

